Archive member included to satisfy reference by file (symbol)

app/libapp.a(main.c.obj)      (--whole-archive)
zephyr/libzephyr.a(validate_libc.c.obj)
                              (--whole-archive)
zephyr/libzephyr.a(heap.c.obj)
                              (--whole-archive)
zephyr/libzephyr.a(cbprintf_packaged.c.obj)
                              (--whole-archive)
zephyr/libzephyr.a(clock.c.obj)
                              (--whole-archive)
zephyr/libzephyr.a(printk.c.obj)
                              (--whole-archive)
zephyr/libzephyr.a(sem.c.obj)
                              (--whole-archive)
zephyr/libzephyr.a(thread_entry.c.obj)
                              (--whole-archive)
zephyr/libzephyr.a(cbprintf_complete.c.obj)
                              (--whole-archive)
zephyr/libzephyr.a(assert.c.obj)
                              (--whole-archive)
zephyr/libzephyr.a(dec.c.obj)
                              (--whole-archive)
zephyr/libzephyr.a(hex.c.obj)
                              (--whole-archive)
zephyr/libzephyr.a(rb.c.obj)  (--whole-archive)
zephyr/libzephyr.a(timeutil.c.obj)
                              (--whole-archive)
zephyr/libzephyr.a(bitarray.c.obj)
                              (--whole-archive)
zephyr/libzephyr.a(bitmask.c.obj)
                              (--whole-archive)
zephyr/libzephyr.a(onoff.c.obj)
                              (--whole-archive)
zephyr/libzephyr.a(notify.c.obj)
                              (--whole-archive)
zephyr/libzephyr.a(ring_buffer.c.obj)
                              (--whole-archive)
zephyr/libzephyr.a(last_section_id.c.obj)
                              (--whole-archive)
zephyr/libzephyr.a(configs.c.obj)
                              (--whole-archive)
zephyr/libzephyr.a(thread_info.c.obj)
                              (--whole-archive)
zephyr/libzephyr.a(mem_attr.c.obj)
                              (--whole-archive)
zephyr/libzephyr.a(tracing_none.c.obj)
                              (--whole-archive)
zephyr/libzephyr.a(cdc_acm_serial.c.obj)
                              (--whole-archive)
zephyr/libzephyr.a(banner.c.obj)
                              (--whole-archive)
zephyr/libzephyr.a(nrf_cc3xx_platform_abort_zephyr.c.obj)
                              (--whole-archive)
zephyr/libzephyr.a(nrf_cc3xx_platform_mutex_zephyr.c.obj)
                              (--whole-archive)
zephyr/arch/common/libarch__common.a(sw_isr_common.c.obj)
                              (--whole-archive)
zephyr/arch/common/libarch__common.a(init.c.obj)
                              (--whole-archive)
zephyr/arch/common/libarch__common.a(xip.c.obj)
                              (--whole-archive)
zephyr/arch/arch/arm/core/libarch__arm__core.a(fatal.c.obj)
                              (--whole-archive)
zephyr/arch/arch/arm/core/libarch__arm__core.a(nmi.c.obj)
                              (--whole-archive)
zephyr/arch/arch/arm/core/libarch__arm__core.a(nmi_on_reset.S.obj)
                              (--whole-archive)
zephyr/arch/arch/arm/core/libarch__arm__core.a(tls.c.obj)
                              (--whole-archive)
zephyr/arch/arch/arm/core/cortex_m/libarch__arm__core__cortex_m.a(exc_exit.c.obj)
                              (--whole-archive)
zephyr/arch/arch/arm/core/cortex_m/libarch__arm__core__cortex_m.a(fault.c.obj)
                              (--whole-archive)
zephyr/arch/arch/arm/core/cortex_m/libarch__arm__core__cortex_m.a(fault_s.S.obj)
                              (--whole-archive)
zephyr/arch/arch/arm/core/cortex_m/libarch__arm__core__cortex_m.a(fpu.c.obj)
                              (--whole-archive)
zephyr/arch/arch/arm/core/cortex_m/libarch__arm__core__cortex_m.a(reset.S.obj)
                              (--whole-archive)
zephyr/arch/arch/arm/core/cortex_m/libarch__arm__core__cortex_m.a(scb.c.obj)
                              (--whole-archive)
zephyr/arch/arch/arm/core/cortex_m/libarch__arm__core__cortex_m.a(thread_abort.c.obj)
                              (--whole-archive)
zephyr/arch/arch/arm/core/cortex_m/libarch__arm__core__cortex_m.a(vector_table.S.obj)
                              (--whole-archive)
zephyr/arch/arch/arm/core/cortex_m/libarch__arm__core__cortex_m.a(swap_helper.S.obj)
                              (--whole-archive)
zephyr/arch/arch/arm/core/cortex_m/libarch__arm__core__cortex_m.a(irq_manage.c.obj)
                              (--whole-archive)
zephyr/arch/arch/arm/core/cortex_m/libarch__arm__core__cortex_m.a(prep_c.c.obj)
                              (--whole-archive)
zephyr/arch/arch/arm/core/cortex_m/libarch__arm__core__cortex_m.a(thread.c.obj)
                              (--whole-archive)
zephyr/arch/arch/arm/core/cortex_m/libarch__arm__core__cortex_m.a(cpu_idle.c.obj)
                              (--whole-archive)
zephyr/arch/arch/arm/core/cortex_m/libarch__arm__core__cortex_m.a(irq_init.c.obj)
                              (--whole-archive)
[...]
Memory Configuration

Name             Origin             Length             Attributes
FLASH            0x0000000000001000 0x00000000000ff000 xr
RAM              0x0000000020000000 0x0000000000040000 xw
IDT_LIST         0x00000000ffff7fff 0x0000000000008000 xw
*default*        0x0000000000000000 0xffffffffffffffff

Linker script and memory map

                0x00000000000094e0                vfprintf = __l_vfprintf
                0x0000000000000000                vfscanf = __l_vfscanf
LOAD zephyr/CMakeFiles/zephyr_final.dir/misc/empty_file.c.obj
LOAD zephyr/CMakeFiles/zephyr_final.dir/isr_tables.c.obj
LOAD zephyr/CMakeFiles/offsets.dir/./arch/arm/core/offsets/offsets.c.obj
LOAD app/libapp.a
LOAD zephyr/libzephyr.a
LOAD zephyr/arch/common/libarch__common.a
LOAD zephyr/arch/arch/arm/core/libarch__arm__core.a
LOAD zephyr/arch/arch/arm/core/cortex_m/libarch__arm__core__cortex_m.a
LOAD zephyr/arch/arch/arm/core/mpu/libarch__arm__core__mpu.a
LOAD zephyr/lib/libc/picolibc/liblib__libc__picolibc.a
LOAD zephyr/lib/libc/common/liblib__libc__common.a
LOAD zephyr/lib/net_buf/liblib__net_buf.a
LOAD zephyr/soc/soc/nrf52840/libsoc__nordic.a
LOAD zephyr/boards/nordic/nrf52840dongle/libboards__nordic__nrf52840dongle.a
LOAD zephyr/subsys/usb/device_next/libsubsys__usb__device_next.a
LOAD zephyr/drivers/usb/udc/libdrivers__usb__udc.a
LOAD zephyr/drivers/usb/common/nrf_usbd_common/libdrivers__usb__common__nrf_usbd_common.a
LOAD zephyr/drivers/adc/libdrivers__adc.a
LOAD zephyr/drivers/clock_control/libdrivers__clock_control.a
LOAD zephyr/drivers/console/libdrivers__console.a
LOAD zephyr/drivers/gpio/libdrivers__gpio.a
LOAD zephyr/drivers/hwinfo/libdrivers__hwinfo.a
LOAD zephyr/drivers/pinctrl/libdrivers__pinctrl.a
LOAD zephyr/drivers/pwm/libdrivers__pwm.a
LOAD zephyr/drivers/serial/libdrivers__serial.a
LOAD zephyr/drivers/timer/libdrivers__timer.a
LOAD modules/nrf/drivers/hw_cc3xx/lib..__nrf__drivers__hw_cc3xx.a
LOAD modules/hal_nordic/modules/hal_nordic/nrfx/libmodules__hal_nordic__nrfx.a
LOAD zephyr/kernel/libkernel.a
LOAD zephyr/arch/common/libisr_tables.a
LOAD C:/ncs/v3.2.1/nrfxlib/crypto/nrf_cc310_platform/lib/cortex-m4/soft-float/no-interrupts/libnrf_cc310_platform_0.9.19.a
LOAD c:\ncs\toolchains\66cdf9b75e\opt\zephyr-sdk\arm-zephyr-eabi\bin\../lib/gcc/../../picolibc/arm-zephyr-eabi/lib/thumb/v7e-m/nofp\libc.a
LOAD c:/ncs/toolchains/66cdf9b75e/opt/zephyr-sdk/arm-zephyr-eabi/bin/../lib/gcc/arm-zephyr-eabi/12.2.0/thumb/v7e-m/nofp\libgcc.a
                0x0000000000000020                _region_min_align = 0x20

.rel.plt        0x0000000000001000        0x0
 *(SORT_BY_ALIGNMENT(.rel.plt))
                [!provide]                        PROVIDE (__rel_iplt_start = .)
 *(SORT_BY_ALIGNMENT(.rel.iplt))
 .rel.iplt      0x0000000000001000        0x0 zephyr/CMakeFiles/zephyr_final.dir/isr_tables.c.obj
                [!provide]                        PROVIDE (__rel_iplt_end = .)

.rela.plt       0x0000000000000000        0x0
 *(SORT_BY_ALIGNMENT(.rela.plt))
                [!provide]                        PROVIDE (__rela_iplt_start = .)
 *(SORT_BY_ALIGNMENT(.rela.iplt))
                [!provide]                        PROVIDE (__rela_iplt_end = .)

.rel.dyn
 *(SORT_BY_ALIGNMENT(.rel.*))

.rela.dyn
 *(SORT_BY_ALIGNMENT(.rela.*))

/DISCARD/
 *(SORT_BY_ALIGNMENT(.plt))

/DISCARD/
 *(SORT_BY_ALIGNMENT(.iplt))
                0x0000000000001000                __rom_region_start = 0x1000

rom_start       0x0000000000001000      0x100
                0x0000000000001000                __rom_start_address = .
 FILL mask 0x00
                0x0000000000001000                . = (. + (0x0 - (. - __rom_start_address)))
                0x0000000000001000                . = ALIGN (0x4)
                0x0000000000001000                . = ALIGN (0x80)
                0x0000000000001000                . = ALIGN (0x100)
                0x0000000000001000                _vector_start = .
 *(SORT_BY_ALIGNMENT(.exc_vector_table))
 *(SORT_BY_ALIGNMENT(.exc_vector_table.*))
 .exc_vector_table._vector_table_section
                0x0000000000001000       0x40 zephyr/arch/arch/arm/core/cortex_m/libarch__arm__core__cortex_m.a(vector_table.S.obj)
                0x0000000000001000                _vector_table
 *(SORT_BY_ALIGNMENT(.vectors))
                0x0000000000001100                _vector_end = .
                0x0000000000001040                . = ALIGN (0x4)
 *(SORT_BY_ALIGNMENT(.gnu.linkonce.irq_vector_table*))
 .gnu.linkonce.irq_vector_table
                0x0000000000001040       0xc0 zephyr/CMakeFiles/zephyr_final.dir/isr_tables.c.obj
                0x0000000000001040                _irq_vector_table
                0x0000000000001100                _vector_end = .

text            0x0000000000001100     0xc7fc
                0x0000000000001100                __text_region_start = .
 *(SORT_BY_ALIGNMENT(.text))
 .text          0x0000000000001100       0xa0 c:/ncs/toolchains/66cdf9b75e/opt/zephyr-sdk/arm-zephyr-eabi/bin/../lib/gcc/arm-zephyr-eabi/12.2.0/thumb/v7e-m/nofp\libgcc.a(_aeabi_ldivmod.o)
                0x0000000000001100                __aeabi_ldivmod
 .text          0x00000000000011a0       0x30 c:/ncs/toolchains/66cdf9b75e/opt/zephyr-sdk/arm-zephyr-eabi/bin/../lib/gcc/arm-zephyr-eabi/12.2.0/thumb/v7e-m/nofp\libgcc.a(_aeabi_uldivmod.o)
                0x00000000000011a0                __aeabi_uldivmod
 .text          0x00000000000011d0        0x4 c:/ncs/toolchains/66cdf9b75e/opt/zephyr-sdk/arm-zephyr-eabi/bin/../lib/gcc/arm-zephyr-eabi/12.2.0/thumb/v7e-m/nofp\libgcc.a(_dvmd_tls.o)
                0x00000000000011d0                __aeabi_idiv0
                0x00000000000011d0                __aeabi_ldiv0
 .text          0x00000000000011d4       0x14 c:\ncs\toolchains\66cdf9b75e\opt\zephyr-sdk\arm-zephyr-eabi\bin\../lib/gcc/../../picolibc/arm-zephyr-eabi/lib/thumb/v7e-m/nofp\libc.a(strcmp.S.o)
                0x00000000000011d4                strcmp
 .text          0x00000000000011e8      0x2a0 c:/ncs/toolchains/66cdf9b75e/opt/zephyr-sdk/arm-zephyr-eabi/bin/../lib/gcc/arm-zephyr-eabi/12.2.0/thumb/v7e-m/nofp\libgcc.a(_udivmoddi4.o)
                0x00000000000011e8                __udivmoddi4
 *(SORT_BY_ALIGNMENT(.text.*))
 .text.nrf_gpio_pin_port_decode
                0x0000000000001488       0x20 app/libapp.a(main.c.obj)
 .text.get_led_state
                0x00000000000014a8       0x3c app/libapp.a(main.c.obj)
 .text.gpiote_toggle_init
                0x00000000000014e4       0x84 app/libapp.a(main.c.obj)
 .text.update_IDAC_ctrl
                0x0000000000001568       0x50 app/libapp.a(main.c.obj)
                0x0000000000001568                update_IDAC_ctrl
 .text.ppg_thread
                0x00000000000015b8      0x28c app/libapp.a(main.c.obj)
 .text.main     0x0000000000001844      0x3c4 app/libapp.a(main.c.obj)
                0x0000000000001844                main
 .text.char_out
                0x0000000000001c08        0xc zephyr/libzephyr.a(printk.c.obj)
 .text.__printk_hook_install
                0x0000000000001c14        0xc zephyr/libzephyr.a(printk.c.obj)
                0x0000000000001c14                __printk_hook_install
 .text.vprintk  0x0000000000001c20       0x30 zephyr/libzephyr.a(printk.c.obj)
                0x0000000000001c20                vprintk
 .text.z_thread_entry
                0x0000000000001c50       0x34 zephyr/libzephyr.a(thread_entry.c.obj)
                0x0000000000001c50                z_thread_entry
 .text.process_event
                0x0000000000001c84      0x21c zephyr/libzephyr.a(onoff.c.obj)
 .text.mem_attr_get_regions
                0x0000000000001ea0        0xc zephyr/libzephyr.a(mem_attr.c.obj)
                0x0000000000001ea0                mem_attr_get_regions
 .text.cdc_acm_serial_init_device
                0x0000000000001eac       0x8c zephyr/libzephyr.a(cdc_acm_serial.c.obj)
 .text.boot_banner
                0x0000000000001f38       0x1c zephyr/libzephyr.a(banner.c.obj)
                0x0000000000001f38                boot_banner
 .text.nrf_cc3xx_platform_abort_init
                0x0000000000001f54        0xc zephyr/libzephyr.a(nrf_cc3xx_platform_abort_zephyr.c.obj)
                0x0000000000001f54                nrf_cc3xx_platform_abort_init
 .text.mutex_free_platform
                0x0000000000001f60       0x54 zephyr/libzephyr.a(nrf_cc3xx_platform_mutex_zephyr.c.obj)
 .text.mutex_lock_platform
                0x0000000000001fb4       0x60 zephyr/libzephyr.a(nrf_cc3xx_platform_mutex_zephyr.c.obj)
 .text.mutex_unlock_platform
                0x0000000000002014       0x58 zephyr/libzephyr.a(nrf_cc3xx_platform_mutex_zephyr.c.obj)
 .text.mutex_init_platform
                0x000000000000206c       0x94 zephyr/libzephyr.a(nrf_cc3xx_platform_mutex_zephyr.c.obj)
 .text.nrf_cc3xx_platform_mutex_init
                0x0000000000002100       0x2c zephyr/libzephyr.a(nrf_cc3xx_platform_mutex_zephyr.c.obj)
                0x0000000000002100                nrf_cc3xx_platform_mutex_init
 .text.arch_bss_zero
                0x000000000000212c       0x18 zephyr/arch/common/libarch__common.a(init.c.obj)
                0x000000000000212c                arch_bss_zero
 .text.arch_data_copy
                0x0000000000002144       0x38 zephyr/arch/common/libarch__common.a(xip.c.obj)
                0x0000000000002144                arch_data_copy
 .text.z_arm_fatal_error
                0x000000000000217c       0x60 zephyr/arch/arch/arm/core/libarch__arm__core.a(fatal.c.obj)
                0x000000000000217c                z_arm_fatal_error
 .text.z_SysNmiOnReset
                0x00000000000021dc        0x8 zephyr/arch/arch/arm/core/libarch__arm__core.a(nmi_on_reset.S.obj)
                0x00000000000021dc                z_SysNmiOnReset
 .text.arch_tls_stack_setup
                0x00000000000021e4       0x40 zephyr/arch/arch/arm/core/libarch__arm__core.a(tls.c.obj)
                0x00000000000021e4                arch_tls_stack_setup
 .text._HandlerModeExit
                0x0000000000002224       0x20 zephyr/arch/arch/arm/core/cortex_m/libarch__arm__core__cortex_m.a(exc_exit.c.obj)
                0x0000000000002224                z_arm_int_exit
                0x0000000000002224                z_arm_exc_exit
 .text.mem_manage_fault
                0x0000000000002244       0xf0 zephyr/arch/arch/arm/core/cortex_m/libarch__arm__core__cortex_m.a(fault.c.obj)
 .text.usage_fault.constprop.0
                0x0000000000002334       0x98 zephyr/arch/arch/arm/core/cortex_m/libarch__arm__core__cortex_m.a(fault.c.obj)
 .text.bus_fault.constprop.0
                0x00000000000023cc       0xb8 zephyr/arch/arch/arm/core/cortex_m/libarch__arm__core__cortex_m.a(fault.c.obj)
 .text.z_arm_fault
                0x0000000000002484      0x1a0 zephyr/arch/arch/arm/core/cortex_m/libarch__arm__core__cortex_m.a(fault.c.obj)
                0x0000000000002484                z_arm_fault
 .text.z_arm_fault_init
                0x0000000000002624       0x18 zephyr/arch/arch/arm/core/cortex_m/libarch__arm__core__cortex_m.a(fault.c.obj)
                0x0000000000002624                z_arm_fault_init
 .text.__fault  0x000000000000263c       0x14 zephyr/arch/arch/arm/core/cortex_m/libarch__arm__core__cortex_m.a(fault_s.S.obj)
                0x000000000000263c                z_arm_usage_fault
                0x000000000000263c                z_arm_mpu_fault
                0x000000000000263c                z_arm_exc_spurious
                0x000000000000263c                z_arm_debug_monitor
                0x000000000000263c                z_arm_hard_fault
                0x000000000000263c                z_arm_bus_fault
 .text._reset_section
                0x0000000000002650       0x60 zephyr/arch/arch/arm/core/cortex_m/libarch__arm__core__cortex_m.a(reset.S.obj)
                0x0000000000002650                __start
                0x0000000000002650                z_arm_reset
 .text.z_arm_clear_arm_mpu_config
                0x00000000000026b0       0x24 zephyr/arch/arch/arm/core/cortex_m/libarch__arm__core__cortex_m.a(scb.c.obj)
                0x00000000000026b0                z_arm_clear_arm_mpu_config
 .text.z_arm_init_arch_hw_at_boot
                0x00000000000026d4       0x64 zephyr/arch/arch/arm/core/cortex_m/libarch__arm__core__cortex_m.a(scb.c.obj)
                0x00000000000026d4                z_arm_init_arch_hw_at_boot
 .text.z_impl_k_thread_abort
                0x0000000000002738       0x2c zephyr/arch/arch/arm/core/cortex_m/libarch__arm__core__cortex_m.a(thread_abort.c.obj)
                0x0000000000002738                z_impl_k_thread_abort
 .text.z_arm_pendsv
                0x0000000000002764       0x64 zephyr/arch/arch/arm/core/cortex_m/libarch__arm__core__cortex_m.a(swap_helper.S.obj)
                0x0000000000002764                z_arm_pendsv
 .text.z_arm_svc
                0x00000000000027c8       0x24 zephyr/arch/arch/arm/core/cortex_m/libarch__arm__core__cortex_m.a(swap_helper.S.obj)
                0x00000000000027c8                z_arm_svc
 .text.arm_irq_enable
                0x00000000000027ec       0x1c zephyr/arch/arch/arm/core/cortex_m/libarch__arm__core__cortex_m.a(irq_manage.c.obj)
                0x00000000000027ec                arm_irq_enable
 .text.arm_irq_disable
                0x0000000000002808       0x28 zephyr/arch/arch/arm/core/cortex_m/libarch__arm__core__cortex_m.a(irq_manage.c.obj)
                0x0000000000002808                arm_irq_disable
 .text.arm_irq_is_enabled
                0x0000000000002830       0x1c zephyr/arch/arch/arm/core/cortex_m/libarch__arm__core__cortex_m.a(irq_manage.c.obj)
                0x0000000000002830                arm_irq_is_enabled
 .text.arm_irq_priority_set
                0x000000000000284c       0x30 zephyr/arch/arch/arm/core/cortex_m/libarch__arm__core__cortex_m.a(irq_manage.c.obj)
                0x000000000000284c                arm_irq_priority_set
 .text.relocate_vector_table
                0x000000000000287c       0x1c zephyr/arch/arch/arm/core/cortex_m/libarch__arm__core__cortex_m.a(prep_c.c.obj)
                0x000000000000287c                relocate_vector_table
 .text.z_prep_c
                0x0000000000002898       0x28 zephyr/arch/arch/arm/core/cortex_m/libarch__arm__core__cortex_m.a(prep_c.c.obj)
                0x0000000000002898                z_prep_c
 .text.arch_new_thread
                0x00000000000028c0       0x38 zephyr/arch/arch/arm/core/cortex_m/libarch__arm__core__cortex_m.a(thread.c.obj)
                0x00000000000028c0                arch_new_thread
 .text.z_check_thread_stack_fail
                0x00000000000028f8       0x30 zephyr/arch/arch/arm/core/cortex_m/libarch__arm__core__cortex_m.a(thread.c.obj)
                0x00000000000028f8                z_check_thread_stack_fail
 .text.arch_switch_to_main_thread
                0x0000000000002928       0x40 zephyr/arch/arch/arm/core/cortex_m/libarch__arm__core__cortex_m.a(thread.c.obj)
                0x0000000000002928                arch_switch_to_main_thread
 .text.z_arm_cpu_idle_init
                0x0000000000002968        0xc zephyr/arch/arch/arm/core/cortex_m/libarch__arm__core__cortex_m.a(cpu_idle.c.obj)
                0x0000000000002968                z_arm_cpu_idle_init
 .text.z_arm_interrupt_init
                0x0000000000002974       0x18 zephyr/arch/arch/arm/core/cortex_m/libarch__arm__core__cortex_m.a(irq_init.c.obj)
                0x0000000000002974                z_arm_interrupt_init
 .text._isr_wrapper
                0x000000000000298c       0x24 zephyr/arch/arch/arm/core/cortex_m/libarch__arm__core__cortex_m.a(isr_wrapper.c.obj)
                0x000000000000298c                _isr_wrapper
 .text.z_arm_configure_static_mpu_regions
                0x00000000000029b0       0x18 zephyr/arch/arch/arm/core/mpu/libarch__arm__core__mpu.a(arm_core_mpu.c.obj)
                0x00000000000029b0                z_arm_configure_static_mpu_regions
 .text.z_arm_configure_dynamic_mpu_regions
                0x00000000000029c8       0x24 zephyr/arch/arch/arm/core/mpu/libarch__arm__core__mpu.a(arm_core_mpu.c.obj)
                0x00000000000029c8                z_arm_configure_dynamic_mpu_regions
 .text.region_init
                0x00000000000029ec       0x28 zephyr/arch/arch/arm/core/mpu/libarch__arm__core__mpu.a(arm_mpu.c.obj)
 .text.mpu_configure_regions
                0x0000000000002a14       0x6c zephyr/arch/arch/arm/core/mpu/libarch__arm__core__mpu.a(arm_mpu.c.obj)
 .text.arm_core_mpu_enable
                0x0000000000002a80       0x18 zephyr/arch/arch/arm/core/mpu/libarch__arm__core__mpu.a(arm_mpu.c.obj)
                0x0000000000002a80                arm_core_mpu_enable
 .text.arm_core_mpu_disable
                0x0000000000002a98       0x14 zephyr/arch/arch/arm/core/mpu/libarch__arm__core__mpu.a(arm_mpu.c.obj)
                0x0000000000002a98                arm_core_mpu_disable
 .text.arm_core_mpu_configure_static_mpu_regions
                0x0000000000002aac       0x14 zephyr/arch/arch/arm/core/mpu/libarch__arm__core__mpu.a(arm_mpu.c.obj)
                0x0000000000002aac                arm_core_mpu_configure_static_mpu_regions
 .text.arm_core_mpu_configure_dynamic_mpu_regions
                0x0000000000002ac0       0x38 zephyr/arch/arch/arm/core/mpu/libarch__arm__core__mpu.a(arm_mpu.c.obj)
                0x0000000000002ac0                arm_core_mpu_configure_dynamic_mpu_regions
 .text.z_arm_mpu_init
                0x0000000000002af8      0x168 zephyr/arch/arch/arm/core/mpu/libarch__arm__core__mpu.a(arm_mpu.c.obj)
                0x0000000000002af8                z_arm_mpu_init
 .text.z_impl_zephyr_fputc
                0x0000000000002c60       0x10 zephyr/lib/libc/picolibc/liblib__libc__picolibc.a(stdio.c.obj)
                0x0000000000002c60                z_impl_zephyr_fputc
 .text.__stdout_hook_install
                0x0000000000002c70       0x18 zephyr/lib/libc/picolibc/liblib__libc__picolibc.a(stdio.c.obj)
                0x0000000000002c70                __stdout_hook_install
 .text.malloc_prepare
                0x0000000000002c88       0x24 zephyr/lib/libc/common/liblib__libc__common.a(malloc.c.obj)
 .text.net_buf_destroy
                0x0000000000002cac       0x3c zephyr/lib/net_buf/liblib__net_buf.a(buf.c.obj)
 .text.net_buf_pool_get
                0x0000000000002ce8       0x10 zephyr/lib/net_buf/liblib__net_buf.a(buf.c.obj)
                0x0000000000002ce8                net_buf_pool_get
 .text.net_buf_alloc_len
                0x0000000000002cf8       0xfc zephyr/lib/net_buf/liblib__net_buf.a(buf.c.obj)
                0x0000000000002cf8                net_buf_alloc_len
 .text.net_buf_unref
                0x0000000000002df4       0x3c zephyr/lib/net_buf/liblib__net_buf.a(buf.c.obj)
                0x0000000000002df4                net_buf_unref
 .text.nordicsemi_nrf52_init
                0x0000000000002e30       0x44 zephyr/soc/soc/nrf52840/libsoc__nordic.a(soc.c.obj)
 .text.arch_busy_wait
                0x0000000000002e74       0x24 zephyr/soc/soc/nrf52840/libsoc__nordic.a(soc.c.obj)
                0x0000000000002e74                arch_busy_wait
 .text.gppi_init
                0x0000000000002e98       0x1c zephyr/soc/soc/nrf52840/libsoc__nordic.a(gppi_init.c.obj)
 .text.board_early_init_hook
                0x0000000000002eb4       0x78 zephyr/boards/nordic/nrf52840dongle/libboards__nordic__nrf52840dongle.a(board.c.obj)
                0x0000000000002eb4                board_early_init_hook
 .text.nonstd_request
                0x0000000000002f2c       0xa4 zephyr/subsys/usb/device_next/libsubsys__usb__device_next.a(usbd_ch9.c.obj)
 .text.usbd_handle_ctrl_xfer
                0x0000000000002fd0      0x914 zephyr/subsys/usb/device_next/libsubsys__usb__device_next.a(usbd_ch9.c.obj)
                0x0000000000002fd0                usbd_handle_ctrl_xfer
 .text.usbd_event_carrier
                0x00000000000038e4       0x48 zephyr/subsys/usb/device_next/libsubsys__usb__device_next.a(usbd_core.c.obj)
 .text.usbd_thread
                0x000000000000392c      0x198 zephyr/subsys/usb/device_next/libsubsys__usb__device_next.a(usbd_core.c.obj)
 .text.usbd_pre_init
                0x0000000000003ac4       0xa4 zephyr/subsys/usb/device_next/libsubsys__usb__device_next.a(usbd_core.c.obj)
 .text.usbd_device_init_core
                0x0000000000003b68       0x30 zephyr/subsys/usb/device_next/libsubsys__usb__device_next.a(usbd_core.c.obj)
                0x0000000000003b68                usbd_device_init_core
 .text.usbd_class_node_get.part.0
                0x0000000000003b98       0x2c zephyr/subsys/usb/device_next/libsubsys__usb__device_next.a(usbd_class.c.obj)
 .text.msg_work_handler
                0x0000000000003bc4       0x90 zephyr/subsys/usb/device_next/libsubsys__usb__device_next.a(usbd_msg.c.obj)
 .text.usbd_msg_pub
                0x0000000000003c54       0x70 zephyr/subsys/usb/device_next/libsubsys__usb__device_next.a(usbd_msg.c.obj)
 .text.usbd_cdc_acm_ctd
                0x0000000000003cc4       0xa4 zephyr/subsys/usb/device_next/libsubsys__usb__device_next.a(usbd_cdc_acm.c.obj)
 .text.usbd_cdc_acm_cth
                0x0000000000003d68       0x48 zephyr/subsys/usb/device_next/libsubsys__usb__device_next.a(usbd_cdc_acm.c.obj)
 .text.cdc_acm_poll_out
                0x0000000000003db0       0x74 zephyr/subsys/usb/device_next/libsubsys__usb__device_next.a(usbd_cdc_acm.c.obj)
 .text.usbd_cdc_acm_preinit
                0x0000000000003e24       0x44 zephyr/subsys/usb/device_next/libsubsys__usb__device_next.a(usbd_cdc_acm.c.obj)
 .text.udc_ep_buf_alloc
                0x0000000000003e68       0x30 zephyr/drivers/usb/udc/libdrivers__usb__udc.a(udc_common.c.obj)
                0x0000000000003e68                udc_ep_buf_alloc
 .text.nrf52_errata_187
                0x0000000000003e98       0x28 zephyr/drivers/usb/udc/libdrivers__usb__udc.a(udc_nrf.c.obj)
 .text.usbd_ep_amount_get
                0x0000000000003ec0       0x38 zephyr/drivers/usb/udc/libdrivers__usb__udc.a(udc_nrf.c.obj)
 .text.usbd_ep_abort
                0x0000000000003ef8       0xac zephyr/drivers/usb/udc/libdrivers__usb__udc.a(udc_nrf.c.obj)
 .text.usbd_errata_187_211_begin
                0x0000000000003fa4       0x3c zephyr/drivers/usb/udc/libdrivers__usb__udc.a(udc_nrf.c.obj)
 .text.usbd_errata_187_211_end
                0x0000000000003fe0       0x3c zephyr/drivers/usb/udc/libdrivers__usb__udc.a(udc_nrf.c.obj)
 .text.nrf_usbd_start_transfer
                0x000000000000401c       0x70 zephyr/drivers/usb/udc/libdrivers__usb__udc.a(udc_nrf.c.obj)
 .text.nrf_usbd_legacy_ep_stall_clear
                0x000000000000408c       0x60 zephyr/drivers/usb/udc/libdrivers__usb__udc.a(udc_nrf.c.obj)
 .text.udc_nrf_ep_enable
                0x00000000000040ec       0x60 zephyr/drivers/usb/udc/libdrivers__usb__udc.a(udc_nrf.c.obj)
 .text.udc_nrf_ep_set_halt
                0x000000000000414c       0x20 zephyr/drivers/usb/udc/libdrivers__usb__udc.a(udc_nrf.c.obj)
 .text.udc_event_xfer_ctrl_in
                0x000000000000416c       0x4c zephyr/drivers/usb/udc/libdrivers__usb__udc.a(udc_nrf.c.obj)
 .text.udc_nrf_init
                0x00000000000041b8       0x38 zephyr/drivers/usb/udc/libdrivers__usb__udc.a(udc_nrf.c.obj)
 .text.udc_nrf_power_handler
                0x00000000000041f0       0x48 zephyr/drivers/usb/udc/libdrivers__usb__udc.a(udc_nrf.c.obj)
 .text.k_event_post.constprop.0.isra.0
                0x0000000000004238        0xc zephyr/drivers/usb/udc/libdrivers__usb__udc.a(udc_nrf.c.obj)
 .text.udc_nrf_set_address
                0x0000000000004244       0x20 zephyr/drivers/usb/udc/libdrivers__usb__udc.a(udc_nrf.c.obj)
 .text.udc_nrf_driver_init
                0x0000000000004264      0x160 zephyr/drivers/usb/udc/libdrivers__usb__udc.a(udc_nrf.c.obj)
 .text.udc_nrf_ep_enqueue
                0x00000000000043c4       0x3c zephyr/drivers/usb/udc/libdrivers__usb__udc.a(udc_nrf.c.obj)
 .text.udc_nrf_ep_clear_halt
                0x0000000000004400       0x20 zephyr/drivers/usb/udc/libdrivers__usb__udc.a(udc_nrf.c.obj)
 .text.udc_nrf_ep_disable
                0x0000000000004420       0x60 zephyr/drivers/usb/udc/libdrivers__usb__udc.a(udc_nrf.c.obj)
 .text.udc_nrf_ep_dequeue
                0x0000000000004480       0x54 zephyr/drivers/usb/udc/libdrivers__usb__udc.a(udc_nrf.c.obj)
 .text.udc_nrf_thread
                0x00000000000044d4      0x3c8 zephyr/drivers/usb/udc/libdrivers__usb__udc.a(udc_nrf.c.obj)
 .text.usbd_dma_pending_clear
                0x000000000000489c       0x1c zephyr/drivers/usb/udc/libdrivers__usb__udc.a(udc_nrf.c.obj)
 .text.udc_nrf_disable
                0x00000000000048b8      0x110 zephyr/drivers/usb/udc/libdrivers__usb__udc.a(udc_nrf.c.obj)
 .text.nrf_usbd_irq_handler
                0x00000000000049c8      0x468 zephyr/drivers/usb/udc/libdrivers__usb__udc.a(udc_nrf.c.obj)
 .text.udc_nrf_host_wakeup
                0x0000000000004e30       0x78 zephyr/drivers/usb/udc/libdrivers__usb__udc.a(udc_nrf.c.obj)
 .text.udc_nrf_enable
                0x0000000000004ea8      0x1a0 zephyr/drivers/usb/udc/libdrivers__usb__udc.a(udc_nrf.c.obj)
 .text.adc_gain_invert
                0x0000000000005048       0x2c zephyr/drivers/adc/libdrivers__adc.a(adc_common.c.obj)
                0x0000000000005048                adc_gain_invert
 .text.adc_nrfx_channel_setup
                0x0000000000005074      0x1a0 zephyr/drivers/adc/libdrivers__adc.a(adc_nrfx_saadc.c.obj)
 .text.adc_context_start_sampling.constprop.0
                0x0000000000005214       0x38 zephyr/drivers/adc/libdrivers__adc.a(adc_nrfx_saadc.c.obj)
 .text.event_handler
                0x000000000000524c      0x17c zephyr/drivers/adc/libdrivers__adc.a(adc_nrfx_saadc.c.obj)
 .text.external_timer_expired_handler
                0x00000000000053c8       0x2c zephyr/drivers/adc/libdrivers__adc.a(adc_nrfx_saadc.c.obj)
 .text.init_saadc
                0x00000000000053f4       0x44 zephyr/drivers/adc/libdrivers__adc.a(adc_nrfx_saadc.c.obj)
 .text.adc_nrfx_read
                0x0000000000005438      0x1fc zephyr/drivers/adc/libdrivers__adc.a(adc_nrfx_saadc.c.obj)
 .text.onoff_stop
                0x0000000000005634       0x30 zephyr/drivers/clock_control/libdrivers__clock_control.a(clock_control_nrf.c.obj)
 .text.onoff_start
                0x0000000000005664       0x44 zephyr/drivers/clock_control/libdrivers__clock_control.a(clock_control_nrf.c.obj)
 .text.clk_init
                0x00000000000056a8       0x58 zephyr/drivers/clock_control/libdrivers__clock_control.a(clock_control_nrf.c.obj)
 .text.api_blocking_start
                0x0000000000005700       0x34 zephyr/drivers/clock_control/libdrivers__clock_control.a(clock_control_nrf.c.obj)
 .text.generic_hfclk_stop
                0x0000000000005734       0x34 zephyr/drivers/clock_control/libdrivers__clock_control.a(clock_control_nrf.c.obj)
 .text.clkstarted_handle.constprop.0
                0x0000000000005768       0x4c zephyr/drivers/clock_control/libdrivers__clock_control.a(clock_control_nrf.c.obj)
 .text.generic_hfclk_start
                0x00000000000057b4       0x78 zephyr/drivers/clock_control/libdrivers__clock_control.a(clock_control_nrf.c.obj)
 .text.clock_event_handler
                0x000000000000582c       0x1c zephyr/drivers/clock_control/libdrivers__clock_control.a(clock_control_nrf.c.obj)
 .text.z_nrf_clock_control_get_onoff
                0x0000000000005848       0x10 zephyr/drivers/clock_control/libdrivers__clock_control.a(clock_control_nrf.c.obj)
                0x0000000000005848                z_nrf_clock_control_get_onoff
 .text.z_nrf_clock_control_lf_on
                0x0000000000005858       0xfc zephyr/drivers/clock_control/libdrivers__clock_control.a(clock_control_nrf.c.obj)
                0x0000000000005858                z_nrf_clock_control_lf_on
 .text.uart_console_init
                0x0000000000005954       0x28 zephyr/drivers/console/libdrivers__console.a(uart_console.c.obj)
 .text.console_out
                0x000000000000597c       0x28 zephyr/drivers/console/libdrivers__console.a(uart_console.c.obj)
 .text.gpio_nrfx_pin_interrupt_configure
                0x00000000000059a4       0xfc zephyr/drivers/gpio/libdrivers__gpio.a(gpio_nrfx.c.obj)
 .text.nrfx_gpio_handler
                0x0000000000005aa0       0x4c zephyr/drivers/gpio/libdrivers__gpio.a(gpio_nrfx.c.obj)
 .text.gpio_nrfx_init
                0x0000000000005aec       0x3c zephyr/drivers/gpio/libdrivers__gpio.a(gpio_nrfx.c.obj)
 .text.gpio_nrfx_pin_configure
                0x0000000000005b28      0x180 zephyr/drivers/gpio/libdrivers__gpio.a(gpio_nrfx.c.obj)
 .text.nrf_gpio_pin_port_decode
                0x0000000000005ca8       0x20 zephyr/drivers/pinctrl/libdrivers__pinctrl.a(pinctrl_nrf.c.obj)
 .text.pinctrl_configure_pins
                0x0000000000005cc8      0x170 zephyr/drivers/pinctrl/libdrivers__pinctrl.a(pinctrl_nrf.c.obj)
                0x0000000000005cc8                pinctrl_configure_pins
 .text.nrf_gpio_pin_port_decode
                0x0000000000005e38       0x20 zephyr/drivers/pwm/libdrivers__pwm.a(pwm_nrfx.c.obj)
 .text.pwm_nrfx_init0
                0x0000000000005e58       0xa0 zephyr/drivers/pwm/libdrivers__pwm.a(pwm_nrfx.c.obj)
 .text.uarte_nrfx_poll_out
                0x0000000000005ef8       0xb4 zephyr/drivers/serial/libdrivers__serial.a(uart_nrfx_uarte.c.obj)
 .text.compare_int_lock
                0x0000000000005fac       0x48 zephyr/drivers/timer/libdrivers__timer.a(nrf_rtc_timer.c.obj)
 .text.sys_clock_timeout_handler
                0x0000000000005ff4       0x48 zephyr/drivers/timer/libdrivers__timer.a(nrf_rtc_timer.c.obj)
 .text.compare_int_unlock
                0x000000000000603c       0x5c zephyr/drivers/timer/libdrivers__timer.a(nrf_rtc_timer.c.obj)
 .text.z_nrf_rtc_timer_read
                0x0000000000006098       0x44 zephyr/drivers/timer/libdrivers__timer.a(nrf_rtc_timer.c.obj)
                0x0000000000006098                z_nrf_rtc_timer_read
 .text.compare_set
                0x00000000000060dc      0x130 zephyr/drivers/timer/libdrivers__timer.a(nrf_rtc_timer.c.obj)
 .text.sys_clock_driver_init
                0x000000000000620c       0x90 zephyr/drivers/timer/libdrivers__timer.a(nrf_rtc_timer.c.obj)
 .text.rtc_nrf_isr
                0x000000000000629c       0xd4 zephyr/drivers/timer/libdrivers__timer.a(nrf_rtc_timer.c.obj)
                0x000000000000629c                rtc_nrf_isr
 .text.sys_clock_set_timeout
                0x0000000000006370       0x5c zephyr/drivers/timer/libdrivers__timer.a(nrf_rtc_timer.c.obj)
                0x0000000000006370                sys_clock_set_timeout
 .text.sys_clock_elapsed
                0x00000000000063cc       0x14 zephyr/drivers/timer/libdrivers__timer.a(nrf_rtc_timer.c.obj)
                0x00000000000063cc                sys_clock_elapsed
 .text.__NVIC_SystemReset
                0x00000000000063e0       0x24 modules/hal_nordic/modules/hal_nordic/nrfx/libmodules__hal_nordic__nrfx.a(system_nrf52840.c.obj)
 .text.nrf52_errata_98
                0x0000000000006404       0x24 modules/hal_nordic/modules/hal_nordic/nrfx/libmodules__hal_nordic__nrfx.a(system_nrf52840.c.obj)
 .text.nvmc_wait
                0x0000000000006428       0x10 modules/hal_nordic/modules/hal_nordic/nrfx/libmodules__hal_nordic__nrfx.a(system_nrf52840.c.obj)
                0x0000000000006428                nvmc_wait
 .text.SystemInit
                0x0000000000006438      0x1c8 modules/hal_nordic/modules/hal_nordic/nrfx/libmodules__hal_nordic__nrfx.a(system_nrf52840.c.obj)
                0x0000000000006438                SystemInit
 .text.nrfx_gppi_init
                0x0000000000006600        0xc modules/hal_nordic/modules/hal_nordic/nrfx/libmodules__hal_nordic__nrfx.a(nrfx_gppi_ppi.c.obj)
                0x0000000000006600                nrfx_gppi_init
 .text.nrfx_gppi_domain_conn_alloc
                0x000000000000660c       0x1c modules/hal_nordic/modules/hal_nordic/nrfx/libmodules__hal_nordic__nrfx.a(nrfx_gppi_ppi.c.obj)
                0x000000000000660c                nrfx_gppi_domain_conn_alloc
 .text.nrfx_gppi_conn_enable
                0x0000000000006628       0x10 modules/hal_nordic/modules/hal_nordic/nrfx/libmodules__hal_nordic__nrfx.a(nrfx_gppi_ppi.c.obj)
                0x0000000000006628                nrfx_gppi_conn_enable
 .text.hfclk_event_handler
                0x0000000000006638        0xc modules/hal_nordic/modules/hal_nordic/nrfx/libmodules__hal_nordic__nrfx.a(nrfx_clock.c.obj)
 .text.lfclk_event_handler
                0x0000000000006644        0xc modules/hal_nordic/modules/hal_nordic/nrfx/libmodules__hal_nordic__nrfx.a(nrfx_clock.c.obj)
 .text.nrfx_clock_init
                0x0000000000006650       0x40 modules/hal_nordic/modules/hal_nordic/nrfx/libmodules__hal_nordic__nrfx.a(nrfx_clock.c.obj)
                0x0000000000006650                nrfx_clock_init
 .text.nrfx_clock_enable
                0x0000000000006690       0x24 modules/hal_nordic/modules/hal_nordic/nrfx/libmodules__hal_nordic__nrfx.a(nrfx_clock.c.obj)
                0x0000000000006690                nrfx_clock_enable
 .text.nrf52_errata_201
                0x00000000000066b4       0x24 modules/hal_nordic/modules/hal_nordic/nrfx/libmodules__hal_nordic__nrfx.a(nrfx_clock_hfclk.c.obj)
 .text.clock_stop
                0x00000000000066d8       0x4c modules/hal_nordic/modules/hal_nordic/nrfx/libmodules__hal_nordic__nrfx.a(nrfx_clock_hfclk.c.obj)
 .text.nrfx_clock_hfclk_init
                0x0000000000006724       0x28 modules/hal_nordic/modules/hal_nordic/nrfx/libmodules__hal_nordic__nrfx.a(nrfx_clock_hfclk.c.obj)
                0x0000000000006724                nrfx_clock_hfclk_init
 .text.nrfx_clock_hfclk_start
                0x000000000000674c       0x38 modules/hal_nordic/modules/hal_nordic/nrfx/libmodules__hal_nordic__nrfx.a(nrfx_clock_hfclk.c.obj)
                0x000000000000674c                nrfx_clock_hfclk_start
 .text.nrfx_clock_hfclk_irq_handler
                0x0000000000006784       0x40 modules/hal_nordic/modules/hal_nordic/nrfx/libmodules__hal_nordic__nrfx.a(nrfx_clock_hfclk.c.obj)
                0x0000000000006784                nrfx_clock_hfclk_irq_handler
 .text.nrfx_clock_lfclk_init
                0x00000000000067c4       0x24 modules/hal_nordic/modules/hal_nordic/nrfx/libmodules__hal_nordic__nrfx.a(nrfx_clock_lfclk.c.obj)
                0x00000000000067c4                nrfx_clock_lfclk_init
 .text.nrfx_clock_lfclk_start
                0x00000000000067e8       0x80 modules/hal_nordic/modules/hal_nordic/nrfx/libmodules__hal_nordic__nrfx.a(nrfx_clock_lfclk.c.obj)
                0x00000000000067e8                nrfx_clock_lfclk_start
 .text.nrfx_clock_lfclk_irq_handler
                0x0000000000006868       0x70 modules/hal_nordic/modules/hal_nordic/nrfx/libmodules__hal_nordic__nrfx.a(nrfx_clock_lfclk.c.obj)
                0x0000000000006868                nrfx_clock_lfclk_irq_handler
 .text.nrf_gpio_pin_port_decode
                0x00000000000068d8       0x20 modules/hal_nordic/modules/hal_nordic/nrfx/libmodules__hal_nordic__nrfx.a(nrfx_gpiote.c.obj)
 .text.get_pin_idx
                0x00000000000068f8       0x14 modules/hal_nordic/modules/hal_nordic/nrfx/libmodules__hal_nordic__nrfx.a(nrfx_gpiote.c.obj)
 .text.latch_pending_read_and_check
                0x000000000000690c       0x64 modules/hal_nordic/modules/hal_nordic/nrfx/libmodules__hal_nordic__nrfx.a(nrfx_gpiote.c.obj)
 .text.pin_uninit
                0x0000000000006970       0x7c modules/hal_nordic/modules/hal_nordic/nrfx/libmodules__hal_nordic__nrfx.a(nrfx_gpiote.c.obj)
 .text.nrfx_gpiote_channel_free
                0x00000000000069ec        0xc modules/hal_nordic/modules/hal_nordic/nrfx/libmodules__hal_nordic__nrfx.a(nrfx_gpiote.c.obj)
                0x00000000000069ec                nrfx_gpiote_channel_free
 .text.nrfx_gpiote_channel_alloc
                0x00000000000069f8       0x18 modules/hal_nordic/modules/hal_nordic/nrfx/libmodules__hal_nordic__nrfx.a(nrfx_gpiote.c.obj)
                0x00000000000069f8                nrfx_gpiote_channel_alloc
 .text.nrfx_gpiote_irq_handler
                0x0000000000006a10      0x1d0 modules/hal_nordic/modules/hal_nordic/nrfx/libmodules__hal_nordic__nrfx.a(nrfx_gpiote.c.obj)
                0x0000000000006a10                nrfx_gpiote_irq_handler
 .text.nrfx_power_init
                0x0000000000006be0       0x6c modules/hal_nordic/modules/hal_nordic/nrfx/libmodules__hal_nordic__nrfx.a(nrfx_power.c.obj)
                0x0000000000006be0                nrfx_power_init
 .text.nrfx_power_usbevt_uninit
                0x0000000000006c4c       0x18 modules/hal_nordic/modules/hal_nordic/nrfx/libmodules__hal_nordic__nrfx.a(nrfx_power.c.obj)
                0x0000000000006c4c                nrfx_power_usbevt_uninit
 .text.nrfx_power_usbevt_init
                0x0000000000006c64       0x14 modules/hal_nordic/modules/hal_nordic/nrfx/libmodules__hal_nordic__nrfx.a(nrfx_power.c.obj)
                0x0000000000006c64                nrfx_power_usbevt_init
 .text.nrfx_power_irq_handler
                0x0000000000006c78       0xa0 modules/hal_nordic/modules/hal_nordic/nrfx/libmodules__hal_nordic__nrfx.a(nrfx_power.c.obj)
                0x0000000000006c78                nrfx_power_irq_handler
 .text.nrf_gpio_pin_port_decode
                0x0000000000006d18       0x20 modules/hal_nordic/modules/hal_nordic/nrfx/libmodules__hal_nordic__nrfx.a(nrfx_pwm.c.obj)
 .text.pwm_configure
                0x0000000000006d38       0xe8 modules/hal_nordic/modules/hal_nordic/nrfx/libmodules__hal_nordic__nrfx.a(nrfx_pwm.c.obj)
 .text.nrfx_saadc_ain_get
                0x0000000000006e20       0x28 modules/hal_nordic/modules/hal_nordic/nrfx/libmodules__hal_nordic__nrfx.a(nrfx_saadc.c.obj)
 .text.saadc_channel_count_get
                0x0000000000006e48       0x34 modules/hal_nordic/modules/hal_nordic/nrfx/libmodules__hal_nordic__nrfx.a(nrfx_saadc.c.obj)
 .text.saadc_busy_check
                0x0000000000006e7c       0x1c modules/hal_nordic/modules/hal_nordic/nrfx/libmodules__hal_nordic__nrfx.a(nrfx_saadc.c.obj)
 .text.saadc_pre_calibration_state_restore
                0x0000000000006e98       0x64 modules/hal_nordic/modules/hal_nordic/nrfx/libmodules__hal_nordic__nrfx.a(nrfx_saadc.c.obj)
 .text.saadc_channels_deconfig
                0x0000000000006efc       0x3c modules/hal_nordic/modules/hal_nordic/nrfx/libmodules__hal_nordic__nrfx.a(nrfx_saadc.c.obj)
 .text.__nrfy_internal_saadc_events_process.constprop.0
                0x0000000000006f38       0x8c modules/hal_nordic/modules/hal_nordic/nrfx/libmodules__hal_nordic__nrfx.a(nrfx_saadc.c.obj)
 .text.saadc_generic_mode_set
                0x0000000000006fc4      0x13c modules/hal_nordic/modules/hal_nordic/nrfx/libmodules__hal_nordic__nrfx.a(nrfx_saadc.c.obj)
 .text.saadc_channel_config
                0x0000000000007100       0xa4 modules/hal_nordic/modules/hal_nordic/nrfx/libmodules__hal_nordic__nrfx.a(nrfx_saadc.c.obj)
 .text.nrfx_saadc_init
                0x00000000000071a4       0x8c modules/hal_nordic/modules/hal_nordic/nrfx/libmodules__hal_nordic__nrfx.a(nrfx_saadc.c.obj)
                0x00000000000071a4                nrfx_saadc_init
 .text.nrfx_saadc_channels_configured_get
                0x0000000000007230        0xc modules/hal_nordic/modules/hal_nordic/nrfx/libmodules__hal_nordic__nrfx.a(nrfx_saadc.c.obj)
                0x0000000000007230                nrfx_saadc_channels_configured_get
 .text.nrfx_saadc_simple_mode_set
                0x000000000000723c       0x60 modules/hal_nordic/modules/hal_nordic/nrfx/libmodules__hal_nordic__nrfx.a(nrfx_saadc.c.obj)
                0x000000000000723c                nrfx_saadc_simple_mode_set
 .text.nrfx_saadc_advanced_mode_set
                0x000000000000729c       0xa8 modules/hal_nordic/modules/hal_nordic/nrfx/libmodules__hal_nordic__nrfx.a(nrfx_saadc.c.obj)
                0x000000000000729c                nrfx_saadc_advanced_mode_set
 .text.nrfx_saadc_buffer_set
                0x0000000000007344       0x80 modules/hal_nordic/modules/hal_nordic/nrfx/libmodules__hal_nordic__nrfx.a(nrfx_saadc.c.obj)
                0x0000000000007344                nrfx_saadc_buffer_set
 .text.nrfx_saadc_mode_trigger
                0x00000000000073c4      0x158 modules/hal_nordic/modules/hal_nordic/nrfx/libmodules__hal_nordic__nrfx.a(nrfx_saadc.c.obj)
                0x00000000000073c4                nrfx_saadc_mode_trigger
 .text.nrfx_saadc_offset_calibrate
                0x000000000000751c       0xc4 modules/hal_nordic/modules/hal_nordic/nrfx/libmodules__hal_nordic__nrfx.a(nrfx_saadc.c.obj)
                0x000000000000751c                nrfx_saadc_offset_calibrate
 .text.SAADC_IRQHandler
                0x00000000000075e0      0x1a8 modules/hal_nordic/modules/hal_nordic/nrfx/libmodules__hal_nordic__nrfx.a(nrfx_saadc.c.obj)
                0x00000000000075e0                SAADC_IRQHandler
 .text.z_fatal_error
                0x0000000000007788       0x30 zephyr/kernel/libkernel.a(fatal.c.obj)
                0x0000000000007788                z_fatal_error
 .text.z_sys_init_run_level
                0x00000000000077b8       0x30 zephyr/kernel/libkernel.a(init.c.obj)
 .text.bg_thread_main
                0x00000000000077e8       0xc0 zephyr/kernel/libkernel.a(init.c.obj)
 .text.z_init_cpu
                0x00000000000078a8       0x78 zephyr/kernel/libkernel.a(init.c.obj)
                0x00000000000078a8                z_init_cpu
 .text.z_cstart
                0x0000000000007920       0xd0 zephyr/kernel/libkernel.a(init.c.obj)
                0x0000000000007920                z_cstart
 .text.statics_init
                0x00000000000079f0       0x24 zephyr/kernel/libkernel.a(kheap.c.obj)
 .text.k_heap_aligned_alloc
                0x0000000000007a14       0x1c zephyr/kernel/libkernel.a(kheap.c.obj)
                0x0000000000007a14                k_heap_aligned_alloc
 .text.init_mem_slab_obj_core_list
                0x0000000000007a30       0x24 zephyr/kernel/libkernel.a(mem_slab.c.obj)
 .text.k_mem_slab_alloc
                0x0000000000007a54       0x5c zephyr/kernel/libkernel.a(mem_slab.c.obj)
                0x0000000000007a54                k_mem_slab_alloc
 .text.put_msg_in_queue
                0x0000000000007ab0       0xd4 zephyr/kernel/libkernel.a(msg_q.c.obj)
 .text.z_impl_k_msgq_get
                0x0000000000007b84       0xc8 zephyr/kernel/libkernel.a(msg_q.c.obj)
                0x0000000000007b84                z_impl_k_msgq_get
 .text.z_impl_k_mutex_lock
                0x0000000000007c4c       0xf0 zephyr/kernel/libkernel.a(mutex.c.obj)
                0x0000000000007c4c                z_impl_k_mutex_lock
 .text.z_impl_k_mutex_unlock
                0x0000000000007d3c       0xa0 zephyr/kernel/libkernel.a(mutex.c.obj)
                0x0000000000007d3c                z_impl_k_mutex_unlock
 .text.z_impl_k_queue_get
                0x0000000000007ddc       0x64 zephyr/kernel/libkernel.a(queue.c.obj)
                0x0000000000007ddc                z_impl_k_queue_get
 .text.z_impl_k_sem_give
                0x0000000000007e40       0x68 zephyr/kernel/libkernel.a(sem.c.obj)
                0x0000000000007e40                z_impl_k_sem_give
 .text.z_impl_k_sem_take
                0x0000000000007ea8       0x4c zephyr/kernel/libkernel.a(sem.c.obj)
                0x0000000000007ea8                z_impl_k_sem_take
 .text.z_impl_k_sem_reset
                0x0000000000007ef4       0x74 zephyr/kernel/libkernel.a(sem.c.obj)
                0x0000000000007ef4                z_impl_k_sem_reset
 .text.work_queue_main
                0x0000000000007f68      0x14c zephyr/kernel/libkernel.a(work.c.obj)
 .text.submit_to_queue_locked
                0x00000000000080b4       0xb8 zephyr/kernel/libkernel.a(work.c.obj)
 .text.k_work_submit
                0x000000000000816c        0xc zephyr/kernel/libkernel.a(work.c.obj)
                0x000000000000816c                k_work_submit
 .text.k_work_queue_start
                0x0000000000008178       0x80 zephyr/kernel/libkernel.a(work.c.obj)
                0x0000000000008178                k_work_queue_start
 .text.k_work_schedule_for_queue
                0x00000000000081f8       0x54 zephyr/kernel/libkernel.a(work.c.obj)
                0x00000000000081f8                k_work_schedule_for_queue
 .text.k_work_schedule
                0x000000000000824c        0xc zephyr/kernel/libkernel.a(work.c.obj)
                0x000000000000824c                k_work_schedule
 .text.k_work_reschedule_for_queue
                0x0000000000008258       0x5c zephyr/kernel/libkernel.a(work.c.obj)
                0x0000000000008258                k_work_reschedule_for_queue
 .text.k_work_reschedule
                0x00000000000082b4        0xc zephyr/kernel/libkernel.a(work.c.obj)
                0x00000000000082b4                k_work_reschedule
 .text.z_impl_k_thread_name_set
                0x00000000000082c0       0x20 zephyr/kernel/libkernel.a(thread.c.obj)
                0x00000000000082c0                z_impl_k_thread_name_set
 .text.z_setup_new_thread
                0x00000000000082e0       0xf0 zephyr/kernel/libkernel.a(thread.c.obj)
                0x00000000000082e0                z_setup_new_thread
 .text.z_impl_k_thread_create
                0x00000000000083d0       0x58 zephyr/kernel/libkernel.a(thread.c.obj)
                0x00000000000083d0                z_impl_k_thread_create
 .text.z_dummy_thread_init
                0x0000000000008428       0x1c zephyr/kernel/libkernel.a(thread.c.obj)
                0x0000000000008428                z_dummy_thread_init
 .text.z_swap_irqlock
                0x0000000000008444       0x34 zephyr/kernel/libkernel.a(sched.c.obj)
 .text.ready_thread
                0x0000000000008478       0x84 zephyr/kernel/libkernel.a(sched.c.obj)
 .text.unready_thread
                0x00000000000084fc       0x54 zephyr/kernel/libkernel.a(sched.c.obj)
 .text.add_thread_timeout
                0x0000000000008550       0x1c zephyr/kernel/libkernel.a(sched.c.obj)
 .text.move_thread_to_end_of_prio_q
                0x000000000000856c       0x90 zephyr/kernel/libkernel.a(sched.c.obj)
                0x000000000000856c                move_thread_to_end_of_prio_q
 .text.z_pend_curr
                0x00000000000085fc       0x44 zephyr/kernel/libkernel.a(sched.c.obj)
                0x00000000000085fc                z_pend_curr
 .text.z_thread_prio_set
                0x0000000000008640       0xe4 zephyr/kernel/libkernel.a(sched.c.obj)
                0x0000000000008640                z_thread_prio_set
 .text.z_reschedule
                0x0000000000008724       0x24 zephyr/kernel/libkernel.a(sched.c.obj)
                0x0000000000008724                z_reschedule
 .text.z_reschedule_irqlock
                0x0000000000008748       0x28 zephyr/kernel/libkernel.a(sched.c.obj)
                0x0000000000008748                z_reschedule_irqlock
 .text.k_sched_lock
                0x0000000000008770       0x28 zephyr/kernel/libkernel.a(sched.c.obj)
                0x0000000000008770                k_sched_lock
 .text.k_sched_unlock
                0x0000000000008798       0x68 zephyr/kernel/libkernel.a(sched.c.obj)
                0x0000000000008798                k_sched_unlock
 .text.z_sched_init
                0x0000000000008800       0x10 zephyr/kernel/libkernel.a(sched.c.obj)
                0x0000000000008800                z_sched_init
 .text.z_impl_k_yield
                0x0000000000008810       0x88 zephyr/kernel/libkernel.a(sched.c.obj)
                0x0000000000008810                z_impl_k_yield
 .text.z_tick_sleep
                0x0000000000008898       0x78 zephyr/kernel/libkernel.a(sched.c.obj)
 .text.z_impl_k_wakeup
                0x0000000000008910       0x48 zephyr/kernel/libkernel.a(sched.c.obj)
                0x0000000000008910                z_impl_k_wakeup
 .text.z_impl_k_sched_current_thread_query
                0x0000000000008958        0xc zephyr/kernel/libkernel.a(sched.c.obj)
                0x0000000000008958                z_impl_k_sched_current_thread_query
 .text.z_thread_abort
                0x0000000000008964      0x144 zephyr/kernel/libkernel.a(sched.c.obj)
                0x0000000000008964                z_thread_abort
 .text.z_sched_wait
                0x0000000000008aa8       0x24 zephyr/kernel/libkernel.a(sched.c.obj)
                0x0000000000008aa8                z_sched_wait
 .text.slice_timeout
                0x0000000000008acc       0x20 zephyr/kernel/libkernel.a(timeslicing.c.obj)
 .text.thread_is_sliceable
                0x0000000000008aec       0x3c zephyr/kernel/libkernel.a(timeslicing.c.obj)
                0x0000000000008aec                thread_is_sliceable
 .text.z_reset_time_slice
                0x0000000000008b28       0x50 zephyr/kernel/libkernel.a(timeslicing.c.obj)
                0x0000000000008b28                z_reset_time_slice
 .text.z_time_slice
                0x0000000000008b78       0x60 zephyr/kernel/libkernel.a(timeslicing.c.obj)
                0x0000000000008b78                z_time_slice
 .text.z_thread_monitor_exit
                0x0000000000008bd8       0x44 zephyr/kernel/libkernel.a(thread_monitor.c.obj)
                0x0000000000008bd8                z_thread_monitor_exit
 .text.first    0x0000000000008c1c       0x10 zephyr/kernel/libkernel.a(timeout.c.obj)
 .text.elapsed  0x0000000000008c2c       0x14 zephyr/kernel/libkernel.a(timeout.c.obj)
 .text.remove_timeout
                0x0000000000008c40       0x38 zephyr/kernel/libkernel.a(timeout.c.obj)
 .text.z_add_timeout
                0x0000000000008c78      0x120 zephyr/kernel/libkernel.a(timeout.c.obj)
                0x0000000000008c78                z_add_timeout
 .text.sys_clock_announce
                0x0000000000008d98       0xc0 zephyr/kernel/libkernel.a(timeout.c.obj)
                0x0000000000008d98                sys_clock_announce
 .text.sys_clock_tick_get
                0x0000000000008e58       0x30 zephyr/kernel/libkernel.a(timeout.c.obj)
                0x0000000000008e58                sys_clock_tick_get
 .text.z_timer_expiration_handler
                0x0000000000008e88      0x110 zephyr/kernel/libkernel.a(timer.c.obj)
                0x0000000000008e88                z_timer_expiration_handler
 .text.z_impl_k_timer_start
                0x0000000000008f98       0x70 zephyr/kernel/libkernel.a(timer.c.obj)
                0x0000000000008f98                z_impl_k_timer_start
 .text.k_event_post_internal
                0x0000000000009008       0x6c zephyr/kernel/libkernel.a(events.c.obj)
 .text.z_thread_alloc_helper
                0x0000000000009074       0x50 zephyr/kernel/libkernel.a(mempool.c.obj)
 .text.z_thread_malloc
                0x00000000000090c4       0x10 zephyr/kernel/libkernel.a(mempool.c.obj)
                0x00000000000090c4                z_thread_malloc
 .text.k_sys_work_q_init
                0x00000000000090d4       0x2c zephyr/kernel/libkernel.a(system_work_q.c.obj)
 .text.nrf_cc3xx_platform_init_no_rng
                0x0000000000009100       0x38 C:/ncs/v3.2.1/nrfxlib/crypto/nrf_cc310_platform/lib/cortex-m4/soft-float/no-interrupts/libnrf_cc310_platform_0.9.19.a(nrf_cc3xx_platform.c.obj)
                0x0000000000009100                nrf_cc3xx_platform_init_no_rng
 .text.nrf_cc3xx_platform_abort
                0x0000000000009138       0x24 C:/ncs/v3.2.1/nrfxlib/crypto/nrf_cc310_platform/lib/cortex-m4/soft-float/no-interrupts/libnrf_cc310_platform_0.9.19.a(nrf_cc3xx_platform_abort.c.obj)
 .text.CC_PalAbort
                0x000000000000915c       0x34 C:/ncs/v3.2.1/nrfxlib/crypto/nrf_cc310_platform/lib/cortex-m4/soft-float/no-interrupts/libnrf_cc310_platform_0.9.19.a(nrf_cc3xx_platform_abort.c.obj)
                0x000000000000915c                CC_PalAbort
 .text.nrf_cc3xx_platform_set_abort
                0x0000000000009190       0x10 C:/ncs/v3.2.1/nrfxlib/crypto/nrf_cc310_platform/lib/cortex-m4/soft-float/no-interrupts/libnrf_cc310_platform_0.9.19.a(nrf_cc3xx_platform_abort.c.obj)
                0x0000000000009190                nrf_cc3xx_platform_set_abort
 .text.mutex_free
                0x00000000000091a0       0x34 C:/ncs/v3.2.1/nrfxlib/crypto/nrf_cc310_platform/lib/cortex-m4/soft-float/no-interrupts/libnrf_cc310_platform_0.9.19.a(nrf_cc3xx_platform_mutex.c.obj)
 .text.mutex_lock
                0x00000000000091d4       0x48 C:/ncs/v3.2.1/nrfxlib/crypto/nrf_cc310_platform/lib/cortex-m4/soft-float/no-interrupts/libnrf_cc310_platform_0.9.19.a(nrf_cc3xx_platform_mutex.c.obj)
 .text.mutex_unlock
                0x000000000000921c       0x38 C:/ncs/v3.2.1/nrfxlib/crypto/nrf_cc310_platform/lib/cortex-m4/soft-float/no-interrupts/libnrf_cc310_platform_0.9.19.a(nrf_cc3xx_platform_mutex.c.obj)
 .text.mutex_init
                0x0000000000009254       0x20 C:/ncs/v3.2.1/nrfxlib/crypto/nrf_cc310_platform/lib/cortex-m4/soft-float/no-interrupts/libnrf_cc310_platform_0.9.19.a(nrf_cc3xx_platform_mutex.c.obj)
 .text.nrf_cc3xx_platform_set_mutexes
                0x0000000000009274       0x74 C:/ncs/v3.2.1/nrfxlib/crypto/nrf_cc310_platform/lib/cortex-m4/soft-float/no-interrupts/libnrf_cc310_platform_0.9.19.a(nrf_cc3xx_platform_mutex.c.obj)
                0x0000000000009274                nrf_cc3xx_platform_set_mutexes
 .text.CC_LibInitNoRng
                0x00000000000092e8       0x64 C:/ncs/v3.2.1/nrfxlib/crypto/nrf_cc310_platform/lib/cortex-m4/soft-float/no-interrupts/libnrf_cc310_platform_0.9.19.a(cc_lib.c.obj)
                0x00000000000092e8                CC_LibInitNoRng
 .text.CC_HalInit
                0x000000000000934c        0x4 C:/ncs/v3.2.1/nrfxlib/crypto/nrf_cc310_platform/lib/cortex-m4/soft-float/no-interrupts/libnrf_cc310_platform_0.9.19.a(cc_hal.c.obj)
                0x000000000000934c                CC_HalInit
 .text.CC_HalTerminate
                0x0000000000009350        0x4 C:/ncs/v3.2.1/nrfxlib/crypto/nrf_cc310_platform/lib/cortex-m4/soft-float/no-interrupts/libnrf_cc310_platform_0.9.19.a(cc_hal.c.obj)
                0x0000000000009350                CC_HalTerminate
 .text.CC_HalMaskInterrupt
                0x0000000000009354        0xc C:/ncs/v3.2.1/nrfxlib/crypto/nrf_cc310_platform/lib/cortex-m4/soft-float/no-interrupts/libnrf_cc310_platform_0.9.19.a(cc_hal.c.obj)
                0x0000000000009354                CC_HalMaskInterrupt
 .text.CC_PalInit
                0x0000000000009360       0x5c C:/ncs/v3.2.1/nrfxlib/crypto/nrf_cc310_platform/lib/cortex-m4/soft-float/no-interrupts/libnrf_cc310_platform_0.9.19.a(cc_pal.c.obj)
                0x0000000000009360                CC_PalInit
 .text.CC_PalTerminate
                0x00000000000093bc       0x34 C:/ncs/v3.2.1/nrfxlib/crypto/nrf_cc310_platform/lib/cortex-m4/soft-float/no-interrupts/libnrf_cc310_platform_0.9.19.a(cc_pal.c.obj)
                0x00000000000093bc                CC_PalTerminate
 .text.CC_PalDmaInit
                0x00000000000093f0        0x4 C:/ncs/v3.2.1/nrfxlib/crypto/nrf_cc310_platform/lib/cortex-m4/soft-float/no-interrupts/libnrf_cc310_platform_0.9.19.a(cc_pal_dma.c.obj)
                0x00000000000093f0                CC_PalDmaInit
 .text.CC_PalDmaTerminate
                0x00000000000093f4        0x4 C:/ncs/v3.2.1/nrfxlib/crypto/nrf_cc310_platform/lib/cortex-m4/soft-float/no-interrupts/libnrf_cc310_platform_0.9.19.a(cc_pal_dma.c.obj)
                0x00000000000093f4                CC_PalDmaTerminate
 .text.CC_PalMutexCreate
                0x00000000000093f8       0x14 C:/ncs/v3.2.1/nrfxlib/crypto/nrf_cc310_platform/lib/cortex-m4/soft-float/no-interrupts/libnrf_cc310_platform_0.9.19.a(cc_pal_mutex.c.obj)
                0x00000000000093f8                CC_PalMutexCreate
 .text.CC_PalMutexDestroy
                0x000000000000940c       0x14 C:/ncs/v3.2.1/nrfxlib/crypto/nrf_cc310_platform/lib/cortex-m4/soft-float/no-interrupts/libnrf_cc310_platform_0.9.19.a(cc_pal_mutex.c.obj)
                0x000000000000940c                CC_PalMutexDestroy
 .text.CC_PalPowerSaveModeInit
                0x0000000000009420       0x3c C:/ncs/v3.2.1/nrfxlib/crypto/nrf_cc310_platform/lib/cortex-m4/soft-float/no-interrupts/libnrf_cc310_platform_0.9.19.a(cc_pal_pm.c.obj)
                0x0000000000009420                CC_PalPowerSaveModeInit
 .text.CC_PalPowerSaveModeSelect
                0x000000000000945c       0x84 C:/ncs/v3.2.1/nrfxlib/crypto/nrf_cc310_platform/lib/cortex-m4/soft-float/no-interrupts/libnrf_cc310_platform_0.9.19.a(cc_pal_pm.c.obj)
                0x000000000000945c                CC_PalPowerSaveModeSelect
 .text.__l_vfprintf
                0x00000000000094e0      0x4b8 c:\ncs\toolchains\66cdf9b75e\opt\zephyr-sdk\arm-zephyr-eabi\bin\../lib/gcc/../../picolibc/arm-zephyr-eabi/lib/thumb/v7e-m/nofp\libc.a(libc_tinystdio_vflprintf.c.o)
                0x00000000000094e0                __l_vfprintf
 .text._OffsetAbsSyms
                0x0000000000009998        0x2 zephyr/CMakeFiles/offsets.dir/./arch/arm/core/offsets/offsets.c.obj
                0x0000000000009998                _OffsetAbsSyms
 .text.nrf_gpio_pin_set
                0x000000000000999a       0x1a app/libapp.a(main.c.obj)
 .text.chunk_size
                0x00000000000099b4        0xa zephyr/libzephyr.a(heap.c.obj)
 .text.free_list_add
                0x00000000000099be       0x4e zephyr/libzephyr.a(heap.c.obj)
 .text.free_list_remove_bidx
                0x0000000000009a0c       0x3a zephyr/libzephyr.a(heap.c.obj)
 .text.free_list_remove
                0x0000000000009a46       0x1a zephyr/libzephyr.a(heap.c.obj)
 .text.alloc_chunk
                0x0000000000009a60       0x6e zephyr/libzephyr.a(heap.c.obj)
 .text.merge_chunks
                0x0000000000009ace       0x2c zephyr/libzephyr.a(heap.c.obj)
 .text.split_chunks
                0x0000000000009afa       0x34 zephyr/libzephyr.a(heap.c.obj)
 .text.free_chunk
                0x0000000000009b2e       0x62 zephyr/libzephyr.a(heap.c.obj)
 .text.sys_heap_free
                0x0000000000009b90       0x1e zephyr/libzephyr.a(heap.c.obj)
                0x0000000000009b90                sys_heap_free
 .text.sys_heap_alloc
                0x0000000000009bae       0x5a zephyr/libzephyr.a(heap.c.obj)
                0x0000000000009bae                sys_heap_alloc
 .text.sys_heap_noalign_alloc
                0x0000000000009c08        0x6 zephyr/libzephyr.a(heap.c.obj)
                0x0000000000009c08                sys_heap_noalign_alloc
 .text.sys_heap_aligned_alloc
                0x0000000000009c0e       0xde zephyr/libzephyr.a(heap.c.obj)
                0x0000000000009c0e                sys_heap_aligned_alloc
 .text.sys_heap_init
                0x0000000000009cec       0x7a zephyr/libzephyr.a(heap.c.obj)
                0x0000000000009cec                sys_heap_init
 .text.arch_printk_char_out
                0x0000000000009d66        0x4 zephyr/libzephyr.a(printk.c.obj)
                0x0000000000009d66                arch_printk_char_out
 .text.printk   0x0000000000009d6a       0x1a zephyr/libzephyr.a(printk.c.obj)
                0x0000000000009d6a                printk
 .text.sys_slist_find_and_remove
                0x0000000000009d84       0x36 zephyr/libzephyr.a(onoff.c.obj)
 .text.process_recheck
                0x0000000000009dba       0x38 zephyr/libzephyr.a(onoff.c.obj)
 .text.validate_args
                0x0000000000009df2       0x20 zephyr/libzephyr.a(onoff.c.obj)
 .text.notify_one
                0x0000000000009e12       0x2c zephyr/libzephyr.a(onoff.c.obj)
 .text.transition_complete
                0x0000000000009e3e       0x1a zephyr/libzephyr.a(onoff.c.obj)
 .text.onoff_manager_init
                0x0000000000009e58       0x26 zephyr/libzephyr.a(onoff.c.obj)
                0x0000000000009e58                onoff_manager_init
 .text.onoff_request
                0x0000000000009e7e       0xae zephyr/libzephyr.a(onoff.c.obj)
                0x0000000000009e7e                onoff_request
 .text.onoff_release
                0x0000000000009f2c       0x48 zephyr/libzephyr.a(onoff.c.obj)
                0x0000000000009f2c                onoff_release
 .text.onoff_cancel
                0x0000000000009f74       0x36 zephyr/libzephyr.a(onoff.c.obj)
                0x0000000000009f74                onoff_cancel
 .text.sys_notify_validate
                0x0000000000009faa       0x22 zephyr/libzephyr.a(notify.c.obj)
                0x0000000000009faa                sys_notify_validate
 .text.sys_notify_finalize
                0x0000000000009fcc       0x1a zephyr/libzephyr.a(notify.c.obj)
                0x0000000000009fcc                sys_notify_finalize
 .text.ring_buf_area_claim
                0x0000000000009fe6       0x30 zephyr/libzephyr.a(ring_buffer.c.obj)
                0x0000000000009fe6                ring_buf_area_claim
 .text.ring_buf_put_claim
                0x000000000000a016       0x1e zephyr/libzephyr.a(ring_buffer.c.obj)
 .text.ring_buf_get_claim
                0x000000000000a034       0x1e zephyr/libzephyr.a(ring_buffer.c.obj)
 .text.ring_buf_area_finish
                0x000000000000a052       0x32 zephyr/libzephyr.a(ring_buffer.c.obj)
                0x000000000000a052                ring_buf_area_finish
 .text.ring_buf_put
                0x000000000000a084       0x40 zephyr/libzephyr.a(ring_buffer.c.obj)
                0x000000000000a084                ring_buf_put
 .text.ring_buf_get
                0x000000000000a0c4       0x44 zephyr/libzephyr.a(ring_buffer.c.obj)
                0x000000000000a0c4                ring_buf_get
 .text._ConfigAbsSyms
                0x000000000000a108        0x2 zephyr/libzephyr.a(configs.c.obj)
                0x000000000000a108                _ConfigAbsSyms
 .text.abort_function
                0x000000000000a10a        0x2 zephyr/libzephyr.a(nrf_cc3xx_platform_abort_zephyr.c.obj)
 .text.arch_early_memset
                0x000000000000a10c        0x4 zephyr/arch/common/libarch__common.a(init.c.obj)
                0x000000000000a10c                arch_early_memset
 .text.arch_early_memcpy
                0x000000000000a110        0x4 zephyr/arch/common/libarch__common.a(init.c.obj)
                0x000000000000a110                arch_early_memcpy
 .text.z_do_kernel_oops
                0x000000000000a114        0x8 zephyr/arch/arch/arm/core/libarch__arm__core.a(fatal.c.obj)
                0x000000000000a114                z_do_kernel_oops
 .text.z_arm_nmi
                0x000000000000a11c        0xe zephyr/arch/arch/arm/core/libarch__arm__core.a(nmi.c.obj)
                0x000000000000a11c                z_arm_nmi
 .text.z_irq_spurious
                0x000000000000a12a        0x8 zephyr/arch/arch/arm/core/cortex_m/libarch__arm__core__cortex_m.a(irq_manage.c.obj)
                0x000000000000a12a                z_irq_spurious
 .text.arch_coprocessors_disable
                0x000000000000a132        0x6 zephyr/arch/arch/arm/core/cortex_m/libarch__arm__core__cortex_m.a(thread.c.obj)
                0x000000000000a132                arch_coprocessors_disable
 .text.arch_irq_unlock_outlined
                0x000000000000a138        0xe zephyr/arch/arch/arm/core/cortex_m/libarch__arm__core__cortex_m.a(thread.c.obj)
                0x000000000000a138                arch_irq_unlock_outlined
 .text.arch_cpu_idle
                0x000000000000a146       0x1a zephyr/arch/arch/arm/core/cortex_m/libarch__arm__core__cortex_m.a(cpu_idle.c.obj)
                0x000000000000a146                arch_cpu_idle
 .text.arch_cpu_atomic_idle
                0x000000000000a160       0x1e zephyr/arch/arch/arm/core/cortex_m/libarch__arm__core__cortex_m.a(cpu_idle.c.obj)
                0x000000000000a160                arch_cpu_atomic_idle
 .text.size_to_mpu_rasr_size
                0x000000000000a17e       0x20 zephyr/arch/arch/arm/core/mpu/libarch__arm__core__mpu.a(arm_mpu.c.obj)
 .text.picolibc_put
                0x000000000000a19e        0xa zephyr/lib/libc/picolibc/liblib__libc__picolibc.a(stdio.c.obj)
 .text.net_buf_frag_insert
                0x000000000000a1a8       0x16 zephyr/lib/net_buf/liblib__net_buf.a(buf.c.obj)
                0x000000000000a1a8                net_buf_frag_insert
 .text.net_buf_frag_add
                0x000000000000a1be       0x22 zephyr/lib/net_buf/liblib__net_buf.a(buf.c.obj)
                0x000000000000a1be                net_buf_frag_add
 .text.net_buf_frag_del
                0x000000000000a1e0       0x18 zephyr/lib/net_buf/liblib__net_buf.a(buf.c.obj)
                0x000000000000a1e0                net_buf_frag_del
 .text.net_buf_simple_add
                0x000000000000a1f8        0xc zephyr/lib/net_buf/liblib__net_buf.a(buf_simple.c.obj)
                0x000000000000a1f8                net_buf_simple_add
 .text.net_buf_simple_add_mem
                0x000000000000a204       0x12 zephyr/lib/net_buf/liblib__net_buf.a(buf_simple.c.obj)
                0x000000000000a204                net_buf_simple_add_mem
 .text.net_buf_simple_add_u8
                0x000000000000a216       0x10 zephyr/lib/net_buf/liblib__net_buf.a(buf_simple.c.obj)
                0x000000000000a216                net_buf_simple_add_u8
 .text.net_buf_simple_add_le16
                0x000000000000a226       0x14 zephyr/lib/net_buf/liblib__net_buf.a(buf_simple.c.obj)
                0x000000000000a226                net_buf_simple_add_le16
 .text.net_buf_simple_remove_mem
                0x000000000000a23a        0xe zephyr/lib/net_buf/liblib__net_buf.a(buf_simple.c.obj)
                0x000000000000a23a                net_buf_simple_remove_mem
 .text.net_buf_simple_pull
                0x000000000000a248       0x10 zephyr/lib/net_buf/liblib__net_buf.a(buf_simple.c.obj)
                0x000000000000a248                net_buf_simple_pull
 .text.net_buf_simple_tailroom
                0x000000000000a258       0x10 zephyr/lib/net_buf/liblib__net_buf.a(buf_simple.c.obj)
                0x000000000000a258                net_buf_simple_tailroom
 .text.usbd_device_lock
                0x000000000000a268        0xe zephyr/subsys/usb/device_next/libsubsys__usb__device_next.a(usbd_device.c.obj)
 .text.k_mutex_unlock.isra.0
                0x000000000000a276        0x4 zephyr/subsys/usb/device_next/libsubsys__usb__device_next.a(usbd_device.c.obj)
 .text.usbd_bus_speed
                0x000000000000a27a        0xa zephyr/subsys/usb/device_next/libsubsys__usb__device_next.a(usbd_device.c.obj)
                0x000000000000a27a                usbd_bus_speed
 .text.usbd_device_set_code_triple
                0x000000000000a284       0x48 zephyr/subsys/usb/device_next/libsubsys__usb__device_next.a(usbd_device.c.obj)
                0x000000000000a284                usbd_device_set_code_triple
 .text.usbd_is_suspended
                0x000000000000a2cc        0xa zephyr/subsys/usb/device_next/libsubsys__usb__device_next.a(usbd_device.c.obj)
                0x000000000000a2cc                usbd_is_suspended
 .text.usbd_init
                0x000000000000a2d6       0x5e zephyr/subsys/usb/device_next/libsubsys__usb__device_next.a(usbd_device.c.obj)
                0x000000000000a2d6                usbd_init
 .text.usbd_enable
                0x000000000000a334       0x5c zephyr/subsys/usb/device_next/libsubsys__usb__device_next.a(usbd_device.c.obj)
                0x000000000000a334                usbd_enable
 .text.usbd_device_get_vreq
                0x000000000000a390       0x28 zephyr/subsys/usb/device_next/libsubsys__usb__device_next.a(usbd_device.c.obj)
                0x000000000000a390                usbd_device_get_vreq
 .text.usbd_device_register_vreq
                0x000000000000a3b8       0x56 zephyr/subsys/usb/device_next/libsubsys__usb__device_next.a(usbd_device.c.obj)
                0x000000000000a3b8                usbd_device_register_vreq
 .text.usbd_get_descriptor
                0x000000000000a40e       0x34 zephyr/subsys/usb/device_next/libsubsys__usb__device_next.a(usbd_desc.c.obj)
                0x000000000000a40e                usbd_get_descriptor
 .text.usbd_add_descriptor
                0x000000000000a442      0x106 zephyr/subsys/usb/device_next/libsubsys__usb__device_next.a(usbd_desc.c.obj)
                0x000000000000a442                usbd_add_descriptor
 .text.usbd_str_desc_get_idx
                0x000000000000a548        0xa zephyr/subsys/usb/device_next/libsubsys__usb__device_next.a(usbd_desc.c.obj)
                0x000000000000a548                usbd_str_desc_get_idx
 .text.reqtype_is_to_host
                0x000000000000a552        0xc zephyr/subsys/usb/device_next/libsubsys__usb__device_next.a(usbd_ch9.c.obj)
 .text.sreq_feature_halt_notify
                0x000000000000a55e       0x20 zephyr/subsys/usb/device_next/libsubsys__usb__device_next.a(usbd_ch9.c.obj)
 .text.udc_test_mode
                0x000000000000a57e       0x46 zephyr/subsys/usb/device_next/libsubsys__usb__device_next.a(usbd_ch9.c.obj)
 .text.udc_set_address
                0x000000000000a5c4       0x38 zephyr/subsys/usb/device_next/libsubsys__usb__device_next.a(usbd_ch9.c.obj)
 .text.usbd_init_control_pipe
                0x000000000000a5fc        0xc zephyr/subsys/usb/device_next/libsubsys__usb__device_next.a(usbd_ch9.c.obj)
                0x000000000000a5fc                usbd_init_control_pipe
 .text.usbd_class_bcast_event
                0x000000000000a608       0x44 zephyr/subsys/usb/device_next/libsubsys__usb__device_next.a(usbd_core.c.obj)
 .text.usbd_ep_bm_is_set.isra.0
                0x000000000000a64c       0x12 zephyr/subsys/usb/device_next/libsubsys__usb__device_next.a(usbd_init.c.obj)
 .text.unassign_eps.constprop.0
                0x000000000000a65e       0x8c zephyr/subsys/usb/device_next/libsubsys__usb__device_next.a(usbd_init.c.obj)
 .text.usbd_init_configurations
                0x000000000000a6ea      0x1e6 zephyr/subsys/usb/device_next/libsubsys__usb__device_next.a(usbd_init.c.obj)
                0x000000000000a6ea                usbd_init_configurations
 .text.usbd_device_lock
                0x000000000000a8d0        0xe zephyr/subsys/usb/device_next/libsubsys__usb__device_next.a(usbd_config.c.obj)
 .text.k_mutex_unlock.isra.0
                0x000000000000a8de        0x4 zephyr/subsys/usb/device_next/libsubsys__usb__device_next.a(usbd_config.c.obj)
 .text.usbd_config_get
                0x000000000000a8e2       0x28 zephyr/subsys/usb/device_next/libsubsys__usb__device_next.a(usbd_config.c.obj)
                0x000000000000a8e2                usbd_config_get
 .text.usbd_config_get_current
                0x000000000000a90a       0x24 zephyr/subsys/usb/device_next/libsubsys__usb__device_next.a(usbd_config.c.obj)
                0x000000000000a90a                usbd_config_get_current
 .text.usbd_config_exist
                0x000000000000a92e        0xe zephyr/subsys/usb/device_next/libsubsys__usb__device_next.a(usbd_config.c.obj)
                0x000000000000a92e                usbd_config_exist
 .text.usbd_config_set
                0x000000000000a93c       0x98 zephyr/subsys/usb/device_next/libsubsys__usb__device_next.a(usbd_config.c.obj)
                0x000000000000a93c                usbd_config_set
 .text.usbd_add_configuration
                0x000000000000a9d4       0xc2 zephyr/subsys/usb/device_next/libsubsys__usb__device_next.a(usbd_config.c.obj)
                0x000000000000a9d4                usbd_add_configuration
 .text.usbd_device_lock
                0x000000000000aa96        0xe zephyr/subsys/usb/device_next/libsubsys__usb__device_next.a(usbd_class.c.obj)
 .text.usbd_class_desc_len
                0x000000000000aaa4       0x20 zephyr/subsys/usb/device_next/libsubsys__usb__device_next.a(usbd_class.c.obj)
                0x000000000000aaa4                usbd_class_desc_len
 .text.usbd_class_get_by_config
                0x000000000000aac4       0x20 zephyr/subsys/usb/device_next/libsubsys__usb__device_next.a(usbd_class.c.obj)
                0x000000000000aac4                usbd_class_get_by_config
 .text.usbd_class_get_by_iface
                0x000000000000aae4       0x20 zephyr/subsys/usb/device_next/libsubsys__usb__device_next.a(usbd_class.c.obj)
                0x000000000000aae4                usbd_class_get_by_iface
 .text.usbd_class_handle_xfer
                0x000000000000ab04       0x12 zephyr/subsys/usb/device_next/libsubsys__usb__device_next.a(usbd_class.c.obj)
                0x000000000000ab04                usbd_class_handle_xfer
 .text.usbd_class_get_by_ep
                0x000000000000ab16       0x46 zephyr/subsys/usb/device_next/libsubsys__usb__device_next.a(usbd_class.c.obj)
                0x000000000000ab16                usbd_class_get_by_ep
 .text.usbd_class_get_by_req
                0x000000000000ab5c       0x2e zephyr/subsys/usb/device_next/libsubsys__usb__device_next.a(usbd_class.c.obj)
                0x000000000000ab5c                usbd_class_get_by_req
 .text.usbd_register_class
                0x000000000000ab8a       0x9a zephyr/subsys/usb/device_next/libsubsys__usb__device_next.a(usbd_class.c.obj)
                0x000000000000ab8a                usbd_register_class
 .text.usbd_interface_modify
                0x000000000000ac24       0x98 zephyr/subsys/usb/device_next/libsubsys__usb__device_next.a(usbd_interface.c.obj)
 .text.usbd_interface_shutdown
                0x000000000000acbc       0x54 zephyr/subsys/usb/device_next/libsubsys__usb__device_next.a(usbd_interface.c.obj)
                0x000000000000acbc                usbd_interface_shutdown
 .text.usbd_interface_default
                0x000000000000ad10       0x50 zephyr/subsys/usb/device_next/libsubsys__usb__device_next.a(usbd_interface.c.obj)
                0x000000000000ad10                usbd_interface_default
 .text.usbd_interface_set
                0x000000000000ad60       0x78 zephyr/subsys/usb/device_next/libsubsys__usb__device_next.a(usbd_interface.c.obj)
                0x000000000000ad60                usbd_interface_set
 .text.usbd_ep_bm_clear
                0x000000000000add8       0x1e zephyr/subsys/usb/device_next/libsubsys__usb__device_next.a(usbd_endpoint.c.obj)
 .text.usbd_ep_enable
                0x000000000000adf6       0x38 zephyr/subsys/usb/device_next/libsubsys__usb__device_next.a(usbd_endpoint.c.obj)
                0x000000000000adf6                usbd_ep_enable
 .text.usbd_ep_disable
                0x000000000000ae2e       0x2c zephyr/subsys/usb/device_next/libsubsys__usb__device_next.a(usbd_endpoint.c.obj)
                0x000000000000ae2e                usbd_ep_disable
 .text.usbd_ep_ctrl_enqueue
                0x000000000000ae5a       0x7c zephyr/subsys/usb/device_next/libsubsys__usb__device_next.a(usbd_endpoint.c.obj)
                0x000000000000ae5a                usbd_ep_ctrl_enqueue
 .text.usbd_ep_buf_alloc
                0x000000000000aed6        0x8 zephyr/subsys/usb/device_next/libsubsys__usb__device_next.a(usbd_endpoint.c.obj)
                0x000000000000aed6                usbd_ep_buf_alloc
 .text.usbd_ep_enqueue
                0x000000000000aede       0x30 zephyr/subsys/usb/device_next/libsubsys__usb__device_next.a(usbd_endpoint.c.obj)
                0x000000000000aede                usbd_ep_enqueue
 .text.usbd_ep_buf_free
                0x000000000000af0e        0x6 zephyr/subsys/usb/device_next/libsubsys__usb__device_next.a(usbd_endpoint.c.obj)
                0x000000000000af0e                usbd_ep_buf_free
 .text.usbd_ep_dequeue
                0x000000000000af14        0x6 zephyr/subsys/usb/device_next/libsubsys__usb__device_next.a(usbd_endpoint.c.obj)
                0x000000000000af14                usbd_ep_dequeue
 .text.usbd_ep_set_halt
                0x000000000000af1a       0x2a zephyr/subsys/usb/device_next/libsubsys__usb__device_next.a(usbd_endpoint.c.obj)
                0x000000000000af1a                usbd_ep_set_halt
 .text.usbd_ep_clear_halt
                0x000000000000af44       0x1e zephyr/subsys/usb/device_next/libsubsys__usb__device_next.a(usbd_endpoint.c.obj)
                0x000000000000af44                usbd_ep_clear_halt
 .text.usbd_ep_is_halted
                0x000000000000af62       0x16 zephyr/subsys/usb/device_next/libsubsys__usb__device_next.a(usbd_endpoint.c.obj)
                0x000000000000af62                usbd_ep_is_halted
 .text.usbd_msg_pub_simple
                0x000000000000af78       0x1c zephyr/subsys/usb/device_next/libsubsys__usb__device_next.a(usbd_msg.c.obj)
                0x000000000000af78                usbd_msg_pub_simple
 .text.usbd_msg_pub_device
                0x000000000000af94       0x1c zephyr/subsys/usb/device_next/libsubsys__usb__device_next.a(usbd_msg.c.obj)
                0x000000000000af94                usbd_msg_pub_device
 .text.usbd_cdc_acm_update
                0x000000000000afb0        0x2 zephyr/subsys/usb/device_next/libsubsys__usb__device_next.a(usbd_cdc_acm.c.obj)
 .text.usbd_cdc_acm_get_desc
                0x000000000000afb2        0x8 zephyr/subsys/usb/device_next/libsubsys__usb__device_next.a(usbd_cdc_acm.c.obj)
 .text.cdc_acm_irq_tx_ready
                0x000000000000afba       0x18 zephyr/subsys/usb/device_next/libsubsys__usb__device_next.a(usbd_cdc_acm.c.obj)
 .text.cdc_acm_irq_rx_ready
                0x000000000000afd2        0x8 zephyr/subsys/usb/device_next/libsubsys__usb__device_next.a(usbd_cdc_acm.c.obj)
 .text.cdc_acm_irq_is_pending
                0x000000000000afda       0x12 zephyr/subsys/usb/device_next/libsubsys__usb__device_next.a(usbd_cdc_acm.c.obj)
 .text.cdc_acm_irq_callback_set
                0x000000000000afec        0x8 zephyr/subsys/usb/device_next/libsubsys__usb__device_next.a(usbd_cdc_acm.c.obj)
 .text.atomic_test_bit
                0x000000000000aff4       0x12 zephyr/subsys/usb/device_next/libsubsys__usb__device_next.a(usbd_cdc_acm.c.obj)
 .text.cdc_acm_irq_rx_enable
                0x000000000000b006       0x4a zephyr/subsys/usb/device_next/libsubsys__usb__device_next.a(usbd_cdc_acm.c.obj)
 .text.cdc_acm_fifo_read
                0x000000000000b050       0x14 zephyr/subsys/usb/device_next/libsubsys__usb__device_next.a(usbd_cdc_acm.c.obj)
 .text.cdc_acm_poll_in
                0x000000000000b064       0x2a zephyr/subsys/usb/device_next/libsubsys__usb__device_next.a(usbd_cdc_acm.c.obj)
 .text.cdc_acm_fifo_fill
                0x000000000000b08e       0x2a zephyr/subsys/usb/device_next/libsubsys__usb__device_next.a(usbd_cdc_acm.c.obj)
 .text.usbd_cdc_acm_init
                0x000000000000b0b8       0x34 zephyr/subsys/usb/device_next/libsubsys__usb__device_next.a(usbd_cdc_acm.c.obj)
 .text.atomic_clear_bit
                0x000000000000b0ec       0x1e zephyr/subsys/usb/device_next/libsubsys__usb__device_next.a(usbd_cdc_acm.c.obj)
 .text.cdc_acm_irq_rx_disable
                0x000000000000b10a        0xa zephyr/subsys/usb/device_next/libsubsys__usb__device_next.a(usbd_cdc_acm.c.obj)
 .text.cdc_acm_irq_tx_disable
                0x000000000000b114        0xa zephyr/subsys/usb/device_next/libsubsys__usb__device_next.a(usbd_cdc_acm.c.obj)
 .text.usbd_cdc_acm_disable
                0x000000000000b11e       0x18 zephyr/subsys/usb/device_next/libsubsys__usb__device_next.a(usbd_cdc_acm.c.obj)
 .text.usbd_cdc_acm_resumed
                0x000000000000b136        0xc zephyr/subsys/usb/device_next/libsubsys__usb__device_next.a(usbd_cdc_acm.c.obj)
 .text.cdc_acm_tx_fifo_handler
                0x000000000000b142       0xc0 zephyr/subsys/usb/device_next/libsubsys__usb__device_next.a(usbd_cdc_acm.c.obj)
 .text.usbd_cdc_acm_request
                0x000000000000b202       0xe8 zephyr/subsys/usb/device_next/libsubsys__usb__device_next.a(usbd_cdc_acm.c.obj)
 .text.cdc_acm_rx_fifo_handler
                0x000000000000b2ea       0x8c zephyr/subsys/usb/device_next/libsubsys__usb__device_next.a(usbd_cdc_acm.c.obj)
 .text.cdc_acm_irq_cb_handler
                0x000000000000b376       0xae zephyr/subsys/usb/device_next/libsubsys__usb__device_next.a(usbd_cdc_acm.c.obj)
 .text.cdc_acm_irq_update
                0x000000000000b424       0x46 zephyr/subsys/usb/device_next/libsubsys__usb__device_next.a(usbd_cdc_acm.c.obj)
 .text.usbd_cdc_acm_suspended
                0x000000000000b46a       0x20 zephyr/subsys/usb/device_next/libsubsys__usb__device_next.a(usbd_cdc_acm.c.obj)
 .text.usbd_cdc_acm_enable
                0x000000000000b48a       0x6a zephyr/subsys/usb/device_next/libsubsys__usb__device_next.a(usbd_cdc_acm.c.obj)
 .text.cdc_acm_irq_tx_enable
                0x000000000000b4f4       0x36 zephyr/subsys/usb/device_next/libsubsys__usb__device_next.a(usbd_cdc_acm.c.obj)
 .text.udc_pool_data_unref
                0x000000000000b52a       0x18 zephyr/drivers/usb/udc/libdrivers__usb__udc.a(udc_common.c.obj)
 .text.udc_pool_data_alloc
                0x000000000000b542       0x2e zephyr/drivers/usb/udc/libdrivers__usb__udc.a(udc_common.c.obj)
 .text.udc_buf_destroy
                0x000000000000b570       0x30 zephyr/drivers/usb/udc/libdrivers__usb__udc.a(udc_common.c.obj)
 .text.ep_check_config.constprop.0
                0x000000000000b5a0       0x68 zephyr/drivers/usb/udc/libdrivers__usb__udc.a(udc_common.c.obj)
 .text.udc_is_initialized.isra.0
                0x000000000000b608       0x12 zephyr/drivers/usb/udc/libdrivers__usb__udc.a(udc_common.c.obj)
 .text.udc_is_enabled.isra.0
                0x000000000000b61a       0x12 zephyr/drivers/usb/udc/libdrivers__usb__udc.a(udc_common.c.obj)
 .text.udc_set_suspended
                0x000000000000b62c       0x40 zephyr/drivers/usb/udc/libdrivers__usb__udc.a(udc_common.c.obj)
                0x000000000000b62c                udc_set_suspended
 .text.udc_get_ep_cfg
                0x000000000000b66c       0x12 zephyr/drivers/usb/udc/libdrivers__usb__udc.a(udc_common.c.obj)
                0x000000000000b66c                udc_get_ep_cfg
 .text.udc_ep_is_busy
                0x000000000000b67e        0x8 zephyr/drivers/usb/udc/libdrivers__usb__udc.a(udc_common.c.obj)
                0x000000000000b67e                udc_ep_is_busy
 .text.udc_ep_set_busy
                0x000000000000b686        0xa zephyr/drivers/usb/udc/libdrivers__usb__udc.a(udc_common.c.obj)
                0x000000000000b686                udc_ep_set_busy
 .text.udc_register_ep
                0x000000000000b690       0x2c zephyr/drivers/usb/udc/libdrivers__usb__udc.a(udc_common.c.obj)
                0x000000000000b690                udc_register_ep
 .text.udc_buf_get
                0x000000000000b6bc        0x8 zephyr/drivers/usb/udc/libdrivers__usb__udc.a(udc_common.c.obj)
                0x000000000000b6bc                udc_buf_get
 .text.udc_buf_get_all
                0x000000000000b6c4       0x2e zephyr/drivers/usb/udc/libdrivers__usb__udc.a(udc_common.c.obj)
                0x000000000000b6c4                udc_buf_get_all
 .text.udc_buf_peek
                0x000000000000b6f2        0x4 zephyr/drivers/usb/udc/libdrivers__usb__udc.a(udc_common.c.obj)
                0x000000000000b6f2                udc_buf_peek
 .text.udc_buf_put
                0x000000000000b6f6        0x4 zephyr/drivers/usb/udc/libdrivers__usb__udc.a(udc_common.c.obj)
                0x000000000000b6f6                udc_buf_put
 .text.udc_ep_buf_set_setup
                0x000000000000b6fa        0xe zephyr/drivers/usb/udc/libdrivers__usb__udc.a(udc_common.c.obj)
                0x000000000000b6fa                udc_ep_buf_set_setup
 .text.udc_ep_buf_has_zlp
                0x000000000000b708        0x8 zephyr/drivers/usb/udc/libdrivers__usb__udc.a(udc_common.c.obj)
                0x000000000000b708                udc_ep_buf_has_zlp
 .text.udc_ep_buf_clear_zlp
                0x000000000000b710        0xa zephyr/drivers/usb/udc/libdrivers__usb__udc.a(udc_common.c.obj)
                0x000000000000b710                udc_ep_buf_clear_zlp
 .text.udc_submit_event
                0x000000000000b71a       0x18 zephyr/drivers/usb/udc/libdrivers__usb__udc.a(udc_common.c.obj)
                0x000000000000b71a                udc_submit_event
 .text.udc_submit_ep_event
                0x000000000000b732       0x30 zephyr/drivers/usb/udc/libdrivers__usb__udc.a(udc_common.c.obj)
                0x000000000000b732                udc_submit_ep_event
 .text.udc_ep_try_config
                0x000000000000b762       0x8a zephyr/drivers/usb/udc/libdrivers__usb__udc.a(udc_common.c.obj)
                0x000000000000b762                udc_ep_try_config
 .text.udc_ep_enable_internal
                0x000000000000b7ec       0x64 zephyr/drivers/usb/udc/libdrivers__usb__udc.a(udc_common.c.obj)
                0x000000000000b7ec                udc_ep_enable_internal
 .text.udc_ep_enable
                0x000000000000b850       0x52 zephyr/drivers/usb/udc/libdrivers__usb__udc.a(udc_common.c.obj)
                0x000000000000b850                udc_ep_enable
 .text.udc_ep_disable_internal
                0x000000000000b8a2       0x3e zephyr/drivers/usb/udc/libdrivers__usb__udc.a(udc_common.c.obj)
                0x000000000000b8a2                udc_ep_disable_internal
 .text.udc_ep_disable
                0x000000000000b8e0       0x38 zephyr/drivers/usb/udc/libdrivers__usb__udc.a(udc_common.c.obj)
                0x000000000000b8e0                udc_ep_disable
 .text.udc_ep_set_halt
                0x000000000000b918       0x54 zephyr/drivers/usb/udc/libdrivers__usb__udc.a(udc_common.c.obj)
                0x000000000000b918                udc_ep_set_halt
 .text.udc_ep_clear_halt
                0x000000000000b96c       0x60 zephyr/drivers/usb/udc/libdrivers__usb__udc.a(udc_common.c.obj)
                0x000000000000b96c                udc_ep_clear_halt
 .text.udc_ep_enqueue
                0x000000000000b9cc       0x50 zephyr/drivers/usb/udc/libdrivers__usb__udc.a(udc_common.c.obj)
                0x000000000000b9cc                udc_ep_enqueue
 .text.udc_ep_dequeue
                0x000000000000ba1c       0x42 zephyr/drivers/usb/udc/libdrivers__usb__udc.a(udc_common.c.obj)
                0x000000000000ba1c                udc_ep_dequeue
 .text.udc_ctrl_alloc
                0x000000000000ba5e        0x4 zephyr/drivers/usb/udc/libdrivers__usb__udc.a(udc_common.c.obj)
                0x000000000000ba5e                udc_ctrl_alloc
 .text.udc_ep_buf_free
                0x000000000000ba62       0x1c zephyr/drivers/usb/udc/libdrivers__usb__udc.a(udc_common.c.obj)
                0x000000000000ba62                udc_ep_buf_free
 .text.udc_device_speed
                0x000000000000ba7e       0x2c zephyr/drivers/usb/udc/libdrivers__usb__udc.a(udc_common.c.obj)
                0x000000000000ba7e                udc_device_speed
 .text.udc_enable
                0x000000000000baaa       0x5a zephyr/drivers/usb/udc/libdrivers__usb__udc.a(udc_common.c.obj)
                0x000000000000baaa                udc_enable
 .text.udc_disable
                0x000000000000bb04       0x48 zephyr/drivers/usb/udc/libdrivers__usb__udc.a(udc_common.c.obj)
                0x000000000000bb04                udc_disable
 .text.udc_init
                0x000000000000bb4c       0x66 zephyr/drivers/usb/udc/libdrivers__usb__udc.a(udc_common.c.obj)
                0x000000000000bb4c                udc_init
 .text.udc_shutdown
                0x000000000000bbb2       0x56 zephyr/drivers/usb/udc/libdrivers__usb__udc.a(udc_common.c.obj)
                0x000000000000bbb2                udc_shutdown
 .text.udc_ctrl_submit_s_out_status
                0x000000000000bc08       0x4c zephyr/drivers/usb/udc/libdrivers__usb__udc.a(udc_common.c.obj)
                0x000000000000bc08                udc_ctrl_submit_s_out_status
 .text.udc_ctrl_submit_s_in_status
                0x000000000000bc54       0x4c zephyr/drivers/usb/udc/libdrivers__usb__udc.a(udc_common.c.obj)
                0x000000000000bc54                udc_ctrl_submit_s_in_status
 .text.udc_ctrl_submit_s_status
                0x000000000000bca0       0x3e zephyr/drivers/usb/udc/libdrivers__usb__udc.a(udc_common.c.obj)
                0x000000000000bca0                udc_ctrl_submit_s_status
 .text.udc_ctrl_submit_status
                0x000000000000bcde        0xe zephyr/drivers/usb/udc/libdrivers__usb__udc.a(udc_common.c.obj)
                0x000000000000bcde                udc_ctrl_submit_status
 .text.udc_ctrl_stage_is_data_out
                0x000000000000bcec        0xe zephyr/drivers/usb/udc/libdrivers__usb__udc.a(udc_common.c.obj)
                0x000000000000bcec                udc_ctrl_stage_is_data_out
 .text.udc_ctrl_stage_is_data_in
                0x000000000000bcfa        0xe zephyr/drivers/usb/udc/libdrivers__usb__udc.a(udc_common.c.obj)
                0x000000000000bcfa                udc_ctrl_stage_is_data_in
 .text.udc_ctrl_stage_is_status_in
                0x000000000000bd08        0xe zephyr/drivers/usb/udc/libdrivers__usb__udc.a(udc_common.c.obj)
                0x000000000000bd08                udc_ctrl_stage_is_status_in
 .text.udc_ctrl_stage_is_no_data
                0x000000000000bd16        0xe zephyr/drivers/usb/udc/libdrivers__usb__udc.a(udc_common.c.obj)
                0x000000000000bd16                udc_ctrl_stage_is_no_data
 .text.udc_ctrl_update_stage
                0x000000000000bd24       0x84 zephyr/drivers/usb/udc/libdrivers__usb__udc.a(udc_common.c.obj)
                0x000000000000bd24                udc_ctrl_update_stage
 .text.ep2bit   0x000000000000bda8       0x10 zephyr/drivers/usb/udc/libdrivers__usb__udc.a(udc_nrf.c.obj)
 .text.udc_event_xfer_in_next
                0x000000000000bdb8       0x2c zephyr/drivers/usb/udc/libdrivers__usb__udc.a(udc_nrf.c.obj)
 .text.udc_event_xfer_out_next
                0x000000000000bde4       0x2c zephyr/drivers/usb/udc/libdrivers__usb__udc.a(udc_nrf.c.obj)
 .text.udc_nrf_shutdown
                0x000000000000be10        0xe zephyr/drivers/usb/udc/libdrivers__usb__udc.a(udc_nrf.c.obj)
 .text.udc_nrf_lock
                0x000000000000be1e       0x10 zephyr/drivers/usb/udc/libdrivers__usb__udc.a(udc_nrf.c.obj)
 .text.udc_nrf_unlock
                0x000000000000be2e        0x8 zephyr/drivers/usb/udc/libdrivers__usb__udc.a(udc_nrf.c.obj)
 .text.atomic_set_bit
                0x000000000000be36       0x26 zephyr/drivers/usb/udc/libdrivers__usb__udc.a(udc_nrf.c.obj)
 .text.k_sem_give
                0x000000000000be5c        0x4 zephyr/drivers/adc/libdrivers__adc.a(adc_nrfx_saadc.c.obj)
 .text.get_status
                0x000000000000be60       0x12 zephyr/drivers/clock_control/libdrivers__clock_control.a(clock_control_nrf.c.obj)
 .text.stop     0x000000000000be72       0x52 zephyr/drivers/clock_control/libdrivers__clock_control.a(clock_control_nrf.c.obj)
 .text.api_stop
                0x000000000000bec4        0x6 zephyr/drivers/clock_control/libdrivers__clock_control.a(clock_control_nrf.c.obj)
 .text.async_start
                0x000000000000beca       0x5c zephyr/drivers/clock_control/libdrivers__clock_control.a(clock_control_nrf.c.obj)
 .text.api_start
                0x000000000000bf26        0xe zephyr/drivers/clock_control/libdrivers__clock_control.a(clock_control_nrf.c.obj)
 .text.onoff_started_callback
                0x000000000000bf34       0x12 zephyr/drivers/clock_control/libdrivers__clock_control.a(clock_control_nrf.c.obj)
 .text.blocking_start_callback
                0x000000000000bf46        0x6 zephyr/drivers/clock_control/libdrivers__clock_control.a(clock_control_nrf.c.obj)
 .text.lfclk_stop
                0x000000000000bf4c        0x4 zephyr/drivers/clock_control/libdrivers__clock_control.a(clock_control_nrf.c.obj)
 .text.lfclk_start
                0x000000000000bf50        0x4 zephyr/drivers/clock_control/libdrivers__clock_control.a(clock_control_nrf.c.obj)
 .text.gpio_nrfx_port_get_raw
                0x000000000000bf54        0xe zephyr/drivers/gpio/libdrivers__gpio.a(gpio_nrfx.c.obj)
 .text.gpio_nrfx_port_set_masked_raw
                0x000000000000bf62       0x18 zephyr/drivers/gpio/libdrivers__gpio.a(gpio_nrfx.c.obj)
 .text.gpio_nrfx_port_set_bits_raw
                0x000000000000bf7a        0xc zephyr/drivers/gpio/libdrivers__gpio.a(gpio_nrfx.c.obj)
 .text.gpio_nrfx_port_clear_bits_raw
                0x000000000000bf86        0xc zephyr/drivers/gpio/libdrivers__gpio.a(gpio_nrfx.c.obj)
 .text.gpio_nrfx_port_toggle_bits
                0x000000000000bf92       0x1a zephyr/drivers/gpio/libdrivers__gpio.a(gpio_nrfx.c.obj)
 .text.gpio_nrfx_manage_callback
                0x000000000000bfac       0x52 zephyr/drivers/gpio/libdrivers__gpio.a(gpio_nrfx.c.obj)
 .text.gpio_nrfx_gpiote_irq_handler
                0x000000000000bffe        0x4 zephyr/drivers/gpio/libdrivers__gpio.a(gpio_nrfx.c.obj)
                0x000000000000bffe                gpio_nrfx_gpiote_irq_handler
 .text.z_impl_hwinfo_get_device_id
                0x000000000000c002       0x28 zephyr/drivers/hwinfo/libdrivers__hwinfo.a(hwinfo_nrf.c.obj)
                0x000000000000c002                z_impl_hwinfo_get_device_id
 .text.pinctrl_lookup_state
                0x000000000000c02a       0x26 zephyr/drivers/pinctrl/libdrivers__pinctrl.a(common.c.obj)
                0x000000000000c02a                pinctrl_lookup_state
 .text.pwm_handler
                0x000000000000c050        0x2 zephyr/drivers/pwm/libdrivers__pwm.a(pwm_nrfx.c.obj)
 .text.pwm_nrfx_get_cycles_per_sec
                0x000000000000c052        0xc zephyr/drivers/pwm/libdrivers__pwm.a(pwm_nrfx.c.obj)
 .text.pwm_nrfx_set_cycles
                0x000000000000c05e      0x130 zephyr/drivers/pwm/libdrivers__pwm.a(pwm_nrfx.c.obj)
 .text.uarte_nrfx_err_check
                0x000000000000c18e        0xe zephyr/drivers/serial/libdrivers__serial.a(uart_nrfx_uarte.c.obj)
 .text.uarte_nrfx_poll_in
                0x000000000000c19c       0x26 zephyr/drivers/serial/libdrivers__serial.a(uart_nrfx_uarte.c.obj)
 .text.uarte_nrfx_fifo_read
                0x000000000000c1c2       0x28 zephyr/drivers/serial/libdrivers__serial.a(uart_nrfx_uarte.c.obj)
 .text.uarte_nrfx_irq_tx_enable
                0x000000000000c1ea       0x36 zephyr/drivers/serial/libdrivers__serial.a(uart_nrfx_uarte.c.obj)
 .text.uarte_nrfx_irq_tx_disable
                0x000000000000c220       0x14 zephyr/drivers/serial/libdrivers__serial.a(uart_nrfx_uarte.c.obj)
 .text.uarte_nrfx_irq_tx_ready_complete
                0x000000000000c234       0x1e zephyr/drivers/serial/libdrivers__serial.a(uart_nrfx_uarte.c.obj)
 .text.uarte_nrfx_irq_rx_ready
                0x000000000000c252       0x10 zephyr/drivers/serial/libdrivers__serial.a(uart_nrfx_uarte.c.obj)
 .text.uarte_nrfx_irq_rx_enable
                0x000000000000c262       0x14 zephyr/drivers/serial/libdrivers__serial.a(uart_nrfx_uarte.c.obj)
 .text.uarte_nrfx_irq_rx_disable
                0x000000000000c276       0x14 zephyr/drivers/serial/libdrivers__serial.a(uart_nrfx_uarte.c.obj)