Archive member included to satisfy reference by file (symbol)

c:\Users\Water\Documents\CH582M Projects\ContinuousHealthMonitorChip\StdPeriphDriver\libISP583.a(ISP583.o)
                              ./StdPeriphDriver/CH58x_flash.o (FLASH_EEPROM_CMD)
c:/Users/Water/Documents/CH582M Projects/ContinuousHealthMonitorChip/LIB\libCH58xBLE.a(message.o)
                              ./HAL/MCU.o (tmos_msg_deallocate)
c:/Users/Water/Documents/CH582M Projects/ContinuousHealthMonitorChip/LIB\libCH58xBLE.a(tmos.o)
                              ./Profile/battservice.o (tmos_memcpy)
c:/Users/Water/Documents/CH582M Projects/ContinuousHealthMonitorChip/LIB\libCH58xBLE.a(tmos_hw.o)
                              ./HAL/RTC.o (TMOS_TimerInit)
c:/Users/Water/Documents/CH582M Projects/ContinuousHealthMonitorChip/LIB\libCH58xBLE.a(tmos_snv.o)
                              c:/Users/Water/Documents/CH582M Projects/ContinuousHealthMonitorChip/LIB\libCH58xBLE.a(tmos.o) (tmos_snv_init)
c:/Users/Water/Documents/CH582M Projects/ContinuousHealthMonitorChip/LIB\libCH58xBLE.a(gap.o)
                              ./APP/heartrate.o (GAP_GetParamValue)
c:/Users/Water/Documents/CH582M Projects/ContinuousHealthMonitorChip/LIB\libCH58xBLE.a(gap_central.o)
                              c:/Users/Water/Documents/CH582M Projects/ContinuousHealthMonitorChip/LIB\libCH58xBLE.a(gap.o) (gapProcessPeriodicAdvertisingSyncEstablishedEvt)
c:/Users/Water/Documents/CH582M Projects/ContinuousHealthMonitorChip/LIB\libCH58xBLE.a(gap_peripheral.o)
                              c:/Users/Water/Documents/CH582M Projects/ContinuousHealthMonitorChip/LIB\libCH58xBLE.a(gap.o) (GAP_PeripheralParamInit)
c:/Users/Water/Documents/CH582M Projects/ContinuousHealthMonitorChip/LIB\libCH58xBLE.a(gapgattserver.o)
                              ./APP/heartrate.o (GGS_SetParameter)
c:/Users/Water/Documents/CH582M Projects/ContinuousHealthMonitorChip/LIB\libCH58xBLE.a(gatt.o)
                              ./Profile/battservice.o (GATT_bm_alloc)
c:/Users/Water/Documents/CH582M Projects/ContinuousHealthMonitorChip/LIB\libCH58xBLE.a(gatt_uuid.o)
                              ./Profile/battservice.o (reportRefUUID)
c:/Users/Water/Documents/CH582M Projects/ContinuousHealthMonitorChip/LIB\libCH58xBLE.a(gattclientapp.o)
                              c:/Users/Water/Documents/CH582M Projects/ContinuousHealthMonitorChip/LIB\libCH58xBLE.a(gatt.o) (gattGetClientStatus)
c:/Users/Water/Documents/CH582M Projects/ContinuousHealthMonitorChip/LIB\libCH58xBLE.a(gattservapp.o)
                              ./Profile/battservice.o (GATTServApp_ReadCharCfg)
c:/Users/Water/Documents/CH582M Projects/ContinuousHealthMonitorChip/LIB\libCH58xBLE.a(l2cap.o)
                              c:/Users/Water/Documents/CH582M Projects/ContinuousHealthMonitorChip/LIB\libCH58xBLE.a(gatt.o) (L2CAP_GetMTU)
c:/Users/Water/Documents/CH582M Projects/ContinuousHealthMonitorChip/LIB\libCH58xBLE.a(l2cap_input.o)
                              c:/Users/Water/Documents/CH582M Projects/ContinuousHealthMonitorChip/LIB\libCH58xBLE.a(l2cap.o) (l2capProcessRxData)
c:/Users/Water/Documents/CH582M Projects/ContinuousHealthMonitorChip/LIB\libCH58xBLE.a(l2cap_output.o)
                              c:/Users/Water/Documents/CH582M Projects/ContinuousHealthMonitorChip/LIB\libCH58xBLE.a(l2cap_input.o) (l2capNotifyData)
c:/Users/Water/Documents/CH582M Projects/ContinuousHealthMonitorChip/LIB\libCH58xBLE.a(l2cap_sdu.o)
                              c:/Users/Water/Documents/CH582M Projects/ContinuousHealthMonitorChip/LIB\libCH58xBLE.a(l2cap_input.o) (l2capBuildDisconnectRsp)
c:/Users/Water/Documents/CH582M Projects/ContinuousHealthMonitorChip/LIB\libCH58xBLE.a(linkdb.o)
                              c:/Users/Water/Documents/CH582M Projects/ContinuousHealthMonitorChip/LIB\libCH58xBLE.a(l2cap.o) (linkDB_Init)
c:/Users/Water/Documents/CH582M Projects/ContinuousHealthMonitorChip/LIB\libCH58xBLE.a(sm.o)
                              c:/Users/Water/Documents/CH582M Projects/ContinuousHealthMonitorChip/LIB\libCH58xBLE.a(gap.o) (smFreePairingParams)
c:/Users/Water/Documents/CH582M Projects/ContinuousHealthMonitorChip/LIB\libCH58xBLE.a(sm_initiator.o)
                              c:/Users/Water/Documents/CH582M Projects/ContinuousHealthMonitorChip/LIB\libCH58xBLE.a(sm.o) (smInitiatorSendNextKeyInfo)
c:/Users/Water/Documents/CH582M Projects/ContinuousHealthMonitorChip/LIB\libCH58xBLE.a(sm_pdu.o)
                              c:/Users/Water/Documents/CH582M Projects/ContinuousHealthMonitorChip/LIB\libCH58xBLE.a(sm.o) (smpBuildPairingReq)
c:/Users/Water/Documents/CH582M Projects/ContinuousHealthMonitorChip/LIB\libCH58xBLE.a(sm_responding.o)
                              c:/Users/Water/Documents/CH582M Projects/ContinuousHealthMonitorChip/LIB\libCH58xBLE.a(sm.o) (smResponderSendNextKeyInfo)
c:/Users/Water/Documents/CH582M Projects/ContinuousHealthMonitorChip/LIB\libCH58xBLE.a(sm_toolbox.o)
[...]
Memory Configuration

Name             Origin             Length             Attributes
FLASH            0x0000000000000000 0x0000000000070000 xr
RAM              0x0000000020000000 0x0000000000008000 xrw
*default*        0x0000000000000000 0xffffffffffffffff

Linker script and memory map

LOAD ./StdPeriphDriver/CH58x_adc.o
LOAD ./StdPeriphDriver/CH58x_clk.o
LOAD ./StdPeriphDriver/CH58x_flash.o
LOAD ./StdPeriphDriver/CH58x_gpio.o
LOAD ./StdPeriphDriver/CH58x_i2c.o
LOAD ./StdPeriphDriver/CH58x_pwm.o
LOAD ./StdPeriphDriver/CH58x_pwr.o
LOAD ./StdPeriphDriver/CH58x_spi0.o
LOAD ./StdPeriphDriver/CH58x_spi1.o
LOAD ./StdPeriphDriver/CH58x_sys.o
LOAD ./StdPeriphDriver/CH58x_timer0.o
LOAD ./StdPeriphDriver/CH58x_timer1.o
LOAD ./StdPeriphDriver/CH58x_timer2.o
LOAD ./StdPeriphDriver/CH58x_timer3.o
LOAD ./StdPeriphDriver/CH58x_uart0.o
LOAD ./StdPeriphDriver/CH58x_uart1.o
LOAD ./StdPeriphDriver/CH58x_uart2.o
LOAD ./StdPeriphDriver/CH58x_uart3.o
LOAD ./StdPeriphDriver/CH58x_usb2dev.o
LOAD ./StdPeriphDriver/CH58x_usb2hostBase.o
LOAD ./StdPeriphDriver/CH58x_usb2hostClass.o
LOAD ./StdPeriphDriver/CH58x_usbdev.o
LOAD ./StdPeriphDriver/CH58x_usbhostBase.o
LOAD ./StdPeriphDriver/CH58x_usbhostClass.o
LOAD ./Startup/startup_CH583.o
LOAD ./RVMSIS/core_riscv.o
LOAD ./Profile/battservice.o
LOAD ./Profile/devinfoservice.o
LOAD ./Profile/heartrateservice.o
LOAD ./HAL/KEY.o
LOAD ./HAL/LED.o
LOAD ./HAL/MCU.o
LOAD ./HAL/RTC.o
LOAD ./HAL/SLEEP.o
LOAD ./APP/heartrate.o
LOAD ./APP/heartrate_main.o
LOAD c:\Users\Water\Documents\CH582M Projects\ContinuousHealthMonitorChip\StdPeriphDriver\libISP583.a
LOAD c:/Users/Water/Documents/CH582M Projects/ContinuousHealthMonitorChip/LIB\libCH58xBLE.a
LOAD c:/mounriver/mounriver_studio2/resources/app/resources/win32/components/wch/toolchain/risc-v embedded gcc/bin/../lib/gcc/riscv-none-embed/8.2.0/rv32imac/ilp32\libgcc.a
LOAD c:/mounriver/mounriver_studio2/resources/app/resources/win32/components/wch/toolchain/risc-v embedded gcc/bin/../lib/gcc/riscv-none-embed/8.2.0/../../../../riscv-none-embed/lib/rv32imac/ilp32\libg_nano.a
LOAD c:/mounriver/mounriver_studio2/resources/app/resources/win32/components/wch/toolchain/risc-v embedded gcc/bin/../lib/gcc/riscv-none-embed/8.2.0/../../../../riscv-none-embed/lib/rv32imac/ilp32\libc_nano.a
LOAD c:/mounriver/mounriver_studio2/resources/app/resources/win32/components/wch/toolchain/risc-v embedded gcc/bin/../lib/gcc/riscv-none-embed/8.2.0/rv32imac/ilp32\libgcc.a
START GROUP
LOAD c:/mounriver/mounriver_studio2/resources/app/resources/win32/components/wch/toolchain/risc-v embedded gcc/bin/../lib/gcc/riscv-none-embed/8.2.0/rv32imac/ilp32\libgcc.a
LOAD c:/mounriver/mounriver_studio2/resources/app/resources/win32/components/wch/toolchain/risc-v embedded gcc/bin/../lib/gcc/riscv-none-embed/8.2.0/../../../../riscv-none-embed/lib/rv32imac/ilp32\libc_nano.a
LOAD c:/mounriver/mounriver_studio2/resources/app/resources/win32/components/wch/toolchain/risc-v embedded gcc/bin/../lib/gcc/riscv-none-embed/8.2.0/../../../../riscv-none-embed/lib/rv32imac/ilp32\libnosys.a
END GROUP
START GROUP
LOAD c:/mounriver/mounriver_studio2/resources/app/resources/win32/components/wch/toolchain/risc-v embedded gcc/bin/../lib/gcc/riscv-none-embed/8.2.0/rv32imac/ilp32\libgcc.a
LOAD c:/mounriver/mounriver_studio2/resources/app/resources/win32/components/wch/toolchain/risc-v embedded gcc/bin/../lib/gcc/riscv-none-embed/8.2.0/../../../../riscv-none-embed/lib/rv32imac/ilp32\libc_nano.a
LOAD c:/mounriver/mounriver_studio2/resources/app/resources/win32/components/wch/toolchain/risc-v embedded gcc/bin/../lib/gcc/riscv-none-embed/8.2.0/../../../../riscv-none-embed/lib/rv32imac/ilp32\libnosys.a
END GROUP
                0x0000000000000200                __stack_size = 0x200
                [!provide]                        PROVIDE (_stack_size = __stack_size)

.init           0x0000000000000000        0x4
                0x0000000000000000                _sinit = .
                0x0000000000000000                . = ALIGN (0x4)
 *(SORT_NONE(.init))
 .init          0x0000000000000000        0x4 ./Startup/startup_CH583.o
                0x0000000000000000                _start
                0x0000000000000004                . = ALIGN (0x4)
                0x0000000000000004                _einit = .

.highcodelalign
                0x0000000000000004        0x0
                0x0000000000000004                . = ALIGN (0x4)
                0x0000000000000004                PROVIDE (_highcode_lma = .)

.highcode       0x0000000020000000     0x2030 load address 0x0000000000000004
                0x0000000020000000                . = ALIGN (0x4)
                0x0000000020000000                PROVIDE (_highcode_vma_start = .)
 *(.vector)
 .vector        0x0000000020000000       0x90 ./Startup/startup_CH583.o
 *(SORT_NONE(.vector_handler))
 .vector_handler
                0x0000000020000090        0x2 ./Startup/startup_CH583.o
                0x0000000020000090                GPIOB_IRQHandler
                0x0000000020000090                GPIOA_IRQHandler
                0x0000000020000090                SysTick_Handler
                0x0000000020000090                NMI_Handler
                0x0000000020000090                UART1_IRQHandler
                0x0000000020000090                UART0_IRQHandler
                0x0000000020000090                BB_IRQHandler
                0x0000000020000090                Break_Point_Handler
                0x0000000020000090                TMR0_IRQHandler
                0x0000000020000090                Ecall_M_Mode_Handler
                0x0000000020000090                UART2_IRQHandler
                0x0000000020000090                PWMX_IRQHandler
                0x0000000020000090                ADC_IRQHandler
                0x0000000020000090                TMR2_IRQHandler
                0x0000000020000090                USB_IRQHandler
                0x0000000020000090                I2C_IRQHandler
                0x0000000020000090                USB2_IRQHandler
                0x0000000020000090                LLE_IRQHandler
                0x0000000020000090                WDOG_BAT_IRQHandler
                0x0000000020000090                Ecall_U_Mode_Handler
                0x0000000020000090                TMR3_IRQHandler
                0x0000000020000090                SW_Handler
                0x0000000020000090                SPI0_IRQHandler
                0x0000000020000090                UART3_IRQHandler
                0x0000000020000090                TMR1_IRQHandler
 *(.highcode)
 .highcode      0x0000000020000092       0x18 ./StdPeriphDriver/CH58x_clk.o
                0x0000000020000092                RTC_GetCycle32k
 .highcode      0x00000000200000aa      0x4ec ./StdPeriphDriver/CH58x_sys.o
                0x00000000200000aa                SetSysClock
                0x0000000020000430                SYS_ResetExecute
                0x00000000200004a2                HardFault_Handler
                0x0000000020000560                mDelayuS
                0x000000002000056e                mDelaymS
 .highcode      0x0000000020000596       0x16 ./HAL/RTC.o
                0x0000000020000596                RTC_IRQHandler
 .highcode      0x00000000200005ac        0x8 ./APP/heartrate_main.o
                0x00000000200005ac                Main_Circulation
 .highcode      0x00000000200005b4      0x426 c:\Users\Water\Documents\CH582M Projects\ContinuousHealthMonitorChip\StdPeriphDriver\libISP583.a(ISP583.o)
                0x00000000200005b4                FLASH_ROM_BEG
                0x00000000200005c6                FLASH_ROM_END
                0x00000000200005d4                FLASH_ROM_IN
                0x00000000200005e2                FLASH_ROM_OUT
                0x00000000200005f0                FLASH_ROM_ADDR
                0x0000000020000638                FLASH_ROM_WAIT
                0x0000000020000670                FLASH_EEPROM_CMD
 .highcode      0x00000000200009da      0x40c c:/Users/Water/Documents/CH582M Projects/ContinuousHealthMonitorChip/LIB\libCH58xBLE.a(tmos.o)
                0x00000000200009da                tmos_memcpy
                0x00000000200009fa                tmos_memcpy_word
                0x0000000020000a12                tmos_memset
                0x0000000020000a24                tmos_strlen
                0x0000000020000a38                tmos_memdup
                0x0000000020000a6a                tmos_memcmp
                0x0000000020000a98                tmos_revmemcpy
                0x0000000020000ab4                tmos_isbufset
                0x0000000020000ad6                tmos_proces_system_time
                0x0000000020000c0a                TMOS_SystemProcess
 .highcode      0x0000000020000de6       0x50 c:/Users/Water/Documents/CH582M Projects/ContinuousHealthMonitorChip/LIB\libCH58xBLE.a(tmos_hw.o)
                0x0000000020000e30                TMOS_TimerIRQHandler
 .highcode      0x0000000020000e36       0x4e c:/Users/Water/Documents/CH582M Projects/ContinuousHealthMonitorChip/LIB\libCH58xBLE.a(ll_whitelist.o)
                0x0000000020000e36                LL_WhitelistLookup
 .highcode      0x0000000020000e84      0x1b2 c:/Users/Water/Documents/CH582M Projects/ContinuousHealthMonitorChip/LIB\libCH58xBLE.a(aes.o)
                0x0000000020000e84                AES_DevAESEnc
 .highcode      0x0000000020001036      0x14a c:/Users/Water/Documents/CH582M Projects/ContinuousHealthMonitorChip/LIB\libCH58xBLE.a(bb.o)
                0x0000000020001036                BB_IRQLibHandler
                0x0000000020001136                BB_IRQLibFunction
 .highcode      0x0000000020001180      0x368 c:/Users/Water/Documents/CH582M Projects/ContinuousHealthMonitorChip/LIB\libCH58xBLE.a(ip.o)
                0x0000000020001180                ll_rx_wait_finish
                0x00000000200011ba                ble_ll_chkcrc
                0x0000000020001258                ll_tx_wait_finish
                0x0000000020001350                BLE_CheckHoppingMap
 .highcode      0x00000000200014e8      0x254 c:/Users/Water/Documents/CH582M Projects/ContinuousHealthMonitorChip/LIB\libCH58xBLE.a(lle.o)
                0x00000000200014e8                LLE_IRQLibHandler
                0x00000000200016f2                LLE_IRQLibFunction
 .highcode      0x000000002000173c       0x32 c:/Users/Water/Documents/CH582M Projects/ContinuousHealthMonitorChip/LIB\libCH58xBLE.a(rfend.o)
                0x000000002000173c                RFEND_WaitTune
 .highcode      0x000000002000176e      0x19e c:/Users/Water/Documents/CH582M Projects/ContinuousHealthMonitorChip/LIB\libCH58xBLE.a(memory.o)
                0x000000002000176e                tmos_memory_allocate
                0x0000000020001834                tmos_memory_free
 .highcode      0x000000002000190c      0x2da c:/Users/Water/Documents/CH582M Projects/ContinuousHealthMonitorChip/LIB\libCH58xBLE.a(ll_connect.o)
                0x000000002000190c                ll_connect_send_data
                0x0000000020001a38                ll_connect_recv_data
                0x0000000020001b14                ll_connect_event_continue
                0x0000000020001bda                ll_wait_connect_event
 .highcode      0x0000000020001be6      0x310 c:/Users/Water/Documents/CH582M Projects/ContinuousHealthMonitorChip/LIB\libCH58xBLE.a(ll_hop.o)
                0x0000000020001be6                LL_HopGetChannel
                0x0000000020001c8c                LL_HopGetChannel2
 .highcode      0x0000000020001ef6      0x138 c:/Users/Water/Documents/CH582M Projects/ContinuousHealthMonitorChip/LIB\libCH58xBLE.a(ll_resolvinglist.o)
                0x0000000020001ef6                ll_resolvinglist_checkRPA
                0x0000000020001f62                LL_ResolvinglistPeerIdentifyAddressGetIrk
                0x0000000020001fb6                LL_ResolvinglistPeerRpaAddressGetIrk
                0x0000000020001ff2                LL_ResolvinglistLocalRpaAddressGetIrk
 *(.highcode.*)
                0x0000000020002030                . = ALIGN (0x4)
 *fill*         0x000000002000202e        0x2 
                0x0000000020002030                PROVIDE (_highcode_vma_end = .)

.text           0x0000000000002034    0x2271c
                0x0000000000002034                . = ALIGN (0x4)
 *(SORT_NONE(.handle_reset))
 .handle_reset  0x0000000000002034       0xda ./Startup/startup_CH583.o
                0x0000000000002034                handle_reset
 *(.text)
 .text          0x000000000000210e       0xa8 c:/mounriver/mounriver_studio2/resources/app/resources/win32/components/wch/toolchain/risc-v embedded gcc/bin/../lib/gcc/riscv-none-embed/8.2.0/../../../../riscv-none-embed/lib/rv32imac/ilp32\libg_nano.a(lib_a-memset.o)
                0x000000000000210e                memset
 *(.text.*)
 .text.ADC_InterTSSampInit
                0x00000000000021b6       0x28 ./StdPeriphDriver/CH58x_adc.o
                0x00000000000021b6                ADC_InterTSSampInit
 .text.LSECFG_Current
                0x00000000000021de       0x68 ./StdPeriphDriver/CH58x_clk.o
                0x00000000000021de                LSECFG_Current
 .text.RTC_InitTime
                0x0000000000002246      0x204 ./StdPeriphDriver/CH58x_clk.o
                0x0000000000002246                RTC_InitTime
 .text.Calibration_LSI
                0x000000000000244a      0x8dc ./StdPeriphDriver/CH58x_clk.o
                0x000000000000244a                Calibration_LSI
 .text.GPIOA_ModeCfg
                0x0000000000002d26       0xa6 ./StdPeriphDriver/CH58x_gpio.o
                0x0000000000002d26                GPIOA_ModeCfg
 .text.GPIOB_ModeCfg
                0x0000000000002dcc       0xa6 ./StdPeriphDriver/CH58x_gpio.o
                0x0000000000002dcc                GPIOB_ModeCfg
 .text.GetSysClock
                0x0000000000002e72       0x42 ./StdPeriphDriver/CH58x_sys.o
                0x0000000000002e72                GetSysClock
 .text.SYS_DisableAllIrq
                0x0000000000002eb4       0x20 ./StdPeriphDriver/CH58x_sys.o
                0x0000000000002eb4                SYS_DisableAllIrq
 .text.SYS_RecoverIrq
                0x0000000000002ed4       0x14 ./StdPeriphDriver/CH58x_sys.o
                0x0000000000002ed4                SYS_RecoverIrq
 .text.SYS_GetSysTickCnt
                0x0000000000002ee8        0xa ./StdPeriphDriver/CH58x_sys.o
                0x0000000000002ee8                SYS_GetSysTickCnt
 .text._write   0x0000000000002ef2       0x28 ./StdPeriphDriver/CH58x_sys.o
                0x0000000000002ef2                _write
 .text._sbrk    0x0000000000002f1a       0x34 ./StdPeriphDriver/CH58x_sys.o
                0x0000000000002f1a                _sbrk
 .text.UART1_BaudRateCfg
                0x0000000000002f4e       0x30 ./StdPeriphDriver/CH58x_uart1.o
                0x0000000000002f4e                UART1_BaudRateCfg
 .text.UART1_DefInit
                0x0000000000002f7e       0x32 ./StdPeriphDriver/CH58x_uart1.o
                0x0000000000002f7e                UART1_DefInit
 .text.battMeasure
                0x0000000000002fb0       0x78 ./Profile/battservice.o
 .text.battWriteAttrCB
                0x0000000000003028       0x5e ./Profile/battservice.o
 .text.battReadAttrCB
                0x0000000000003086       0x72 ./Profile/battservice.o
 .text.battNotifyCB
                0x00000000000030f8       0x72 ./Profile/battservice.o
 .text.Batt_AddService
                0x000000000000316a       0x2c ./Profile/battservice.o
                0x000000000000316a                Batt_AddService
 .text.Batt_Register
                0x0000000000003196        0x6 ./Profile/battservice.o
                0x0000000000003196                Batt_Register
 .text.Batt_SetParameter
                0x000000000000319c       0x36 ./Profile/battservice.o
                0x000000000000319c                Batt_SetParameter
 .text.Batt_MeasLevel
                0x00000000000031d2       0x26 ./Profile/battservice.o
                0x00000000000031d2                Batt_MeasLevel
 .text.Batt_HandleConnStatusCB
                0x00000000000031f8       0x3e ./Profile/battservice.o
                0x00000000000031f8                Batt_HandleConnStatusCB
 .text.devInfo_ReadAttrCB
                0x0000000000003236      0x196 ./Profile/devinfoservice.o
 .text.DevInfo_AddService
                0x00000000000033cc       0x18 ./Profile/devinfoservice.o
                0x00000000000033cc                DevInfo_AddService
 .text.DevInfo_SetParameter
                0x00000000000033e4       0x24 ./Profile/devinfoservice.o
                0x00000000000033e4                DevInfo_SetParameter
 .text.heartRate_ReadAttrCB
                0x0000000000003408       0x36 ./Profile/heartrateservice.o
 .text.heartRate_WriteAttrCB
                0x000000000000343e       0x90 ./Profile/heartrateservice.o
 .text.HeartRate_AddService
                0x00000000000034ce       0x40 ./Profile/heartrateservice.o
                0x00000000000034ce                HeartRate_AddService
 .text.HeartRate_Register
                0x000000000000350e        0x6 ./Profile/heartrateservice.o
                0x000000000000350e                HeartRate_Register
 .text.HeartRate_SetParameter
                0x0000000000003514       0x1a ./Profile/heartrateservice.o
                0x0000000000003514                HeartRate_SetParameter
 .text.HeartRate_MeasNotify
                0x000000000000352e       0x46 ./Profile/heartrateservice.o
                0x000000000000352e                HeartRate_MeasNotify
 .text.HeartRate_HandleConnStatusCB
                0x0000000000003574       0x3e ./Profile/heartrateservice.o
                0x0000000000003574                HeartRate_HandleConnStatusCB
 .text.Lib_Calibration_LSI
                0x00000000000035b2        0x6 ./HAL/MCU.o
                0x00000000000035b2                Lib_Calibration_LSI
 .text.Lib_Read_Flash
                0x00000000000035b8       0x1c ./HAL/MCU.o
                0x00000000000035b8                Lib_Read_Flash
 .text.Lib_Write_Flash
                0x00000000000035d4       0x40 ./HAL/MCU.o
                0x00000000000035d4                Lib_Write_Flash
 .text.HAL_GetInterTempValue
                0x0000000000003614       0x72 ./HAL/MCU.o
                0x0000000000003614                HAL_GetInterTempValue
 .text.HAL_ProcessEvent
                0x0000000000003686       0x7e ./HAL/MCU.o
                0x0000000000003686                HAL_ProcessEvent
 .text.CH58X_BLEInit
                0x0000000000003704      0x132 ./HAL/MCU.o
                0x0000000000003704                CH58X_BLEInit
 .text.HAL_Init
                0x0000000000003836       0x30 ./HAL/MCU.o
                0x0000000000003836                HAL_Init
 .text.HAL_TimeInit
                0x0000000000003866       0xe0 ./HAL/RTC.o
                0x0000000000003866                HAL_TimeInit
 .text.HeartRateGapStateCB
                0x0000000000003946      0x110 ./APP/heartrate.o
 .text.heartRateBattCB
                0x0000000000003a56       0x34 ./APP/heartrate.o
 .text.heartRateCB
                0x0000000000003a8a       0x32 ./APP/heartrate.o
 .text.HeartRate_ProcessEvent
                0x0000000000003abc      0x11a ./APP/heartrate.o
                0x0000000000003abc                HeartRate_ProcessEvent
 .text.HeartRate_Init
                0x0000000000003bd6      0x11e ./APP/heartrate.o
                0x0000000000003bd6                HeartRate_Init
 .text.startup.main
                0x0000000000003cf4       0x4e ./APP/heartrate_main.o
                0x0000000000003cf4                main
 .text.tmos_msg_enqueue
                0x0000000000003d42       0x1e c:/Users/Water/Documents/CH582M Projects/ContinuousHealthMonitorChip/LIB\libCH58xBLE.a(message.o)
                0x0000000000003d42                tmos_msg_enqueue
 .text.tmos_msg_deallocate
                0x0000000000003d60       0x2c c:/Users/Water/Documents/CH582M Projects/ContinuousHealthMonitorChip/LIB\libCH58xBLE.a(message.o)
                0x0000000000003d60                tmos_msg_deallocate
 .text.tmos_msg_allocate
                0x0000000000003d8c       0x46 c:/Users/Water/Documents/CH582M Projects/ContinuousHealthMonitorChip/LIB\libCH58xBLE.a(message.o)
                0x0000000000003d8c                tmos_msg_allocate
 .text.tmos_msg_receive
                0x0000000000003dd2       0x68 c:/Users/Water/Documents/CH582M Projects/ContinuousHealthMonitorChip/LIB\libCH58xBLE.a(message.o)
                0x0000000000003dd2                tmos_msg_receive
 .text.tmos_msg_send
                0x0000000000003e3a       0x5c c:/Users/Water/Documents/CH582M Projects/ContinuousHealthMonitorChip/LIB\libCH58xBLE.a(message.o)
                0x0000000000003e3a                tmos_msg_send
 .text.tmos_msg_init
                0x0000000000003e96        0x6 c:/Users/Water/Documents/CH582M Projects/ContinuousHealthMonitorChip/LIB\libCH58xBLE.a(message.o)
                0x0000000000003e96                tmos_msg_init
 .text.tmosFindTask
                0x0000000000003e9c       0x20 c:/Users/Water/Documents/CH582M Projects/ContinuousHealthMonitorChip/LIB\libCH58xBLE.a(tmos.o)
 .text.TMOS_CB_PeriodicProcessEvent
                0x0000000000003ebc       0x82 c:/Users/Water/Documents/CH582M Projects/ContinuousHealthMonitorChip/LIB\libCH58xBLE.a(tmos.o)
                0x0000000000003ebc                TMOS_CB_PeriodicProcessEvent
 .text.TMOS_CB_ProcessEvent
                0x0000000000003f3e       0x7c c:/Users/Water/Documents/CH582M Projects/ContinuousHealthMonitorChip/LIB\libCH58xBLE.a(tmos.o)
                0x0000000000003f3e                TMOS_CB_ProcessEvent
 .text.tmos_rand
                0x0000000000003fba       0x4e c:/Users/Water/Documents/CH582M Projects/ContinuousHealthMonitorChip/LIB\libCH58xBLE.a(tmos.o)
                0x0000000000003fba                tmos_rand
 .text.tmos_start_periodic_callback_task
                0x0000000000004008       0xda c:/Users/Water/Documents/CH582M Projects/ContinuousHealthMonitorChip/LIB\libCH58xBLE.a(tmos.o)
                0x0000000000004008                tmos_start_periodic_callback_task
 .text.tmos_set_event
                0x00000000000040e2       0x2a c:/Users/Water/Documents/CH582M Projects/ContinuousHealthMonitorChip/LIB\libCH58xBLE.a(tmos.o)
                0x00000000000040e2                tmos_set_event
 .text.tmos_clear_event
                0x000000000000410c       0x2e c:/Users/Water/Documents/CH582M Projects/ContinuousHealthMonitorChip/LIB\libCH58xBLE.a(tmos.o)
                0x000000000000410c                tmos_clear_event
 .text.tmos_update_callback_timer
                0x000000000000413a       0xba c:/Users/Water/Documents/CH582M Projects/ContinuousHealthMonitorChip/LIB\libCH58xBLE.a(tmos.o)
                0x000000000000413a                tmos_update_callback_timer
 .text.tmos_update_periodic_callback_timer
                0x00000000000041f4       0x5a c:/Users/Water/Documents/CH582M Projects/ContinuousHealthMonitorChip/LIB\libCH58xBLE.a(tmos.o)
                0x00000000000041f4                tmos_update_periodic_callback_timer
 .text.tmos_start_task
                0x000000000000424e      0x126 c:/Users/Water/Documents/CH582M Projects/ContinuousHealthMonitorChip/LIB\libCH58xBLE.a(tmos.o)
                0x000000000000424e                tmos_start_task
 .text.tmos_start_callback_task
                0x0000000000004374       0x96 c:/Users/Water/Documents/CH582M Projects/ContinuousHealthMonitorChip/LIB\libCH58xBLE.a(tmos.o)
                0x0000000000004374                tmos_start_callback_task
 .text.tmos_start_reload_task
                0x000000000000440a       0x54 c:/Users/Water/Documents/CH582M Projects/ContinuousHealthMonitorChip/LIB\libCH58xBLE.a(tmos.o)
                0x000000000000440a                tmos_start_reload_task
 .text.tmos_stop_task
                0x000000000000445e       0x48 c:/Users/Water/Documents/CH582M Projects/ContinuousHealthMonitorChip/LIB\libCH58xBLE.a(tmos.o)
                0x000000000000445e                tmos_stop_task
 .text.tmos_stop_callback_task
                0x00000000000044a6       0x56 c:/Users/Water/Documents/CH582M Projects/ContinuousHealthMonitorChip/LIB\libCH58xBLE.a(tmos.o)
                0x00000000000044a6                tmos_stop_callback_task
 .text.tmos_get_task_timer
                0x00000000000044fc       0x5e c:/Users/Water/Documents/CH582M Projects/ContinuousHealthMonitorChip/LIB\libCH58xBLE.a(tmos.o)
                0x00000000000044fc                tmos_get_task_timer
 .text.TMOS_TimerRegister
                0x000000000000455a       0x1a c:/Users/Water/Documents/CH582M Projects/ContinuousHealthMonitorChip/LIB\libCH58xBLE.a(tmos.o)
                0x000000000000455a                TMOS_TimerRegister
 .text.TMOS_ProcessRegister
                0x0000000000004574       0x16 c:/Users/Water/Documents/CH582M Projects/ContinuousHealthMonitorChip/LIB\libCH58xBLE.a(tmos.o)
                0x0000000000004574                TMOS_ProcessRegister
 .text.TMOS_Init
                0x000000000000458a      0x10e c:/Users/Water/Documents/CH582M Projects/ContinuousHealthMonitorChip/LIB\libCH58xBLE.a(tmos.o)
                0x000000000000458a                TMOS_Init
 .text.TMOS_ProcessEventRegister
                0x0000000000004698       0x38 c:/Users/Water/Documents/CH582M Projects/ContinuousHealthMonitorChip/LIB\libCH58xBLE.a(tmos.o)
                0x0000000000004698                TMOS_ProcessEventRegister
 .text.BLE_LibInit
                0x00000000000046d0      0x178 c:/Users/Water/Documents/CH582M Projects/ContinuousHealthMonitorChip/LIB\libCH58xBLE.a(tmos.o)
                0x00000000000046d0                BLE_LibInit
 .text.clockGetTickValve
                0x0000000000004848       0x7e c:/Users/Water/Documents/CH582M Projects/ContinuousHealthMonitorChip/LIB\libCH58xBLE.a(tmos_hw.o)
 .text.ll_get_sca_divisor
                0x00000000000048c6       0x40 c:/Users/Water/Documents/CH582M Projects/ContinuousHealthMonitorChip/LIB\libCH58xBLE.a(tmos_hw.o)
                0x00000000000048c6                ll_get_sca_divisor
 .text.ll_get_sca_own
                0x0000000000004906       0x46 c:/Users/Water/Documents/CH582M Projects/ContinuousHealthMonitorChip/LIB\libCH58xBLE.a(tmos_hw.o)
                0x0000000000004906                ll_get_sca_own
 .text.ble_ll_common_rand8
                0x000000000000494c       0x24 c:/Users/Water/Documents/CH582M Projects/ContinuousHealthMonitorChip/LIB\libCH58xBLE.a(tmos_hw.o)
                0x000000000000494c                ble_ll_common_rand8
 .text.ble_ll_common_rand16
                0x0000000000004970       0x24 c:/Users/Water/Documents/CH582M Projects/ContinuousHealthMonitorChip/LIB\libCH58xBLE.a(tmos_hw.o)
                0x0000000000004970                ble_ll_common_rand16
 .text.ble_ll_common_rand32
                0x0000000000004994       0x20 c:/Users/Water/Documents/CH582M Projects/ContinuousHealthMonitorChip/LIB\libCH58xBLE.a(tmos_hw.o)
                0x0000000000004994                ble_ll_common_rand32
 .text.TMOS_TempSample
                0x00000000000049b4       0x62 c:/Users/Water/Documents/CH582M Projects/ContinuousHealthMonitorChip/LIB\libCH58xBLE.a(tmos_hw.o)
                0x00000000000049b4                TMOS_TempSample
 .text.TMOS_TimerInit
                0x0000000000004a16      0x14c c:/Users/Water/Documents/CH582M Projects/ContinuousHealthMonitorChip/LIB\libCH58xBLE.a(tmos_hw.o)
                0x0000000000004a16                TMOS_TimerInit
 .text.tmos_snv_init
                0x0000000000004b62       0xc0 c:/Users/Water/Documents/CH582M Projects/ContinuousHealthMonitorChip/LIB\libCH58xBLE.a(tmos_snv.o)
                0x0000000000004b62                tmos_snv_init
 .text.tmos_snv_read
                0x0000000000004c22      0x292 c:/Users/Water/Documents/CH582M Projects/ContinuousHealthMonitorChip/LIB\libCH58xBLE.a(tmos_snv.o)
                0x0000000000004c22                tmos_snv_read
 .text.tmos_snv_notify
                0x0000000000004eb4       0x5a c:/Users/Water/Documents/CH582M Projects/ContinuousHealthMonitorChip/LIB\libCH58xBLE.a(tmos_snv.o)
                0x0000000000004eb4                tmos_snv_notify
 .text.tmos_snv_write
                0x0000000000004f0e      0x2ce c:/Users/Water/Documents/CH582M Projects/ContinuousHealthMonitorChip/LIB\libCH58xBLE.a(tmos_snv.o)
                0x0000000000004f0e                tmos_snv_write
 .text.tmos_snv_compact
                0x00000000000051dc        0x4 c:/Users/Water/Documents/CH582M Projects/ContinuousHealthMonitorChip/LIB\libCH58xBLE.a(tmos_snv.o)
                0x00000000000051dc                tmos_snv_compact
 .text.disconnectNext
                0x00000000000051e0       0x22 c:/Users/Water/Documents/CH582M Projects/ContinuousHealthMonitorChip/LIB\libCH58xBLE.a(gap.o)
 .text.GAP_ParamInit
                0x0000000000005202       0xec c:/Users/Water/Documents/CH582M Projects/ContinuousHealthMonitorChip/LIB\libCH58xBLE.a(gap.o)
                0x0000000000005202                GAP_ParamInit
 .text.sendTerminateEvent
                0x00000000000052ee       0x58 c:/Users/Water/Documents/CH582M Projects/ContinuousHealthMonitorChip/LIB\libCH58xBLE.a(gap.o)
                0x00000000000052ee                sendTerminateEvent
 .text.gapRegisterCentral
                0x0000000000005346        0x6 c:/Users/Water/Documents/CH582M Projects/ContinuousHealthMonitorChip/LIB\libCH58xBLE.a(gap.o)
                0x0000000000005346                gapRegisterCentral
 .text.gapRegisterCentralConn
                0x000000000000534c        0x6 c:/Users/Water/Documents/CH582M Projects/ContinuousHealthMonitorChip/LIB\libCH58xBLE.a(gap.o)
                0x000000000000534c                gapRegisterCentralConn
 .text.gapRegisterPeripheral
                0x0000000000005352        0x6 c:/Users/Water/Documents/CH582M Projects/ContinuousHealthMonitorChip/LIB\libCH58xBLE.a(gap.o)
                0x0000000000005352                gapRegisterPeripheral
 .text.gapRegisterPeripheralConn
                0x0000000000005358        0x6 c:/Users/Water/Documents/CH582M Projects/ContinuousHealthMonitorChip/LIB\libCH58xBLE.a(gap.o)
                0x0000000000005358                gapRegisterPeripheralConn
 .text.smGenerateRandBuf
                0x000000000000535e       0x56 c:/Users/Water/Documents/CH582M Projects/ContinuousHealthMonitorChip/LIB\libCH58xBLE.a(gap.o)
                0x000000000000535e                smGenerateRandBuf
 .text.gapL2capConnParamUpdateReq
                0x00000000000053b4       0x36 c:/Users/Water/Documents/CH582M Projects/ContinuousHealthMonitorChip/LIB\libCH58xBLE.a(gap.o)
                0x00000000000053b4                gapL2capConnParamUpdateReq
 .text.gapValidADType
                0x00000000000053ea       0x16 c:/Users/Water/Documents/CH582M Projects/ContinuousHealthMonitorChip/LIB\libCH58xBLE.a(gap.o)
                0x00000000000053ea                gapValidADType
 .text.gapFindADType
                0x0000000000005400       0x92 c:/Users/Water/Documents/CH582M Projects/ContinuousHealthMonitorChip/LIB\libCH58xBLE.a(gap.o)
                0x0000000000005400                gapFindADType
 .text.GAP_SecParamsInit
                0x0000000000005492       0xaa c:/Users/Water/Documents/CH582M Projects/ContinuousHealthMonitorChip/LIB\libCH58xBLE.a(gap.o)
                0x0000000000005492                GAP_SecParamsInit
 .text.GAP_ParamsInit
                0x000000000000553c       0x50 c:/Users/Water/Documents/CH582M Projects/ContinuousHealthMonitorChip/LIB\libCH58xBLE.a(gap.o)
                0x000000000000553c                GAP_ParamsInit
 .text.gapAddAddrAdj
                0x000000000000558c       0x48 c:/Users/Water/Documents/CH582M Projects/ContinuousHealthMonitorChip/LIB\libCH58xBLE.a(gap.o)
                0x000000000000558c                gapAddAddrAdj
 .text.gapDetermineAddrType
                0x00000000000055d4       0x28 c:/Users/Water/Documents/CH582M Projects/ContinuousHealthMonitorChip/LIB\libCH58xBLE.a(gap.o)
                0x00000000000055d4                gapDetermineAddrType
 .text.gapFreeAuthLink
                0x00000000000055fc       0x4a c:/Users/Water/Documents/CH582M Projects/ContinuousHealthMonitorChip/LIB\libCH58xBLE.a(gap.o)
                0x00000000000055fc                gapFreeAuthLink
 .text.gapGetDevAddress
                0x0000000000005646       0x24 c:/Users/Water/Documents/CH582M Projects/ContinuousHealthMonitorChip/LIB\libCH58xBLE.a(gap.o)
                0x0000000000005646                gapGetDevAddress
 .text.gapGetDevAddressMode
                0x000000000000566a        0xa c:/Users/Water/Documents/CH582M Projects/ContinuousHealthMonitorChip/LIB\libCH58xBLE.a(gap.o)
                0x000000000000566a                gapGetDevAddressMode
 .text.gapGetIRK
                0x0000000000005674        0xc c:/Users/Water/Documents/CH582M Projects/ContinuousHealthMonitorChip/LIB\libCH58xBLE.a(gap.o)
                0x0000000000005674                gapGetIRK
 .text.gapGetSRK
                0x0000000000005680        0xc c:/Users/Water/Documents/CH582M Projects/ContinuousHealthMonitorChip/LIB\libCH58xBLE.a(gap.o)
                0x0000000000005680                gapGetSRK
 .text.gapGetSignCounter
                0x000000000000568c        0xe c:/Users/Water/Documents/CH582M Projects/ContinuousHealthMonitorChip/LIB\libCH58xBLE.a(gap.o)
                0x000000000000568c                gapGetSignCounter
 .text.gapIncSignCounter
                0x000000000000569a       0x28 c:/Users/Water/Documents/CH582M Projects/ContinuousHealthMonitorChip/LIB\libCH58xBLE.a(gap.o)
                0x000000000000569a                gapIncSignCounter
 .text.gapProcessConnEvt
                0x00000000000056c2       0x48 c:/Users/Water/Documents/CH582M Projects/ContinuousHealthMonitorChip/LIB\libCH58xBLE.a(gap.o)
                0x00000000000056c2                gapProcessConnEvt
 .text.gapProcessDisconnectCompleteEvt
                0x000000000000570a       0xa6 c:/Users/Water/Documents/CH582M Projects/ContinuousHealthMonitorChip/LIB\libCH58xBLE.a(gap.o)
                0x000000000000570a                gapProcessDisconnectCompleteEvt
 .text.sendAuthEvent
                0x00000000000057b0      0x11e c:/Users/Water/Documents/CH582M Projects/ContinuousHealthMonitorChip/LIB\libCH58xBLE.a(gap.o)
                0x00000000000057b0                sendAuthEvent
 .text.gapSendBondCompleteEvent
                0x00000000000058ce       0x74 c:/Users/Water/Documents/CH582M Projects/ContinuousHealthMonitorChip/LIB\libCH58xBLE.a(gap.o)
                0x00000000000058ce                gapSendBondCompleteEvent
 .text.gapSendPairingReqEvent
                0x0000000000005942       0x96 c:/Users/Water/Documents/CH582M Projects/ContinuousHealthMonitorChip/LIB\libCH58xBLE.a(gap.o)
                0x0000000000005942                gapSendPairingReqEvent
 .text.gapSendSlaveSecurityReqEvent
                0x00000000000059d8       0x68 c:/Users/Water/Documents/CH582M Projects/ContinuousHealthMonitorChip/LIB\libCH58xBLE.a(gap.o)
                0x00000000000059d8                gapSendSlaveSecurityReqEvent
 .text.gapSendDeviceInitDoneEvent
                0x0000000000005a40       0x88 c:/Users/Water/Documents/CH582M Projects/ContinuousHealthMonitorChip/LIB\libCH58xBLE.a(gap.o)
                0x0000000000005a40                gapSendDeviceInitDoneEvent
 .text.gapSendLinkUpdateEvent
                0x0000000000005ac8       0xb2 c:/Users/Water/Documents/CH582M Projects/ContinuousHealthMonitorChip/LIB\libCH58xBLE.a(gap.o)
                0x0000000000005ac8                gapSendLinkUpdateEvent
 .text.gapSendPhyUpdateEvent
                0x0000000000005b7a       0x58 c:/Users/Water/Documents/CH582M Projects/ContinuousHealthMonitorChip/LIB\libCH58xBLE.a(gap.o)
                0x0000000000005b7a                gapSendPhyUpdateEvent
 .text.gapSendEstLinkEvent
                0x0000000000005bd2       0xbc c:/Users/Water/Documents/CH582M Projects/ContinuousHealthMonitorChip/LIB\libCH58xBLE.a(gap.o)
                0x0000000000005bd2                gapSendEstLinkEvent
 .text.gapProcessNewAddr
                0x0000000000005c8e       0x3e c:/Users/Water/Documents/CH582M Projects/ContinuousHealthMonitorChip/LIB\libCH58xBLE.a(gap.o)
                0x0000000000005c8e                gapProcessNewAddr
 .text.gapProcessRandomAddrComplete
                0x0000000000005ccc       0xb6 c:/Users/Water/Documents/CH582M Projects/ContinuousHealthMonitorChip/LIB\libCH58xBLE.a(gap.o)
                0x0000000000005ccc                gapProcessRandomAddrComplete
 .text.GAP_Authenticate
                0x0000000000005d82       0xde c:/Users/Water/Documents/CH582M Projects/ContinuousHealthMonitorChip/LIB\libCH58xBLE.a(gap.o)
                0x0000000000005d82                GAP_Authenticate
 .text.GAP_Bond
                0x0000000000005e60       0xaa c:/Users/Water/Documents/CH582M Projects/ContinuousHealthMonitorChip/LIB\libCH58xBLE.a(gap.o)
                0x0000000000005e60                GAP_Bond
 .text.GAP_GetParamValue
                0x0000000000005f0a       0x20 c:/Users/Water/Documents/CH582M Projects/ContinuousHealthMonitorChip/LIB\libCH58xBLE.a(gap.o)
                0x0000000000005f0a                GAP_GetParamValue
 .text.GAP_PasscodeUpdate
                0x0000000000005f2a       0x54 c:/Users/Water/Documents/CH582M Projects/ContinuousHealthMonitorChip/LIB\libCH58xBLE.a(gap.o)
                0x0000000000005f2a                GAP_PasscodeUpdate
 .text.GAP_RegisterForMsgs
                0x0000000000005f7e        0xa c:/Users/Water/Documents/CH582M Projects/ContinuousHealthMonitorChip/LIB\libCH58xBLE.a(gap.o)
                0x0000000000005f7e                GAP_RegisterForMsgs
 .text.GAP_ResolvePrivateAddr
                0x0000000000005f88        0x4 c:/Users/Water/Documents/CH582M Projects/ContinuousHealthMonitorChip/LIB\libCH58xBLE.a(gap.o)
                0x0000000000005f88                GAP_ResolvePrivateAddr
 .text.gapPairingCompleteCB
                0x0000000000005f8c      0x18c c:/Users/Water/Documents/CH582M Projects/ContinuousHealthMonitorChip/LIB\libCH58xBLE.a(gap.o)
                0x0000000000005f8c                gapPairingCompleteCB
 .text.gapPasskeyNeededCB
                0x0000000000006118       0x8e c:/Users/Water/Documents/CH582M Projects/ContinuousHealthMonitorChip/LIB\libCH58xBLE.a(gap.o)
                0x0000000000006118                gapPasskeyNeededCB
 .text.gapOobNeededCB
                0x00000000000061a6       0xa6 c:/Users/Water/Documents/CH582M Projects/ContinuousHealthMonitorChip/LIB\libCH58xBLE.a(gap.o)
                0x00000000000061a6                gapOobNeededCB
 .text.gapFreeEstLink
                0x000000000000624c       0x20 c:/Users/Water/Documents/CH582M Projects/ContinuousHealthMonitorChip/LIB\libCH58xBLE.a(gap.o)
                0x000000000000624c                gapFreeEstLink
 .text.gapUpdateConnSignCounter
                0x000000000000626c       0x7a c:/Users/Water/Documents/CH582M Projects/ContinuousHealthMonitorChip/LIB\libCH58xBLE.a(gap.o)
                0x000000000000626c                gapUpdateConnSignCounter
 .text.GAP_SendSlaveSecurityRequest
                0x00000000000062e6       0x4a c:/Users/Water/Documents/CH582M Projects/ContinuousHealthMonitorChip/LIB\libCH58xBLE.a(gap.o)
                0x00000000000062e6                GAP_SendSlaveSecurityRequest
 .text.GAP_Signable
                0x0000000000006330       0x6a c:/Users/Water/Documents/CH582M Projects/ContinuousHealthMonitorChip/LIB\libCH58xBLE.a(gap.o)
                0x0000000000006330                GAP_Signable
 .text.GAP_TerminateAuth
                0x000000000000639a       0x2a c:/Users/Water/Documents/CH582M Projects/ContinuousHealthMonitorChip/LIB\libCH58xBLE.a(gap.o)
                0x000000000000639a                GAP_TerminateAuth
 .text.GAP_NumActiveConnections
                0x00000000000063c4        0x4 c:/Users/Water/Documents/CH582M Projects/ContinuousHealthMonitorChip/LIB\libCH58xBLE.a(gap.o)
                0x00000000000063c4                GAP_NumActiveConnections
 .text.GAP_TerminateLinkReq
                0x00000000000063c8       0x8e c:/Users/Water/Documents/CH582M Projects/ContinuousHealthMonitorChip/LIB\libCH58xBLE.a(gap.o)
                0x00000000000063c8                GAP_TerminateLinkReq
 .text.GAP_SetParamValue
                0x0000000000006456       0x6c c:/Users/Water/Documents/CH582M Projects/ContinuousHealthMonitorChip/LIB\libCH58xBLE.a(gap.o)
                0x0000000000006456                GAP_SetParamValue
 .text.GAP_Init
                0x00000000000064c2       0x48 c:/Users/Water/Documents/CH582M Projects/ContinuousHealthMonitorChip/LIB\libCH58xBLE.a(gap.o)
                0x00000000000064c2                GAP_Init
 .text.GAP_ProcessEvent
                0x000000000000650a      0x66a c:/Users/Water/Documents/CH582M Projects/ContinuousHealthMonitorChip/LIB\libCH58xBLE.a(gap.o)
                0x000000000000650a                GAP_ProcessEvent
 .text.gapSendScanEnable
                0x0000000000006b74       0x3a c:/Users/Water/Documents/CH582M Projects/ContinuousHealthMonitorChip/LIB\libCH58xBLE.a(gap_central.o)
 .text.gapCentProcessConnEvt
                0x0000000000006bae      0x168 c:/Users/Water/Documents/CH582M Projects/ContinuousHealthMonitorChip/LIB\libCH58xBLE.a(gap_central.o)
                0x0000000000006bae                gapCentProcessConnEvt
 .text.gapProcessScanningPeriodicAdvEvt
                0x0000000000006d16       0xa0 c:/Users/Water/Documents/CH582M Projects/ContinuousHealthMonitorChip/LIB\libCH58xBLE.a(gap_central.o)
                0x0000000000006d16                gapProcessScanningPeriodicAdvEvt
 .text.gapCancelLinkReq
                0x0000000000006db6       0x38 c:/Users/Water/Documents/CH582M Projects/ContinuousHealthMonitorChip/LIB\libCH58xBLE.a(gap_central.o)
                0x0000000000006db6                gapCancelLinkReq
 .text.gapProcessAdvertDevInfo
                0x0000000000006dee      0x242 c:/Users/Water/Documents/CH582M Projects/ContinuousHealthMonitorChip/LIB\libCH58xBLE.a(gap_central.o)
                0x0000000000006dee                gapProcessAdvertDevInfo
 .text.gapProcessExtAdvertDevInfo
                0x0000000000007030      0x260 c:/Users/Water/Documents/CH582M Projects/ContinuousHealthMonitorChip/LIB\libCH58xBLE.a(gap_central.o)
                0x0000000000007030                gapProcessExtAdvertDevInfo
 .text.gapProcessPeriodicAdvertisingSyncEstablishedEvt
                0x0000000000007290       0xae c:/Users/Water/Documents/CH582M Projects/ContinuousHealthMonitorChip/LIB\libCH58xBLE.a(gap_central.o)
                0x0000000000007290                gapProcessPeriodicAdvertisingSyncEstablishedEvt
 .text.gapProcessPeriodicAdvertisingSyncLostEvt
                0x000000000000733e       0x56 c:/Users/Water/Documents/CH582M Projects/ContinuousHealthMonitorChip/LIB\libCH58xBLE.a(gap_central.o)
                0x000000000000733e                gapProcessPeriodicAdvertisingSyncLostEvt
 .text.gapFreeScanRecs
                0x0000000000007394       0xa6 c:/Users/Water/Documents/CH582M Projects/ContinuousHealthMonitorChip/LIB\libCH58xBLE.a(gap_central.o)
                0x0000000000007394                gapFreeScanRecs
 .text.gapSendDevDiscEvent
                0x000000000000743a      0x124 c:/Users/Water/Documents/CH582M Projects/ContinuousHealthMonitorChip/LIB\libCH58xBLE.a(gap_central.o)
                0x000000000000743a                gapSendDevDiscEvent
 .text.gapSetScanParamStatus
                0x000000000000755e       0x56 c:/Users/Water/Documents/CH582M Projects/ContinuousHealthMonitorChip/LIB\libCH58xBLE.a(gap_central.o)
 .text.gapCentProcessHCICmdEvt
                0x00000000000075b4       0x3c c:/Users/Water/Documents/CH582M Projects/ContinuousHealthMonitorChip/LIB\libCH58xBLE.a(gap_central.o)
                0x00000000000075b4                gapCentProcessHCICmdEvt
 .text.gapProcessScanningEvt
                0x00000000000075f0      0x10e c:/Users/Water/Documents/CH582M Projects/ContinuousHealthMonitorChip/LIB\libCH58xBLE.a(gap_central.o)
                0x00000000000075f0                gapProcessScanningEvt
 .text.gapProcessScanningDirectEvt
                0x00000000000076fe       0xfe c:/Users/Water/Documents/CH582M Projects/ContinuousHealthMonitorChip/LIB\libCH58xBLE.a(gap_central.o)
                0x00000000000076fe                gapProcessScanningDirectEvt
 .text.gapProcessScanningExtAdvEvt
                0x00000000000077fc      0x2c4 c:/Users/Water/Documents/CH582M Projects/ContinuousHealthMonitorChip/LIB\libCH58xBLE.a(gap_central.o)
                0x00000000000077fc                gapProcessScanningExtAdvEvt
 .text.GAP_CentConnRegister
                0x0000000000007ac0       0x16 c:/Users/Water/Documents/CH582M Projects/ContinuousHealthMonitorChip/LIB\libCH58xBLE.a(gap_central.o)
                0x0000000000007ac0                GAP_CentConnRegister
 .text.GAP_CentralParamInit
                0x0000000000007ad6       0x6a c:/Users/Water/Documents/CH582M Projects/ContinuousHealthMonitorChip/LIB\libCH58xBLE.a(gap_central.o)
                0x0000000000007ad6                GAP_CentralParamInit
 .text.GAP_CentDevMgrInit
                0x0000000000007b40       0x9c c:/Users/Water/Documents/CH582M Projects/ContinuousHealthMonitorChip/LIB\libCH58xBLE.a(gap_central.o)
                0x0000000000007b40                GAP_CentDevMgrInit
 .text.gapFreeAdvertState
                0x0000000000007bdc       0x20 c:/Users/Water/Documents/CH582M Projects/ContinuousHealthMonitorChip/LIB\libCH58xBLE.a(gap_peripheral.o)
 .text.gapSetPeriodicAdvParams
                0x0000000000007bfc       0x30 c:/Users/Water/Documents/CH582M Projects/ContinuousHealthMonitorChip/LIB\libCH58xBLE.a(gap_peripheral.o)
 .text.gapSetConnectionlessCTEParams
                0x0000000000007c2c       0x54 c:/Users/Water/Documents/CH582M Projects/ContinuousHealthMonitorChip/LIB\libCH58xBLE.a(gap_peripheral.o)
 .text.gapSetAdvParams
                0x0000000000007c80      0x126 c:/Users/Water/Documents/CH582M Projects/ContinuousHealthMonitorChip/LIB\libCH58xBLE.a(gap_peripheral.o)
 .text.gapPeriProcessConnEvt
                0x0000000000007da6       0xd0 c:/Users/Water/Documents/CH582M Projects/ContinuousHealthMonitorChip/LIB\libCH58xBLE.a(gap_peripheral.o)
 .text.gapWriteAdvDataStatus
                0x0000000000007e76       0x8a c:/Users/Water/Documents/CH582M Projects/ContinuousHealthMonitorChip/LIB\libCH58xBLE.a(gap_peripheral.o)
 .text.GAP_MakeDiscoverable
                0x0000000000007f00      0x174 c:/Users/Water/Documents/CH582M Projects/ContinuousHealthMonitorChip/LIB\libCH58xBLE.a(gap_peripheral.o)
                0x0000000000007f00                GAP_MakeDiscoverable
 .text.GAP_EndDiscoverable
                0x0000000000008074       0x66 c:/Users/Water/Documents/CH582M Projects/ContinuousHealthMonitorChip/LIB\libCH58xBLE.a(gap_peripheral.o)
                0x0000000000008074                GAP_EndDiscoverable
 .text.gapProcessAdvertisingEvt
                0x00000000000080da      0x116 c:/Users/Water/Documents/CH582M Projects/ContinuousHealthMonitorChip/LIB\libCH58xBLE.a(gap_peripheral.o)
 .text.GAP_MakePeriodic
                0x00000000000081f0       0x26 c:/Users/Water/Documents/CH582M Projects/ContinuousHealthMonitorChip/LIB\libCH58xBLE.a(gap_peripheral.o)
                0x00000000000081f0                GAP_MakePeriodic
 .text.GAP_EndPeriodic
                0x0000000000008216        0xc c:/Users/Water/Documents/CH582M Projects/ContinuousHealthMonitorChip/LIB\libCH58xBLE.a(gap_peripheral.o)
                0x0000000000008216                GAP_EndPeriodic
 .text.GAP_MakeConnecttionlessCTE
                0x0000000000008222       0x1a c:/Users/Water/Documents/CH582M Projects/ContinuousHealthMonitorChip/LIB\libCH58xBLE.a(gap_peripheral.o)
                0x0000000000008222                GAP_MakeConnecttionlessCTE
 .text.GAP_EndConnecttionlessCTE
                0x000000000000823c        0xc c:/Users/Water/Documents/CH582M Projects/ContinuousHealthMonitorChip/LIB\libCH58xBLE.a(gap_peripheral.o)
                0x000000000000823c                GAP_EndConnecttionlessCTE
 .text.GAP_SetAdvertisingAdvData
                0x0000000000008248      0x102 c:/Users/Water/Documents/CH582M Projects/ContinuousHealthMonitorChip/LIB\libCH58xBLE.a(gap_peripheral.o)
                0x0000000000008248                GAP_SetAdvertisingAdvData
 .text.GAP_SetAdvertisingRspData
                0x000000000000834a      0x102 c:/Users/Water/Documents/CH582M Projects/ContinuousHealthMonitorChip/LIB\libCH58xBLE.a(gap_peripheral.o)
                0x000000000000834a                GAP_SetAdvertisingRspData
 .text.GAP_SetPeriodicAdvertisingData
                0x000000000000844c       0xc6 c:/Users/Water/Documents/CH582M Projects/ContinuousHealthMonitorChip/LIB\libCH58xBLE.a(gap_peripheral.o)
                0x000000000000844c                GAP_SetPeriodicAdvertisingData
 .text.GAP_GetAdvertisingAdvData
                0x0000000000008512       0x26 c:/Users/Water/Documents/CH582M Projects/ContinuousHealthMonitorChip/LIB\libCH58xBLE.a(gap_peripheral.o)
                0x0000000000008512                GAP_GetAdvertisingAdvData
 .text.GAP_GetAdvertisingRspData
                0x0000000000008538       0x34 c:/Users/Water/Documents/CH582M Projects/ContinuousHealthMonitorChip/LIB\libCH58xBLE.a(gap_peripheral.o)
                0x0000000000008538                GAP_GetAdvertisingRspData
 .text.GAP_GetPeriodicAdvertisingData
                0x000000000000856c       0x34 c:/Users/Water/Documents/CH582M Projects/ContinuousHealthMonitorChip/LIB\libCH58xBLE.a(gap_peripheral.o)
                0x000000000000856c                GAP_GetPeriodicAdvertisingData
 .text.GAP_PeriConnRegister
                0x00000000000085a0       0x2e c:/Users/Water/Documents/CH582M Projects/ContinuousHealthMonitorChip/LIB\libCH58xBLE.a(gap_peripheral.o)
                0x00000000000085a0                GAP_PeriConnRegister
 .text.GAP_PeripheralParamInit
                0x00000000000085ce       0x6c c:/Users/Water/Documents/CH582M Projects/ContinuousHealthMonitorChip/LIB\libCH58xBLE.a(gap_peripheral.o)
                0x00000000000085ce                GAP_PeripheralParamInit
 .text.gapSendMakeDiscEvent
                0x000000000000863a       0x50 c:/Users/Water/Documents/CH582M Projects/ContinuousHealthMonitorChip/LIB\libCH58xBLE.a(gap_peripheral.o)
                0x000000000000863a                gapSendMakeDiscEvent
 .text.gapWriteAdvEnableStatus
                0x000000000000868a      0x10e c:/Users/Water/Documents/CH582M Projects/ContinuousHealthMonitorChip/LIB\libCH58xBLE.a(gap_peripheral.o)
 .text.gapSendMakePeriodicEvent
                0x0000000000008798       0x3a c:/Users/Water/Documents/CH582M Projects/ContinuousHealthMonitorChip/LIB\libCH58xBLE.a(gap_peripheral.o)
                0x0000000000008798                gapSendMakePeriodicEvent
 .text.gapSendMakeConnectionlessCTEEvent
                0x00000000000087d2       0x3a c:/Users/Water/Documents/CH582M Projects/ContinuousHealthMonitorChip/LIB\libCH58xBLE.a(gap_peripheral.o)
                0x00000000000087d2                gapSendMakeConnectionlessCTEEvent
 .text.gapPeriProcessHCICmdCompleteEvt
                0x000000000000880c      0x22e c:/Users/Water/Documents/CH582M Projects/ContinuousHealthMonitorChip/LIB\libCH58xBLE.a(gap_peripheral.o)
 .text.GAP_PeriDevMgrInit
                0x0000000000008a3a       0x2e c:/Users/Water/Documents/CH582M Projects/ContinuousHealthMonitorChip/LIB\libCH58xBLE.a(gap_peripheral.o)
                0x0000000000008a3a                GAP_PeriDevMgrInit
 .text.ggs_SetAttrWPermit
                0x0000000000008a68       0x68 c:/Users/Water/Documents/CH582M Projects/ContinuousHealthMonitorChip/LIB\libCH58xBLE.a(gapgattserver.o)
 .text.ggs_ReadAttrCB
                0x0000000000008ad0      0x156 c:/Users/Water/Documents/CH582M Projects/ContinuousHealthMonitorChip/LIB\libCH58xBLE.a(gapgattserver.o)
 .text.ggs_WriteAttrCB
                0x0000000000008c26      0x162 c:/Users/Water/Documents/CH582M Projects/ContinuousHealthMonitorChip/LIB\libCH58xBLE.a(gapgattserver.o)
 .text.GGS_ParamInit
                0x0000000000008d88      0x15c c:/Users/Water/Documents/CH582M Projects/ContinuousHealthMonitorChip/LIB\libCH58xBLE.a(gapgattserver.o)
                0x0000000000008d88                GGS_ParamInit
 .text.GGS_SetParameter
                0x0000000000008ee4      0x116 c:/Users/Water/Documents/CH582M Projects/ContinuousHealthMonitorChip/LIB\libCH58xBLE.a(gapgattserver.o)
                0x0000000000008ee4                GGS_SetParameter
 .text.GGS_AddService
                0x0000000000008ffa       0x2c c:/Users/Water/Documents/CH582M Projects/ContinuousHealthMonitorChip/LIB\libCH58xBLE.a(gapgattserver.o)
                0x0000000000008ffa                GGS_AddService
 .text.GAP_DeviceInit
                0x0000000000009026       0xd8 c:/Users/Water/Documents/CH582M Projects/ContinuousHealthMonitorChip/LIB\libCH58xBLE.a(gapgattserver.o)
                0x0000000000009026                GAP_DeviceInit
 .text.gattGetPayload
                0x00000000000090fe       0x7e c:/Users/Water/Documents/CH582M Projects/ContinuousHealthMonitorChip/LIB\libCH58xBLE.a(gatt.o)
                0x00000000000090fe                gattGetPayload
 .text.gattNotifyEvent
                0x000000000000917c       0x84 c:/Users/Water/Documents/CH582M Projects/ContinuousHealthMonitorChip/LIB\libCH58xBLE.a(gatt.o)
                0x000000000000917c                gattNotifyEvent
 .text.gattSendFlowCtrlEvt
                0x0000000000009200       0x50 c:/Users/Water/Documents/CH582M Projects/ContinuousHealthMonitorChip/LIB\libCH58xBLE.a(gatt.o)
                0x0000000000009200                gattSendFlowCtrlEvt
 .text.gattStartTimer
                0x0000000000009250        0xc c:/Users/Water/Documents/CH582M Projects/ContinuousHealthMonitorChip/LIB\libCH58xBLE.a(gatt.o)
                0x0000000000009250                gattStartTimer
 .text.gattStopTimer
                0x000000000000925c       0x32 c:/Users/Water/Documents/CH582M Projects/ContinuousHealthMonitorChip/LIB\libCH58xBLE.a(gatt.o)
                0x000000000000925c                gattStopTimer
 .text.GATT_AppCompletedMsg
                0x000000000000928e       0x30 c:/Users/Water/Documents/CH582M Projects/ContinuousHealthMonitorChip/LIB\libCH58xBLE.a(gatt.o)
                0x000000000000928e                GATT_AppCompletedMsg
 .text.GATT_NotifyEvent
                0x00000000000092be       0x56 c:/Users/Water/Documents/CH582M Projects/ContinuousHealthMonitorChip/LIB\libCH58xBLE.a(gatt.o)
                0x00000000000092be                GATT_NotifyEvent
 .text.gattRegisterServer
                0x0000000000009314        0x6 c:/Users/Water/Documents/CH582M Projects/ContinuousHealthMonitorChip/LIB\libCH58xBLE.a(gatt.o)
                0x0000000000009314                gattRegisterServer
 .text.GATT_UpdateMTU
                0x000000000000931a       0x5a c:/Users/Water/Documents/CH582M Projects/ContinuousHealthMonitorChip/LIB\libCH58xBLE.a(gatt.o)
                0x000000000000931a                GATT_UpdateMTU
 .text.GATT_bm_alloc
                0x0000000000009374       0xe8 c:/Users/Water/Documents/CH582M Projects/ContinuousHealthMonitorChip/LIB\libCH58xBLE.a(gatt.o)
                0x0000000000009374                GATT_bm_alloc
 .text.GATT_ServiceChangedInd
                0x000000000000945c       0x94 c:/Users/Water/Documents/CH582M Projects/ContinuousHealthMonitorChip/LIB\libCH58xBLE.a(gatt.o)
                0x000000000000945c                GATT_ServiceChangedInd
 .text.GATT_bm_free
                0x00000000000094f0       0x1c c:/Users/Water/Documents/CH582M Projects/ContinuousHealthMonitorChip/LIB\libCH58xBLE.a(gatt.o)
                0x00000000000094f0                GATT_bm_free
 .text.GATT_Init
                0x000000000000950c       0x2a c:/Users/Water/Documents/CH582M Projects/ContinuousHealthMonitorChip/LIB\libCH58xBLE.a(gatt.o)
                0x000000000000950c                GATT_Init
 .text.GATT_ProcessEvent
                0x0000000000009536      0x13a c:/Users/Water/Documents/CH582M Projects/ContinuousHealthMonitorChip/LIB\libCH58xBLE.a(gatt.o)
                0x0000000000009536                GATT_ProcessEvent
 .text.gattProcessExchangeMTUReq
                0x0000000000009670        0x4 c:/Users/Water/Documents/CH582M Projects/ContinuousHealthMonitorChip/LIB\libCH58xBLE.a(gattservapp.o)
 .text.gattServApp_FindCharCfgItem
                0x0000000000009674       0x24 c:/Users/Water/Documents/CH582M Projects/ContinuousHealthMonitorChip/LIB\libCH58xBLE.a(gattservapp.o)
 .text.gattServerHandleTimerCB
                0x0000000000009698       0x3c c:/Users/Water/Documents/CH582M Projects/ContinuousHealthMonitorChip/LIB\libCH58xBLE.a(gattservapp.o)
 .text.GATTServApp_InitCharCfg.part.12
                0x00000000000096d4       0x20 c:/Users/Water/Documents/CH582M Projects/ContinuousHealthMonitorChip/LIB\libCH58xBLE.a(gattservapp.o)
 .text.gattProcessExecuteWriteReq
                0x00000000000096f4        0x4 c:/Users/Water/Documents/CH582M Projects/ContinuousHealthMonitorChip/LIB\libCH58xBLE.a(gattservapp.o)
 .text.GATTServApp_ParamInit
                0x00000000000096f8       0xd6 c:/Users/Water/Documents/CH582M Projects/ContinuousHealthMonitorChip/LIB\libCH58xBLE.a(gattservapp.o)
                0x00000000000096f8                GATTServApp_ParamInit
 .text.GATTServApp_ReadCharCfg
                0x00000000000097ce       0x18 c:/Users/Water/Documents/CH582M Projects/ContinuousHealthMonitorChip/LIB\libCH58xBLE.a(gattservapp.o)
                0x00000000000097ce                GATTServApp_ReadCharCfg
 .text.GATTServApp_WriteCharCfg
                0x00000000000097e6       0x3c c:/Users/Water/Documents/CH582M Projects/ContinuousHealthMonitorChip/LIB\libCH58xBLE.a(gattservapp.o)
                0x00000000000097e6                GATTServApp_WriteCharCfg
 .text.GATTServApp_ProcessCCCWriteReq
                0x0000000000009822       0x60 c:/Users/Water/Documents/CH582M Projects/ContinuousHealthMonitorChip/LIB\libCH58xBLE.a(gattservapp.o)
                0x0000000000009822                GATTServApp_ProcessCCCWriteReq
 .text.gattServApp_WriteAttrCB
                0x0000000000009882       0x34 c:/Users/Water/Documents/CH582M Projects/ContinuousHealthMonitorChip/LIB\libCH58xBLE.a(gattservapp.o)
                0x0000000000009882                gattServApp_WriteAttrCB
 .text.GATTServApp_SendCCCUpdatedEvent
                0x00000000000098b6       0x5e c:/Users/Water/Documents/CH582M Projects/ContinuousHealthMonitorChip/LIB\libCH58xBLE.a(gattservapp.o)
                0x00000000000098b6                GATTServApp_SendCCCUpdatedEvent
 .text.GATTServApp_SendServiceChangedInd
                0x0000000000009914       0x36 c:/Users/Water/Documents/CH582M Projects/ContinuousHealthMonitorChip/LIB\libCH58xBLE.a(gattservapp.o)
                0x0000000000009914                GATTServApp_SendServiceChangedInd
 .text.gattServApp_ClearPrepareWriteQ
                0x000000000000994a       0x50 c:/Users/Water/Documents/CH582M Projects/ContinuousHealthMonitorChip/LIB\libCH58xBLE.a(gattservapp.o)
                0x000000000000994a                gattServApp_ClearPrepareWriteQ
 .text.gattServApp_FindPrepareWriteQ
                0x000000000000999a       0x30 c:/Users/Water/Documents/CH582M Projects/ContinuousHealthMonitorChip/LIB\libCH58xBLE.a(gattservapp.o)
                0x000000000000999a                gattServApp_FindPrepareWriteQ
 .text.gattServApp_FindServiceCBs
                0x00000000000099ca       0x18 c:/Users/Water/Documents/CH582M Projects/ContinuousHealthMonitorChip/LIB\libCH58xBLE.a(gattservapp.o)
                0x00000000000099ca                gattServApp_FindServiceCBs
 .text.gattServApp_FindAuthorizeAttrCB
                0x00000000000099e2       0x14 c:/Users/Water/Documents/CH582M Projects/ContinuousHealthMonitorChip/LIB\libCH58xBLE.a(gattservapp.o)
                0x00000000000099e2                gattServApp_FindAuthorizeAttrCB
 .text.gattServApp_IsWriteLong
                0x00000000000099f6       0xea c:/Users/Water/Documents/CH582M Projects/ContinuousHealthMonitorChip/LIB\libCH58xBLE.a(gattservapp.o)
                0x00000000000099f6                gattServApp_IsWriteLong
 .text.gattFindService
                0x0000000000009ae0       0x1c c:/Users/Water/Documents/CH582M Projects/ContinuousHealthMonitorChip/LIB\libCH58xBLE.a(gattservapp.o)
                0x0000000000009ae0                gattFindService
 .text.GATT_ServiceNumAttrs
                0x0000000000009afc       0x16 c:/Users/Water/Documents/CH582M Projects/ContinuousHealthMonitorChip/LIB\libCH58xBLE.a(gattservapp.o)
                0x0000000000009afc                GATT_ServiceNumAttrs
 .text.GATT_ServiceEncKeySize
                0x0000000000009b12       0x18 c:/Users/Water/Documents/CH582M Projects/ContinuousHealthMonitorChip/LIB\libCH58xBLE.a(gattservapp.o)
                0x0000000000009b12                GATT_ServiceEncKeySize
 .text.GATT_VerifyWritePermissions.part.7
                0x0000000000009b2a       0x2c c:/Users/Water/Documents/CH582M Projects/ContinuousHealthMonitorChip/LIB\libCH58xBLE.a(gattservapp.o)
 .text.gattResetServerInfo
                0x0000000000009b56       0x1c c:/Users/Water/Documents/CH582M Projects/ContinuousHealthMonitorChip/LIB\libCH58xBLE.a(gattservapp.o)
                0x0000000000009b56                gattResetServerInfo
 .text.gattFindServerInfo
                0x0000000000009b72       0x2c c:/Users/Water/Documents/CH582M Projects/ContinuousHealthMonitorChip/LIB\libCH58xBLE.a(gattservapp.o)
                0x0000000000009b72                gattFindServerInfo
 .text.gattServerHandleConnStatusCB
                0x0000000000009b9e       0x98 c:/Users/Water/Documents/CH582M Projects/ContinuousHealthMonitorChip/LIB\libCH58xBLE.a(gattservapp.o)
                0x0000000000009b9e                gattServerHandleConnStatusCB
 .text.gattServerProcessMsgCB
                0x0000000000009c36      0x1c0 c:/Users/Water/Documents/CH582M Projects/ContinuousHealthMonitorChip/LIB\libCH58xBLE.a(gattservapp.o)
                0x0000000000009c36                gattServerProcessMsgCB
 .text.gattServerNotifyTxCB
                0x0000000000009df6       0x28 c:/Users/Water/Documents/CH582M Projects/ContinuousHealthMonitorChip/LIB\libCH58xBLE.a(gattservapp.o)
 .text.GATT_FindHandle
                0x0000000000009e1e       0x4a c:/Users/Water/Documents/CH582M Projects/ContinuousHealthMonitorChip/LIB\libCH58xBLE.a(gattservapp.o)
                0x0000000000009e1e                GATT_FindHandle
 .text.GATTServApp_WriteAttr
                0x0000000000009e68       0xa8 c:/Users/Water/Documents/CH582M Projects/ContinuousHealthMonitorChip/LIB\libCH58xBLE.a(gattservapp.o)
                0x0000000000009e68                GATTServApp_WriteAttr
 .text.gattServApp_ProcessExecuteWriteReq
                0x0000000000009f10      0x100 c:/Users/Water/Documents/CH582M Projects/ContinuousHealthMonitorChip/LIB\libCH58xBLE.a(gattservapp.o)
                0x0000000000009f10                gattServApp_ProcessExecuteWriteReq
 .text.GATTServApp_UpdateCharCfg
                0x000000000000a010       0x1e c:/Users/Water/Documents/CH582M Projects/ContinuousHealthMonitorChip/LIB\libCH58xBLE.a(gattservapp.o)
                0x000000000000a010                GATTServApp_UpdateCharCfg
 .text.gattServApp_ProcessPrepareWriteReq
                0x000000000000a02e      0x10e c:/Users/Water/Documents/CH582M Projects/ContinuousHealthMonitorChip/LIB\libCH58xBLE.a(gattservapp.o)
                0x000000000000a02e                gattServApp_ProcessPrepareWriteReq
 .text.gattServApp_ProcessWriteReq
                0x000000000000a13c       0xb0 c:/Users/Water/Documents/CH582M Projects/ContinuousHealthMonitorChip/LIB\libCH58xBLE.a(gattservapp.o)
                0x000000000000a13c                gattServApp_ProcessWriteReq
 .text.GATT_Indication
                0x000000000000a1ec       0xa4 c:/Users/Water/Documents/CH582M Projects/ContinuousHealthMonitorChip/LIB\libCH58xBLE.a(gattservapp.o)
                0x000000000000a1ec                GATT_Indication
 .text.GATT_FindHandleUUID
                0x000000000000a290       0x94 c:/Users/Water/Documents/CH582M Projects/ContinuousHealthMonitorChip/LIB\libCH58xBLE.a(gattservapp.o)
                0x000000000000a290                GATT_FindHandleUUID
 .text.gattProcessReadByGrpTypeReq
                0x000000000000a324       0x60 c:/Users/Water/Documents/CH582M Projects/ContinuousHealthMonitorChip/LIB\libCH58xBLE.a(gattservapp.o)
 .text.gattProcessReadByTypeReq
                0x000000000000a384       0x34 c:/Users/Water/Documents/CH582M Projects/ContinuousHealthMonitorChip/LIB\libCH58xBLE.a(gattservapp.o)
 .text.gattProcessFindByTypeValueReq
                0x000000000000a3b8       0x34 c:/Users/Water/Documents/CH582M Projects/ContinuousHealthMonitorChip/LIB\libCH58xBLE.a(gattservapp.o)
 .text.gattProcessFindInfoReq
                0x000000000000a3ec      0x1aa c:/Users/Water/Documents/CH582M Projects/ContinuousHealthMonitorChip/LIB\libCH58xBLE.a(gattservapp.o)
 .text.GATT_Notification
                0x000000000000a596       0x70 c:/Users/Water/Documents/CH582M Projects/ContinuousHealthMonitorChip/LIB\libCH58xBLE.a(gattservapp.o)
                0x000000000000a596                GATT_Notification
 .text.GATT_VerifyWritePermissions
                0x000000000000a606       0x6a c:/Users/Water/Documents/CH582M Projects/ContinuousHealthMonitorChip/LIB\libCH58xBLE.a(gattservapp.o)
                0x000000000000a606                GATT_VerifyWritePermissions
 .text.gattProcessWriteReq
                0x000000000000a670       0x36 c:/Users/Water/Documents/CH582M Projects/ContinuousHealthMonitorChip/LIB\libCH58xBLE.a(gattservapp.o)
 .text.GATT_VerifyPrepareWritePermissions
                0x000000000000a6a6       0x56 c:/Users/Water/Documents/CH582M Projects/ContinuousHealthMonitorChip/LIB\libCH58xBLE.a(gattservapp.o)
                0x000000000000a6a6                GATT_VerifyPrepareWritePermissions
 .text.gattProcessPrepareWriteReq
                0x000000000000a6fc       0x36 c:/Users/Water/Documents/CH582M Projects/ContinuousHealthMonitorChip/LIB\libCH58xBLE.a(gattservapp.o)
 .text.GATT_FindNextAttr
                0x000000000000a732       0xc2 c:/Users/Water/Documents/CH582M Projects/ContinuousHealthMonitorChip/LIB\libCH58xBLE.a(gattservapp.o)
                0x000000000000a732                GATT_FindNextAttr
 .text.GATTServApp_ReadAttr
                0x000000000000a7f4      0x2ea c:/Users/Water/Documents/CH582M Projects/ContinuousHealthMonitorChip/LIB\libCH58xBLE.a(gattservapp.o)
                0x000000000000a7f4                GATTServApp_ReadAttr
 .text.gattServApp_ProcessReadMultiReq
                0x000000000000aade      0x16e c:/Users/Water/Documents/CH582M Projects/ContinuousHealthMonitorChip/LIB\libCH58xBLE.a(gattservapp.o)
                0x000000000000aade                gattServApp_ProcessReadMultiReq
 .text.gattServApp_ProcessFindByTypeValueReq
                0x000000000000ac4c      0x1a0 c:/Users/Water/Documents/CH582M Projects/ContinuousHealthMonitorChip/LIB\libCH58xBLE.a(gattservapp.o)
                0x000000000000ac4c                gattServApp_ProcessFindByTypeValueReq
 .text.GATT_VerifyReadPermissions
                0x000000000000adec       0x68 c:/Users/Water/Documents/CH582M Projects/ContinuousHealthMonitorChip/LIB\libCH58xBLE.a(gattservapp.o)
                0x000000000000adec                GATT_VerifyReadPermissions
 .text.gattProcessReadMultiReq
                0x000000000000ae54       0xae c:/Users/Water/Documents/CH582M Projects/ContinuousHealthMonitorChip/LIB\libCH58xBLE.a(gattservapp.o)
 .text.gattProcessReadReq
                0x000000000000af02       0x30 c:/Users/Water/Documents/CH582M Projects/ContinuousHealthMonitorChip/LIB\libCH58xBLE.a(gattservapp.o)
 .text.gattServApp_ProcessReadByGrpTypeReq
                0x000000000000af32      0x200 c:/Users/Water/Documents/CH582M Projects/ContinuousHealthMonitorChip/LIB\libCH58xBLE.a(gattservapp.o)
                0x000000000000af32                gattServApp_ProcessReadByGrpTypeReq
 .text.gattServApp_ProcessReadByTypeReq
                0x000000000000b132      0x1ae c:/Users/Water/Documents/CH582M Projects/ContinuousHealthMonitorChip/LIB\libCH58xBLE.a(gattservapp.o)
                0x000000000000b132                gattServApp_ProcessReadByTypeReq
 .text.GATT_RegisterService
                0x000000000000b2e0      0x100 c:/Users/Water/Documents/CH582M Projects/ContinuousHealthMonitorChip/LIB\libCH58xBLE.a(gattservapp.o)
                0x000000000000b2e0                GATT_RegisterService
 .text.GATTServApp_RegisterService
                0x000000000000b3e0       0x7c c:/Users/Water/Documents/CH582M Projects/ContinuousHealthMonitorChip/LIB\libCH58xBLE.a(gattservapp.o)
                0x000000000000b3e0                GATTServApp_RegisterService
 .text.GATTServApp_AddService
                0x000000000000b45c       0x2c c:/Users/Water/Documents/CH582M Projects/ContinuousHealthMonitorChip/LIB\libCH58xBLE.a(gattservapp.o)
                0x000000000000b45c                GATTServApp_AddService
 .text.GATTServApp_RegisterForMsg
                0x000000000000b488        0x6 c:/Users/Water/Documents/CH582M Projects/ContinuousHealthMonitorChip/LIB\libCH58xBLE.a(gattservapp.o)
                0x000000000000b488                GATTServApp_RegisterForMsg
 .text.GATTServApp_InitCharCfg
                0x000000000000b48e       0x28 c:/Users/Water/Documents/CH582M Projects/ContinuousHealthMonitorChip/LIB\libCH58xBLE.a(gattservapp.o)
                0x000000000000b48e                GATTServApp_InitCharCfg
 .text.gattServApp_HandleConnStatusCB
                0x000000000000b4b6       0x74 c:/Users/Water/Documents/CH582M Projects/ContinuousHealthMonitorChip/LIB\libCH58xBLE.a(gattservapp.o)
                0x000000000000b4b6                gattServApp_HandleConnStatusCB
 .text.GATT_InitServer
                0x000000000000b52a       0xfa c:/Users/Water/Documents/CH582M Projects/ContinuousHealthMonitorChip/LIB\libCH58xBLE.a(gattservapp.o)
                0x000000000000b52a                GATT_InitServer
 .text.GATTServApp_Init
                0x000000000000b624       0x34 c:/Users/Water/Documents/CH582M Projects/ContinuousHealthMonitorChip/LIB\libCH58xBLE.a(gattservapp.o)
                0x000000000000b624                GATTServApp_Init
 .text.GATTServApp_ProcessEvent
                0x000000000000b658      0x36a c:/Users/Water/Documents/CH582M Projects/ContinuousHealthMonitorChip/LIB\libCH58xBLE.a(gattservapp.o)
                0x000000000000b658                GATTServApp_ProcessEvent
 .text.l2capAllocConnChannel
                0x000000000000b9c2       0xdc c:/Users/Water/Documents/CH582M Projects/ContinuousHealthMonitorChip/LIB\libCH58xBLE.a(l2cap.o)
                0x000000000000b9c2                l2capAllocConnChannel
 .text.l2capFindLocalCID
                0x000000000000ba9e       0x2c c:/Users/Water/Documents/CH582M Projects/ContinuousHealthMonitorChip/LIB\libCH58xBLE.a(l2cap.o)
                0x000000000000ba9e                l2capFindLocalCID
 .text.l2capFindLocalId
                0x000000000000baca       0x30 c:/Users/Water/Documents/CH582M Projects/ContinuousHealthMonitorChip/LIB\libCH58xBLE.a(l2cap.o)
                0x000000000000baca                l2capFindLocalId
 .text.l2capFindPsm
                0x000000000000bafa       0x2c c:/Users/Water/Documents/CH582M Projects/ContinuousHealthMonitorChip/LIB\libCH58xBLE.a(l2cap.o)
                0x000000000000bafa                l2capFindPsm
 .text.l2capFindRemoteCID
                0x000000000000bb26       0x3c c:/Users/Water/Documents/CH582M Projects/ContinuousHealthMonitorChip/LIB\libCH58xBLE.a(l2cap.o)
                0x000000000000bb26                l2capFindRemoteCID
 .text.l2capFreeChannel
                0x000000000000bb62       0x4e c:/Users/Water/Documents/CH582M Projects/ContinuousHealthMonitorChip/LIB\libCH58xBLE.a(l2cap.o)
                0x000000000000bb62                l2capFreeChannel
 .text.l2capDisconnectChannel
                0x000000000000bbb0       0x28 c:/Users/Water/Documents/CH582M Projects/ContinuousHealthMonitorChip/LIB\libCH58xBLE.a(l2cap.o)
                0x000000000000bbb0                l2capDisconnectChannel
 .text.l2capHandleTimerCB
                0x000000000000bbd8       0x2c c:/Users/Water/Documents/CH582M Projects/ContinuousHealthMonitorChip/LIB\libCH58xBLE.a(l2cap.o)
                0x000000000000bbd8                l2capHandleTimerCB
 .text.l2capFreePendingPkt
                0x000000000000bc04       0x58 c:/Users/Water/Documents/CH582M Projects/ContinuousHealthMonitorChip/LIB\libCH58xBLE.a(l2cap.o)
                0x000000000000bc04                l2capFreePendingPkt
 .text.l2capGetCoChannelInfo
                0x000000000000bc5c       0x82 c:/Users/Water/Documents/CH582M Projects/ContinuousHealthMonitorChip/LIB\libCH58xBLE.a(l2cap.o)
                0x000000000000bc5c                l2capGetCoChannelInfo
 .text.l2capNumActiveChannnels
                0x000000000000bcde       0x44 c:/Users/Water/Documents/CH582M Projects/ContinuousHealthMonitorChip/LIB\libCH58xBLE.a(l2cap.o)
                0x000000000000bcde                l2capNumActiveChannnels
 .text.l2capStartTimer
                0x000000000000bd22       0x1a c:/Users/Water/Documents/CH582M Projects/ContinuousHealthMonitorChip/LIB\libCH58xBLE.a(l2cap.o)
                0x000000000000bd22                l2capStartTimer
 .text.l2capStopTimer
                0x000000000000bd3c       0x1e c:/Users/Water/Documents/CH582M Projects/ContinuousHealthMonitorChip/LIB\libCH58xBLE.a(l2cap.o)
                0x000000000000bd3c                l2capStopTimer
 .text.l2capDisconnectAllChannels
                0x000000000000bd5a       0xdc c:/Users/Water/Documents/CH582M Projects/ContinuousHealthMonitorChip/LIB\libCH58xBLE.a(l2cap.o)
                0x000000000000bd5a                l2capDisconnectAllChannels
 .text.l2capHandleConnStatusCB
                0x000000000000be36       0x3c c:/Users/Water/Documents/CH582M Projects/ContinuousHealthMonitorChip/LIB\libCH58xBLE.a(l2cap.o)
                0x000000000000be36                l2capHandleConnStatusCB
 .text.l2capHandleRxError
                0x000000000000be72        0x6 c:/Users/Water/Documents/CH582M Projects/ContinuousHealthMonitorChip/LIB\libCH58xBLE.a(l2cap.o)
                0x000000000000be72                l2capHandleRxError
 .text.L2CAP_GetMTU
                0x000000000000be78        0x6 c:/Users/Water/Documents/CH582M Projects/ContinuousHealthMonitorChip/LIB\libCH58xBLE.a(l2cap.o)
                0x000000000000be78                L2CAP_GetMTU
 .text.L2CAP_HostNumCompletedPkts
                0x000000000000be7e       0x28 c:/Users/Water/Documents/CH582M Projects/ContinuousHealthMonitorChip/LIB\libCH58xBLE.a(l2cap.o)
                0x000000000000be7e                L2CAP_HostNumCompletedPkts
 .text.L2CAP_ParseConnectReq
                0x000000000000bea6       0x5e c:/Users/Water/Documents/CH582M Projects/ContinuousHealthMonitorChip/LIB\libCH58xBLE.a(l2cap.o)
                0x000000000000bea6                L2CAP_ParseConnectReq
 .text.L2CAP_ParseFlowCtrlCredit
                0x000000000000bf04       0x2e c:/Users/Water/Documents/CH582M Projects/ContinuousHealthMonitorChip/LIB\libCH58xBLE.a(l2cap.o)
                0x000000000000bf04                L2CAP_ParseFlowCtrlCredit
 .text.L2CAP_RegisterApp
                0x000000000000bf32       0x30 c:/Users/Water/Documents/CH582M Projects/ContinuousHealthMonitorChip/LIB\libCH58xBLE.a(l2cap.o)
                0x000000000000bf32                L2CAP_RegisterApp
 .text.L2CAP_SetBufSize
                0x000000000000bf62       0x1e c:/Users/Water/Documents/CH582M Projects/ContinuousHealthMonitorChip/LIB\libCH58xBLE.a(l2cap.o)
                0x000000000000bf62                L2CAP_SetBufSize
 .text.L2CAP_bm_alloc
                0x000000000000bf80       0x2a c:/Users/Water/Documents/CH582M Projects/ContinuousHealthMonitorChip/LIB\libCH58xBLE.a(l2cap.o)
                0x000000000000bf80                L2CAP_bm_alloc
 .text.L2CAP_Init
                0x000000000000bfaa      0x142 c:/Users/Water/Documents/CH582M Projects/ContinuousHealthMonitorChip/LIB\libCH58xBLE.a(l2cap.o)
                0x000000000000bfaa                L2CAP_Init
 .text.L2CAP_ProcessEvent
                0x000000000000c0ec       0xc8 c:/Users/Water/Documents/CH582M Projects/ContinuousHealthMonitorChip/LIB\libCH58xBLE.a(l2cap.o)
                0x000000000000c0ec                L2CAP_ProcessEvent
 .text.l2capParseCmdReject
                0x000000000000c1b4       0x5e c:/Users/Water/Documents/CH582M Projects/ContinuousHealthMonitorChip/LIB\libCH58xBLE.a(l2cap_input.o)
                0x000000000000c1b4                l2capParseCmdReject
 .text.l2capParseDisconnectReq
                0x000000000000c212       0x2e c:/Users/Water/Documents/CH582M Projects/ContinuousHealthMonitorChip/LIB\libCH58xBLE.a(l2cap_input.o)
                0x000000000000c212                l2capParseDisconnectReq
 .text.l2capParseDisconnectRsp
                0x000000000000c240       0x2e c:/Users/Water/Documents/CH582M Projects/ContinuousHealthMonitorChip/LIB\libCH58xBLE.a(l2cap_input.o)
                0x000000000000c240                l2capParseDisconnectRsp
 .text.L2CAP_ParseParamUpdateReq
                0x000000000000c26e       0x4e c:/Users/Water/Documents/CH582M Projects/ContinuousHealthMonitorChip/LIB\libCH58xBLE.a(l2cap_input.o)
                0x000000000000c26e                L2CAP_ParseParamUpdateReq
 .text.l2capParseParamUpdateRsp
                0x000000000000c2bc       0x1e c:/Users/Water/Documents/CH582M Projects/ContinuousHealthMonitorChip/LIB\libCH58xBLE.a(l2cap_input.o)
                0x000000000000c2bc                l2capParseParamUpdateRsp
 .text.l2capProcessConnectReq
                0x000000000000c2da       0xfc c:/Users/Water/Documents/CH582M Projects/ContinuousHealthMonitorChip/LIB\libCH58xBLE.a(l2cap_input.o)
                0x000000000000c2da                l2capProcessConnectReq
 .text.l2capParseConnectRsp
                0x000000000000c3d6       0x5e c:/Users/Water/Documents/CH582M Projects/ContinuousHealthMonitorChip/LIB\libCH58xBLE.a(l2cap_input.o)
                0x000000000000c3d6                l2capParseConnectRsp
 .text.l2capParseSignalHdr
                0x000000000000c434       0x22 c:/Users/Water/Documents/CH582M Projects/ContinuousHealthMonitorChip/LIB\libCH58xBLE.a(l2cap_input.o)
                0x000000000000c434                l2capParseSignalHdr
 .text.l2capParsePacket
                0x000000000000c456       0x8c c:/Users/Water/Documents/CH582M Projects/ContinuousHealthMonitorChip/LIB\libCH58xBLE.a(l2cap_input.o)
                0x000000000000c456                l2capParsePacket
 .text.l2capProcessReq
                0x000000000000c4e2      0x15a c:/Users/Water/Documents/CH582M Projects/ContinuousHealthMonitorChip/LIB\libCH58xBLE.a(l2cap_input.o)
                0x000000000000c4e2                l2capProcessReq
 .text.l2capProcessRsp
                0x000000000000c63c      0x150 c:/Users/Water/Documents/CH582M Projects/ContinuousHealthMonitorChip/LIB\libCH58xBLE.a(l2cap_input.o)
                0x000000000000c63c                l2capProcessRsp
 .text.l2capProcessRxData
                0x000000000000c78c       0xf8 c:/Users/Water/Documents/CH582M Projects/ContinuousHealthMonitorChip/LIB\libCH58xBLE.a(l2cap_input.o)
                0x000000000000c78c                l2capProcessRxData
 .text.l2capNotifyData
                0x000000000000c884       0x5e c:/Users/Water/Documents/CH582M Projects/ContinuousHealthMonitorChip/LIB\libCH58xBLE.a(l2cap_output.o)
                0x000000000000c884                l2capNotifyData
 .text.l2capNotifySignal
                0x000000000000c8e2       0x7a c:/Users/Water/Documents/CH582M Projects/ContinuousHealthMonitorChip/LIB\libCH58xBLE.a(l2cap_output.o)
                0x000000000000c8e2                l2capNotifySignal
 .text.l2capNotifyCreditEvt
                0x000000000000c95c       0xa0 c:/Users/Water/Documents/CH582M Projects/ContinuousHealthMonitorChip/LIB\libCH58xBLE.a(l2cap_output.o)
                0x000000000000c95c                l2capNotifyCreditEvt
 .text.l2capNotifyChannelEstEvt
                0x000000000000c9fc       0x5c c:/Users/Water/Documents/CH582M Projects/ContinuousHealthMonitorChip/LIB\libCH58xBLE.a(l2cap_output.o)
                0x000000000000c9fc                l2capNotifyChannelEstEvt
 .text.l2capNotifyChannelTermEvt
                0x000000000000ca58       0x3e c:/Users/Water/Documents/CH582M Projects/ContinuousHealthMonitorChip/LIB\libCH58xBLE.a(l2cap_output.o)
                0x000000000000ca58                l2capNotifyChannelTermEvt
 .text.l2capNotifyEvent
                0x000000000000ca96       0x66 c:/Users/Water/Documents/CH582M Projects/ContinuousHealthMonitorChip/LIB\libCH58xBLE.a(l2cap_output.o)
                0x000000000000ca96                l2capNotifyEvent
 .text.l2capStoreFCPkt
                0x000000000000cafc       0x32 c:/Users/Water/Documents/CH582M Projects/ContinuousHealthMonitorChip/LIB\libCH58xBLE.a(l2cap_output.o)
                0x000000000000cafc                l2capStoreFCPkt
 .text.l2capFreeTxSDU
                0x000000000000cb2e       0x9e c:/Users/Water/Documents/CH582M Projects/ContinuousHealthMonitorChip/LIB\libCH58xBLE.a(l2cap_output.o)
                0x000000000000cb2e                l2capFreeTxSDU
 .text.l2capReassembleSegment
                0x000000000000cbcc      0x174 c:/Users/Water/Documents/CH582M Projects/ContinuousHealthMonitorChip/LIB\libCH58xBLE.a(l2cap_output.o)
                0x000000000000cbcc                l2capReassembleSegment
 .text.l2capEncapSendData
                0x000000000000cd40       0xec c:/Users/Water/Documents/CH582M Projects/ContinuousHealthMonitorChip/LIB\libCH58xBLE.a(l2cap_output.o)
                0x000000000000cd40                l2capEncapSendData
 .text.l2capSendFCPkt.part.3
                0x000000000000ce2c       0x70 c:/Users/Water/Documents/CH582M Projects/ContinuousHealthMonitorChip/LIB\libCH58xBLE.a(l2cap_output.o)
 .text.l2capSendSegment
                0x000000000000ce9c      0x108 c:/Users/Water/Documents/CH582M Projects/ContinuousHealthMonitorChip/LIB\libCH58xBLE.a(l2cap_output.o)
                0x000000000000ce9c                l2capSendSegment
 .text.l2capSendNextSegment
                0x000000000000cfa4       0xb4 c:/Users/Water/Documents/CH582M Projects/ContinuousHealthMonitorChip/LIB\libCH58xBLE.a(l2cap_output.o)
                0x000000000000cfa4                l2capSendNextSegment
 .text.l2capSendPkt
                0x000000000000d058       0x3a c:/Users/Water/Documents/CH582M Projects/ContinuousHealthMonitorChip/LIB\libCH58xBLE.a(l2cap_output.o)
                0x000000000000d058                l2capSendPkt
 .text.L2CAP_SendData
                0x000000000000d092       0x82 c:/Users/Water/Documents/CH582M Projects/ContinuousHealthMonitorChip/LIB\libCH58xBLE.a(l2cap_output.o)
                0x000000000000d092                L2CAP_SendData
 .text.l2capSendCmd
                0x000000000000d114       0x8a c:/Users/Water/Documents/CH582M Projects/ContinuousHealthMonitorChip/LIB\libCH58xBLE.a(l2cap_output.o)
                0x000000000000d114                l2capSendCmd
 .text.l2capSendReq
                0x000000000000d19e       0xbc c:/Users/Water/Documents/CH582M Projects/ContinuousHealthMonitorChip/LIB\libCH58xBLE.a(l2cap_output.o)
                0x000000000000d19e                l2capSendReq
 .text.l2capBuildDisconnectReq
                0x000000000000d25a       0x28 c:/Users/Water/Documents/CH582M Projects/ContinuousHealthMonitorChip/LIB\libCH58xBLE.a(l2cap_sdu.o)
 .text.l2capBuildParamUpdateReq
                0x000000000000d282       0x4c c:/Users/Water/Documents/CH582M Projects/ContinuousHealthMonitorChip/LIB\libCH58xBLE.a(l2cap_sdu.o)
 .text.l2capBuildParamUpdateRsp
                0x000000000000d2ce       0x16 c:/Users/Water/Documents/CH582M Projects/ContinuousHealthMonitorChip/LIB\libCH58xBLE.a(l2cap_sdu.o)
 .text.l2capBuildConnectRsp
                0x000000000000d2e4       0x5e c:/Users/Water/Documents/CH582M Projects/ContinuousHealthMonitorChip/LIB\libCH58xBLE.a(l2cap_sdu.o)
 .text.l2capBuildCmdReject
                0x000000000000d342       0x62 c:/Users/Water/Documents/CH582M Projects/ContinuousHealthMonitorChip/LIB\libCH58xBLE.a(l2cap_sdu.o)
                0x000000000000d342                l2capBuildCmdReject
 .text.l2capBuildDisconnectRsp
                0x000000000000d3a4       0x28 c:/Users/Water/Documents/CH582M Projects/ContinuousHealthMonitorChip/LIB\libCH58xBLE.a(l2cap_sdu.o)
                0x000000000000d3a4                l2capBuildDisconnectRsp
 .text.l2capSendConnectRsp
                0x000000000000d3cc       0xa6 c:/Users/Water/Documents/CH582M Projects/ContinuousHealthMonitorChip/LIB\libCH58xBLE.a(l2cap_sdu.o)
                0x000000000000d3cc                l2capSendConnectRsp
 .text.L2CAP_CmdReject
                0x000000000000d472       0x12 c:/Users/Water/Documents/CH582M Projects/ContinuousHealthMonitorChip/LIB\libCH58xBLE.a(l2cap_sdu.o)
                0x000000000000d472                L2CAP_CmdReject
 .text.L2CAP_DisconnectReq
                0x000000000000d484       0x2a c:/Users/Water/Documents/CH582M Projects/ContinuousHealthMonitorChip/LIB\libCH58xBLE.a(l2cap_sdu.o)
                0x000000000000d484                L2CAP_DisconnectReq
 .text.L2CAP_ConnParamUpdateReq
                0x000000000000d4ae       0x16 c:/Users/Water/Documents/CH582M Projects/ContinuousHealthMonitorChip/LIB\libCH58xBLE.a(l2cap_sdu.o)
                0x000000000000d4ae                L2CAP_ConnParamUpdateReq
 .text.L2CAP_ConnParamUpdateRsp
                0x000000000000d4c4       0x12 c:/Users/Water/Documents/CH582M Projects/ContinuousHealthMonitorChip/LIB\libCH58xBLE.a(l2cap_sdu.o)
                0x000000000000d4c4                L2CAP_ConnParamUpdateRsp
 .text.reportStatusChange
                0x000000000000d4d6       0x3e c:/Users/Water/Documents/CH582M Projects/ContinuousHealthMonitorChip/LIB\libCH58xBLE.a(linkdb.o)
 .text.linkDB_Init
                0x000000000000d514       0xa0 c:/Users/Water/Documents/CH582M Projects/ContinuousHealthMonitorChip/LIB\libCH58xBLE.a(linkdb.o)
                0x000000000000d514                linkDB_Init
 .text.linkDB_Find
                0x000000000000d5b4       0x30 c:/Users/Water/Documents/CH582M Projects/ContinuousHealthMonitorChip/LIB\libCH58xBLE.a(linkdb.o)
                0x000000000000d5b4                linkDB_Find
 .text.linkDB_Authen
                0x000000000000d5e4       0x5c c:/Users/Water/Documents/CH582M Projects/ContinuousHealthMonitorChip/LIB\libCH58xBLE.a(linkdb.o)
                0x000000000000d5e4                linkDB_Authen
 .text.linkDB_FindByAddr
                0x000000000000d640       0x7e c:/Users/Water/Documents/CH582M Projects/ContinuousHealthMonitorChip/LIB\libCH58xBLE.a(linkdb.o)
                0x000000000000d640                linkDB_FindByAddr
 .text.linkDB_FindFirst
                0x000000000000d6be       0x3c c:/Users/Water/Documents/CH582M Projects/ContinuousHealthMonitorChip/LIB\libCH58xBLE.a(linkdb.o)
                0x000000000000d6be                linkDB_FindFirst
 .text.linkDB_MTU
                0x000000000000d6fa       0x18 c:/Users/Water/Documents/CH582M Projects/ContinuousHealthMonitorChip/LIB\libCH58xBLE.a(linkdb.o)
                0x000000000000d6fa                linkDB_MTU
 .text.linkDB_NumActive
                0x000000000000d712       0x32 c:/Users/Water/Documents/CH582M Projects/ContinuousHealthMonitorChip/LIB\libCH58xBLE.a(linkdb.o)
                0x000000000000d712                linkDB_NumActive
 .text.linkDB_NumConns
                0x000000000000d744        0xa c:/Users/Water/Documents/CH582M Projects/ContinuousHealthMonitorChip/LIB\libCH58xBLE.a(linkdb.o)
                0x000000000000d744                linkDB_NumConns
 .text.linkDB_Register
                0x000000000000d74e       0x28 c:/Users/Water/Documents/CH582M Projects/ContinuousHealthMonitorChip/LIB\libCH58xBLE.a(linkdb.o)
                0x000000000000d74e                linkDB_Register
 .text.linkDB_Remove
                0x000000000000d776       0x4c c:/Users/Water/Documents/CH582M Projects/ContinuousHealthMonitorChip/LIB\libCH58xBLE.a(linkdb.o)
                0x000000000000d776                linkDB_Remove
 .text.linkDB_Role
                0x000000000000d7c2       0x18 c:/Users/Water/Documents/CH582M Projects/ContinuousHealthMonitorChip/LIB\libCH58xBLE.a(linkdb.o)
                0x000000000000d7c2                linkDB_Role
 .text.linkDB_State
                0x000000000000d7da       0x30 c:/Users/Water/Documents/CH582M Projects/ContinuousHealthMonitorChip/LIB\libCH58xBLE.a(linkdb.o)
                0x000000000000d7da                linkDB_State
 .text.linkDB_UpdateMTU
                0x000000000000d80a       0x28 c:/Users/Water/Documents/CH582M Projects/ContinuousHealthMonitorChip/LIB\libCH58xBLE.a(linkdb.o)
                0x000000000000d80a                linkDB_UpdateMTU
 .text.linkDB_PerformFunc
                0x000000000000d832       0x56 c:/Users/Water/Documents/CH582M Projects/ContinuousHealthMonitorChip/LIB\libCH58xBLE.a(linkdb.o)
                0x000000000000d832                linkDB_PerformFunc
 .text.linkDB_PeripheralLinkNum
                0x000000000000d888       0x42 c:/Users/Water/Documents/CH582M Projects/ContinuousHealthMonitorChip/LIB\libCH58xBLE.a(linkdb.o)
                0x000000000000d888                linkDB_PeripheralLinkNum
 .text.linkDB_GetSMEvtID
                0x000000000000d8ca       0x5c c:/Users/Water/Documents/CH582M Projects/ContinuousHealthMonitorChip/LIB\libCH58xBLE.a(linkdb.o)
                0x000000000000d8ca                linkDB_GetSMEvtID
 .text.linkDB_Add
                0x000000000000d926       0xb2 c:/Users/Water/Documents/CH582M Projects/ContinuousHealthMonitorChip/LIB\libCH58xBLE.a(linkdb.o)
                0x000000000000d926                linkDB_Add
 .text.linkDB_GetHandleFromSMEvtID
                0x000000000000d9d8       0x36 c:/Users/Water/Documents/CH582M Projects/ContinuousHealthMonitorChip/LIB\libCH58xBLE.a(linkdb.o)
                0x000000000000d9d8                linkDB_GetHandleFromSMEvtID
 .text.linkDB_GetPairingParam
                0x000000000000da0e       0x72 c:/Users/Water/Documents/CH582M Projects/ContinuousHealthMonitorChip/LIB\libCH58xBLE.a(linkdb.o)
                0x000000000000da0e                linkDB_GetPairingParam
 .text.linkDB_NeedSendKey
                0x000000000000da80       0x48 c:/Users/Water/Documents/CH582M Projects/ContinuousHealthMonitorChip/LIB\libCH58xBLE.a(linkdb.o)
                0x000000000000da80                linkDB_NeedSendKey
 .text.smStartRspTimer
                0x000000000000dac8       0x3a c:/Users/Water/Documents/CH582M Projects/ContinuousHealthMonitorChip/LIB\libCH58xBLE.a(sm.o)
 .text.smStartEncryption
                0x000000000000db02       0xa0 c:/Users/Water/Documents/CH582M Projects/ContinuousHealthMonitorChip/LIB\libCH58xBLE.a(sm.o)
 .text.smFreePairingParams
                0x000000000000dba2       0x7e c:/Users/Water/Documents/CH582M Projects/ContinuousHealthMonitorChip/LIB\libCH58xBLE.a(sm.o)
                0x000000000000dba2                smFreePairingParams
 .text.smEndPairing
                0x000000000000dc20       0x60 c:/Users/Water/Documents/CH582M Projects/ContinuousHealthMonitorChip/LIB\libCH58xBLE.a(sm.o)
                0x000000000000dc20                smEndPairing
 .text.smLinkCheck
                0x000000000000dc80       0x34 c:/Users/Water/Documents/CH582M Projects/ContinuousHealthMonitorChip/LIB\libCH58xBLE.a(sm.o)
                0x000000000000dc80                smLinkCheck
 .text.smNextPairingState
                0x000000000000dcb4       0x58 c:/Users/Water/Documents/CH582M Projects/ContinuousHealthMonitorChip/LIB\libCH58xBLE.a(sm.o)
                0x000000000000dcb4                smNextPairingState
 .text.smProcessEncryptChange
                0x000000000000dd0c       0xf0 c:/Users/Water/Documents/CH582M Projects/ContinuousHealthMonitorChip/LIB\libCH58xBLE.a(sm.o)
                0x000000000000dd0c                smProcessEncryptChange
 .text.smSendSMMsg
                0x000000000000ddfc       0x5c c:/Users/Water/Documents/CH582M Projects/ContinuousHealthMonitorChip/LIB\libCH58xBLE.a(sm.o)
                0x000000000000ddfc                smSendSMMsg
 .text.smSendFailAndEnd
                0x000000000000de58       0x38 c:/Users/Water/Documents/CH582M Projects/ContinuousHealthMonitorChip/LIB\libCH58xBLE.a(sm.o)
                0x000000000000de58                smSendFailAndEnd
 .text.smProcessPairingReq
                0x000000000000de90       0x3c c:/Users/Water/Documents/CH582M Projects/ContinuousHealthMonitorChip/LIB\libCH58xBLE.a(sm.o)
                0x000000000000de90                smProcessPairingReq
 .text.smSetPairingReqRsp
                0x000000000000decc       0x3c c:/Users/Water/Documents/CH582M Projects/ContinuousHealthMonitorChip/LIB\libCH58xBLE.a(sm.o)
                0x000000000000decc                smSetPairingReqRsp
 .text.SM_StartEncryption
                0x000000000000df08       0x16 c:/Users/Water/Documents/CH582M Projects/ContinuousHealthMonitorChip/LIB\libCH58xBLE.a(sm.o)
                0x000000000000df08                SM_StartEncryption
 .text.sm_dhkey
                0x000000000000df1e       0x3a c:/Users/Water/Documents/CH582M Projects/ContinuousHealthMonitorChip/LIB\libCH58xBLE.a(sm.o)
                0x000000000000df1e                sm_dhkey
 .text.sm_c1    0x000000000000df58       0xb4 c:/Users/Water/Documents/CH582M Projects/ContinuousHealthMonitorChip/LIB\libCH58xBLE.a(sm.o)
                0x000000000000df58                sm_c1
 .text.smDetermineKeySize
                0x000000000000e00c       0x20 c:/Users/Water/Documents/CH582M Projects/ContinuousHealthMonitorChip/LIB\libCH58xBLE.a(sm.o)
                0x000000000000e00c                smDetermineKeySize
 .text.smpParsePairingReq
                0x000000000000e02c      0x118 c:/Users/Water/Documents/CH582M Projects/ContinuousHealthMonitorChip/LIB\libCH58xBLE.a(sm.o)
                0x000000000000e02c                smpParsePairingReq
 .text.smpParseEncInfo